Making install in src
Making install in liblzma
Making install in api
 ../../../build-aux/install-sh -c -d '/Users/sanilawijesekara/Documents/gsoc/Root/root-GSOC/root-build/include'
 ../../../build-aux/install-sh -c -d '/Users/sanilawijesekara/Documents/gsoc/Root/root-GSOC/root-build/include/lzma'
 /usr/bin/install -c -m 644  lzma/base.h lzma/bcj.h lzma/block.h lzma/check.h lzma/container.h lzma/delta.h lzma/filter.h lzma/hardware.h lzma/index.h lzma/index_hash.h lzma/lzma12.h lzma/stream_flags.h lzma/version.h lzma/vli.h '/Users/sanilawijesekara/Documents/gsoc/Root/root-GSOC/root-build/include/lzma'
 /usr/bin/install -c -m 644  lzma.h '/Users/sanilawijesekara/Documents/gsoc/Root/root-GSOC/root-build/include/.'
 ../../build-aux/install-sh -c -d '/Users/sanilawijesekara/Documents/gsoc/Root/root-GSOC/root-build/lib'
 ../../build-aux/install-sh -c -d '/Users/sanilawijesekara/Documents/gsoc/Root/root-GSOC/root-build/lib/pkgconfig'
 /bin/sh ../../libtool   --mode=install /usr/bin/install -c   liblzma.la '/Users/sanilawijesekara/Documents/gsoc/Root/root-GSOC/root-build/lib'
 /usr/bin/install -c -m 644 liblzma.pc '/Users/sanilawijesekara/Documents/gsoc/Root/root-GSOC/root-build/lib/pkgconfig'
libtool: install: /usr/bin/install -c .libs/liblzma.lai /Users/sanilawijesekara/Documents/gsoc/Root/root-GSOC/root-build/lib/liblzma.la
libtool: install: /usr/bin/install -c .libs/liblzma.a /Users/sanilawijesekara/Documents/gsoc/Root/root-GSOC/root-build/lib/liblzma.a
libtool: install: chmod 644 /Users/sanilawijesekara/Documents/gsoc/Root/root-GSOC/root-build/lib/liblzma.a
libtool: install: ranlib /Users/sanilawijesekara/Documents/gsoc/Root/root-GSOC/root-build/lib/liblzma.a
Making install in xzdec
 ../../build-aux/install-sh -c -d '/Users/sanilawijesekara/Documents/gsoc/Root/root-GSOC/root-build/bin'
Making install in po
Making install in tests
 build-aux/install-sh -c -d '/Users/sanilawijesekara/Documents/gsoc/Root/root-GSOC/root-build/share/doc/xz'
 build-aux/install-sh -c -d '/Users/sanilawijesekara/Documents/gsoc/Root/root-GSOC/root-build/share/doc/xz/examples'
 build-aux/install-sh -c -d '/Users/sanilawijesekara/Documents/gsoc/Root/root-GSOC/root-build/share/doc/xz/examples_old'
 /usr/bin/install -c -m 644 AUTHORS COPYING COPYING.GPLv2 NEWS README THANKS TODO doc/faq.txt doc/history.txt doc/xz-file-format.txt doc/lzma-file-format.txt '/Users/sanilawijesekara/Documents/gsoc/Root/root-GSOC/root-build/share/doc/xz'
 /usr/bin/install -c -m 644 doc/examples/00_README.txt doc/examples/01_compress_easy.c doc/examples/02_decompress.c doc/examples/03_compress_custom.c doc/examples/04_compress_easy_mt.c doc/examples/Makefile '/Users/sanilawijesekara/Documents/gsoc/Root/root-GSOC/root-build/share/doc/xz/examples'
 /usr/bin/install -c -m 644 doc/examples_old/xz_pipe_comp.c doc/examples_old/xz_pipe_decomp.c '/Users/sanilawijesekara/Documents/gsoc/Root/root-GSOC/root-build/share/doc/xz/examples_old'
