[  3%] Building CXX object src/tbb/CMakeFiles/tbb.dir/address_waiter.cpp.o
[  6%] Building CXX object src/tbb/CMakeFiles/tbb.dir/arena.cpp.o
[ 10%] Building CXX object src/tbb/CMakeFiles/tbb.dir/allocator.cpp.o
[ 13%] Building CXX object src/tbb/CMakeFiles/tbb.dir/concurrent_bounded_queue.cpp.o
[ 17%] Building CXX object src/tbb/CMakeFiles/tbb.dir/dynamic_link.cpp.o
[ 20%] Building CXX object src/tbb/CMakeFiles/tbb.dir/arena_slot.cpp.o
[ 24%] Building CXX object src/tbb/CMakeFiles/tbb.dir/exception.cpp.o
[ 31%] Building CXX object src/tbb/CMakeFiles/tbb.dir/global_control.cpp.o
[ 31%] Building CXX object src/tbb/CMakeFiles/tbb.dir/governor.cpp.o
[ 34%] Building CXX object src/tbb/CMakeFiles/tbb.dir/itt_notify.cpp.o
[ 37%] Building CXX object src/tbb/CMakeFiles/tbb.dir/main.cpp.o
[ 41%] Building CXX object src/tbb/CMakeFiles/tbb.dir/observer_proxy.cpp.o
[ 44%] Building CXX object src/tbb/CMakeFiles/tbb.dir/market.cpp.o
[ 51%] Building CXX object src/tbb/CMakeFiles/tbb.dir/misc.cpp.o
[ 51%] Building CXX object src/tbb/CMakeFiles/tbb.dir/misc_ex.cpp.o
[ 55%] Building CXX object src/tbb/CMakeFiles/tbb.dir/private_server.cpp.o
[ 58%] Building CXX object src/tbb/CMakeFiles/tbb.dir/parallel_pipeline.cpp.o
[ 62%] Building CXX object src/tbb/CMakeFiles/tbb.dir/semaphore.cpp.o
[ 65%] Building CXX object src/tbb/CMakeFiles/tbb.dir/small_object_pool.cpp.o
[ 68%] Building CXX object src/tbb/CMakeFiles/tbb.dir/rtm_rw_mutex.cpp.o
[ 79%] Building CXX object src/tbb/CMakeFiles/tbb.dir/rml_tbb.cpp.o
[ 79%] Building CXX object src/tbb/CMakeFiles/tbb.dir/queuing_rw_mutex.cpp.o
[ 79%] Building CXX object src/tbb/CMakeFiles/tbb.dir/rtm_mutex.cpp.o
[ 82%] Building CXX object src/tbb/CMakeFiles/tbb.dir/profiling.cpp.o
[ 86%] Building CXX object src/tbb/CMakeFiles/tbb.dir/task.cpp.o
[ 89%] Building CXX object src/tbb/CMakeFiles/tbb.dir/task_group_context.cpp.o
[ 93%] Building CXX object src/tbb/CMakeFiles/tbb.dir/task_dispatcher.cpp.o
[ 96%] Building CXX object src/tbb/CMakeFiles/tbb.dir/version.cpp.o
[100%] Linking CXX shared library ../../appleclang_17.0_cxx11_64_release/libtbb.dylib
[100%] Built target tbb
