-- Downloading...
   dst='/Users/sanilawijesekara/Documents/gsoc/Root/root-GSOC/root-build/TBB-prefix/src/oneTBB-2021.9.0.tar.gz'
   timeout='600 seconds'
   inactivity timeout='none'
-- Using src='http://lcgpackages.web.cern.ch/lcgpackages/tarFiles/sources/oneTBB-2021.9.0.tar.gz'
-- [download 100% complete]
-- [download 1% complete]
-- [download 2% complete]
-- [download 5% complete]
-- [download 6% complete]
-- [download 9% complete]
-- [download 12% complete]
-- [download 15% complete]
-- [download 17% complete]
-- [download 19% complete]
-- [download 20% complete]
-- [download 21% complete]
-- [download 23% complete]
-- [download 25% complete]
-- [download 27% complete]
-- [download 28% complete]
-- [download 30% complete]
-- [download 31% complete]
-- [download 33% complete]
-- [download 35% complete]
-- [download 37% complete]
-- [download 38% complete]
-- [download 40% complete]
-- [download 41% complete]
-- [download 42% complete]
-- [download 43% complete]
-- [download 45% complete]
-- [download 47% complete]
-- [download 49% complete]
-- [download 50% complete]
-- [download 51% complete]
-- [download 52% complete]
-- [download 53% complete]
-- [download 55% complete]
-- [download 56% complete]
-- [download 57% complete]
-- [download 59% complete]
-- [download 60% complete]
-- [download 62% complete]
-- [download 63% complete]
-- [download 64% complete]
-- [download 66% complete]
-- [download 67% complete]
-- [download 69% complete]
-- [download 71% complete]
-- [download 73% complete]
-- [download 74% complete]
-- [download 75% complete]
-- [download 76% complete]
-- [download 78% complete]
-- [download 79% complete]
-- [download 81% complete]
-- [download 82% complete]
-- [download 83% complete]
-- [download 84% complete]
-- [download 85% complete]
-- [download 86% complete]
-- [download 87% complete]
-- [download 88% complete]
-- [download 90% complete]
-- [download 92% complete]
-- [download 94% complete]
-- [download 96% complete]
-- [download 98% complete]
-- [download 99% complete]
-- [download 100% complete]
-- verifying file...
       file='/Users/sanilawijesekara/Documents/gsoc/Root/root-GSOC/root-build/TBB-prefix/src/oneTBB-2021.9.0.tar.gz'
-- Downloading... done
-- extracting...
     src='/Users/sanilawijesekara/Documents/gsoc/Root/root-GSOC/root-build/TBB-prefix/src/oneTBB-2021.9.0.tar.gz'
     dst='/Users/sanilawijesekara/Documents/gsoc/Root/root-GSOC/root-build/TBB-prefix/src/TBB'
-- extracting... [tar xf]
-- extracting... [analysis]
-- extracting... [rename]
-- extracting... [clean up]
-- extracting... done
