Performing Curl Test HAVE_FSETXATTR_5 failed with the following output:
Change Dir: '/Users/sanilawijesekara/Documents/gsoc/Root/root-GSOC/root-build/builtins/davix/DAVIX-prefix/src/DAVIX-build/deps/curl/CMakeFiles/CMakeTmp'

Run Build Command(s): /opt/homebrew/bin/cmake -E env VERBOSE=1 /usr/bin/make -f Makefile cmTC_1e16d/fast
/Library/Developer/CommandLineTools/usr/bin/make  -f CMakeFiles/cmTC_1e16d.dir/build.make CMakeFiles/cmTC_1e16d.dir/build
Building C object CMakeFiles/cmTC_1e16d.dir/CurlTests.c.o
/usr/bin/cc   -DHAVE_FSETXATTR_5  -DHAVE_STDIO_H -DHAVE_INTTYPES_H -DHAVE_SYS_FILIO_H -DHAVE_SYS_IOCTL_H -DHAVE_SYS_PARAM_H -DHAVE_SYS_POLL_H -DHAVE_SYS_RESOURCE_H -DHAVE_SYS_SELECT_H -DHAVE_SYS_SOCKET_H -DHAVE_SYS_SOCKIO_H -DHAVE_SYS_STAT_H -DHAVE_SYS_TIME_H -DHAVE_SYS_TYPES_H -DHAVE_SYS_UIO_H -DHAVE_SYS_UN_H -DHAVE_SYS_XATTR_H -DHAVE_ALLOCA_H -DHAVE_ARPA_INET_H -DHAVE_ARPA_TFTP_H -DHAVE_ASSERT_H -DHAVE_ERR_H -DHAVE_ERRNO_H -DHAVE_FCNTL_H -DHAVE_IFADDRS_H -DHAVE_LIBGEN_H -DHAVE_LOCALE_H -DHAVE_NET_IF_H -DHAVE_NETDB_H -DHAVE_NETINET_IN_H -DHAVE_NETINET_TCP_H -DHAVE_POLL_H -DHAVE_PWD_H -DHAVE_SETJMP_H -DHAVE_SGTTY_H -DHAVE_SIGNAL_H -DHAVE_STDBOOL_H -DHAVE_STDINT_H -DHAVE_STDIO_H -DHAVE_STDLIB_H -DHAVE_STRING_H -DHAVE_STRINGS_H -DHAVE_TERMIOS_H -DHAVE_TIME_H -DHAVE_UNISTD_H -DHAVE_UTIME_H -DHAVE_STDDEF_H -DHAVE_DLFCN_H -DHAVE_MEMORY_H -DHAVE_NETINET_IF_ETHER_H -DHAVE_STDINT_H -DHAVE_SYS_UTSNAME_H -arch arm64 -fPIE -MD -MT CMakeFiles/cmTC_1e16d.dir/CurlTests.c.o -MF CMakeFiles/cmTC_1e16d.dir/CurlTests.c.o.d -o CMakeFiles/cmTC_1e16d.dir/CurlTests.c.o -c /Users/sanilawijesekara/Documents/gsoc/Root/root-GSOC/root-build/builtins/davix/DAVIX-prefix/src/DAVIX/deps/curl/CMake/CurlTests.c
/Users/sanilawijesekara/Documents/gsoc/Root/root-GSOC/root-build/builtins/davix/DAVIX-prefix/src/DAVIX/deps/curl/CMake/CurlTests.c:552:26: error: too few arguments to function call, expected 6, have 5
  552 |   fsetxattr(0, 0, 0, 0, 0);
      |   ~~~~~~~~~              ^
/Library/Developer/CommandLineTools/SDKs/MacOSX.sdk/usr/include/sys/xattr.h:71:5: note: 'fsetxattr' declared here
   71 | int fsetxattr(int fd, const char *name, const void *value, size_t size, u_int32_t position, int options);
      |     ^         ~~~~~~~~~~~~~~~~~~~~~~~~~~~~~~~~~~~~~~~~~~~~~~~~~~~~~~~~~~~~~~~~~~~~~~~~~~~~~~~~~~~~~~~~~
1 error generated.
make[7]: *** [CMakeFiles/cmTC_1e16d.dir/CurlTests.c.o] Error 1
make[6]: *** [cmTC_1e16d/fast] Error 2


Performing Curl Test HAVE_IOCTLSOCKET failed with the following output:
Change Dir: '/Users/sanilawijesekara/Documents/gsoc/Root/root-GSOC/root-build/builtins/davix/DAVIX-prefix/src/DAVIX-build/deps/curl/CMakeFiles/CMakeTmp'

Run Build Command(s): /opt/homebrew/bin/cmake -E env VERBOSE=1 /usr/bin/make -f Makefile cmTC_bd336/fast
/Library/Developer/CommandLineTools/usr/bin/make  -f CMakeFiles/cmTC_bd336.dir/build.make CMakeFiles/cmTC_bd336.dir/build
Building C object CMakeFiles/cmTC_bd336.dir/CurlTests.c.o
/usr/bin/cc   -DHAVE_IOCTLSOCKET  -DHAVE_STDIO_H -DHAVE_INTTYPES_H -DHAVE_SYS_FILIO_H -DHAVE_SYS_IOCTL_H -DHAVE_SYS_PARAM_H -DHAVE_SYS_POLL_H -DHAVE_SYS_RESOURCE_H -DHAVE_SYS_SELECT_H -DHAVE_SYS_SOCKET_H -DHAVE_SYS_SOCKIO_H -DHAVE_SYS_STAT_H -DHAVE_SYS_TIME_H -DHAVE_SYS_TYPES_H -DHAVE_SYS_UIO_H -DHAVE_SYS_UN_H -DHAVE_SYS_XATTR_H -DHAVE_ALLOCA_H -DHAVE_ARPA_INET_H -DHAVE_ARPA_TFTP_H -DHAVE_ASSERT_H -DHAVE_ERR_H -DHAVE_ERRNO_H -DHAVE_FCNTL_H -DHAVE_IFADDRS_H -DHAVE_LIBGEN_H -DHAVE_LOCALE_H -DHAVE_NET_IF_H -DHAVE_NETDB_H -DHAVE_NETINET_IN_H -DHAVE_NETINET_TCP_H -DHAVE_POLL_H -DHAVE_PWD_H -DHAVE_SETJMP_H -DHAVE_SGTTY_H -DHAVE_SIGNAL_H -DHAVE_STDBOOL_H -DHAVE_STDINT_H -DHAVE_STDIO_H -DHAVE_STDLIB_H -DHAVE_STRING_H -DHAVE_STRINGS_H -DHAVE_TERMIOS_H -DHAVE_TIME_H -DHAVE_UNISTD_H -DHAVE_UTIME_H -DHAVE_STDDEF_H -DHAVE_DLFCN_H -DHAVE_MEMORY_H -DHAVE_NETINET_IF_ETHER_H -DHAVE_STDINT_H -DHAVE_SYS_UTSNAME_H -arch arm64 -fPIE -MD -MT CMakeFiles/cmTC_bd336.dir/CurlTests.c.o -MF CMakeFiles/cmTC_bd336.dir/CurlTests.c.o.d -o CMakeFiles/cmTC_bd336.dir/CurlTests.c.o -c /Users/sanilawijesekara/Documents/gsoc/Root/root-GSOC/root-build/builtins/davix/DAVIX-prefix/src/DAVIX/deps/curl/CMake/CurlTests.c
/Users/sanilawijesekara/Documents/gsoc/Root/root-GSOC/root-build/builtins/davix/DAVIX-prefix/src/DAVIX/deps/curl/CMake/CurlTests.c:326:24: error: call to undeclared function 'ioctlsocket'; ISO C99 and later do not support implicit function declarations [-Wimplicit-function-declaration]
  326 |  unsigned long flags = ioctlsocket(socket, FIONBIO, &flags);
      |                        ^
/Users/sanilawijesekara/Documents/gsoc/Root/root-GSOC/root-build/builtins/davix/DAVIX-prefix/src/DAVIX/deps/curl/CMake/CurlTests.c:326:44: error: use of undeclared identifier 'FIONBIO'
  326 |  unsigned long flags = ioctlsocket(socket, FIONBIO, &flags);
      |                                            ^
2 errors generated.
make[7]: *** [CMakeFiles/cmTC_bd336.dir/CurlTests.c.o] Error 1
make[6]: *** [cmTC_bd336/fast] Error 2


Performing Curl Test HAVE_IOCTLSOCKET_CAMEL failed with the following output:
Change Dir: '/Users/sanilawijesekara/Documents/gsoc/Root/root-GSOC/root-build/builtins/davix/DAVIX-prefix/src/DAVIX-build/deps/curl/CMakeFiles/CMakeTmp'

Run Build Command(s): /opt/homebrew/bin/cmake -E env VERBOSE=1 /usr/bin/make -f Makefile cmTC_aeaa3/fast
/Library/Developer/CommandLineTools/usr/bin/make  -f CMakeFiles/cmTC_aeaa3.dir/build.make CMakeFiles/cmTC_aeaa3.dir/build
Building C object CMakeFiles/cmTC_aeaa3.dir/CurlTests.c.o
/usr/bin/cc   -DHAVE_IOCTLSOCKET_CAMEL  -DHAVE_STDIO_H -DHAVE_INTTYPES_H -DHAVE_SYS_FILIO_H -DHAVE_SYS_IOCTL_H -DHAVE_SYS_PARAM_H -DHAVE_SYS_POLL_H -DHAVE_SYS_RESOURCE_H -DHAVE_SYS_SELECT_H -DHAVE_SYS_SOCKET_H -DHAVE_SYS_SOCKIO_H -DHAVE_SYS_STAT_H -DHAVE_SYS_TIME_H -DHAVE_SYS_TYPES_H -DHAVE_SYS_UIO_H -DHAVE_SYS_UN_H -DHAVE_SYS_XATTR_H -DHAVE_ALLOCA_H -DHAVE_ARPA_INET_H -DHAVE_ARPA_TFTP_H -DHAVE_ASSERT_H -DHAVE_ERR_H -DHAVE_ERRNO_H -DHAVE_FCNTL_H -DHAVE_IFADDRS_H -DHAVE_LIBGEN_H -DHAVE_LOCALE_H -DHAVE_NET_IF_H -DHAVE_NETDB_H -DHAVE_NETINET_IN_H -DHAVE_NETINET_TCP_H -DHAVE_POLL_H -DHAVE_PWD_H -DHAVE_SETJMP_H -DHAVE_SGTTY_H -DHAVE_SIGNAL_H -DHAVE_STDBOOL_H -DHAVE_STDINT_H -DHAVE_STDIO_H -DHAVE_STDLIB_H -DHAVE_STRING_H -DHAVE_STRINGS_H -DHAVE_TERMIOS_H -DHAVE_TIME_H -DHAVE_UNISTD_H -DHAVE_UTIME_H -DHAVE_STDDEF_H -DHAVE_DLFCN_H -DHAVE_MEMORY_H -DHAVE_NETINET_IF_ETHER_H -DHAVE_STDINT_H -DHAVE_SYS_UTSNAME_H -arch arm64 -fPIE -MD -MT CMakeFiles/cmTC_aeaa3.dir/CurlTests.c.o -MF CMakeFiles/cmTC_aeaa3.dir/CurlTests.c.o.d -o CMakeFiles/cmTC_aeaa3.dir/CurlTests.c.o -c /Users/sanilawijesekara/Documents/gsoc/Root/root-GSOC/root-build/builtins/davix/DAVIX-prefix/src/DAVIX/deps/curl/CMake/CurlTests.c
/Users/sanilawijesekara/Documents/gsoc/Root/root-GSOC/root-build/builtins/davix/DAVIX-prefix/src/DAVIX/deps/curl/CMake/CurlTests.c:354:13: error: call to undeclared function 'IoctlSocket'; ISO C99 and later do not support implicit function declarations [-Wimplicit-function-declaration]
  354 |     if(0 != IoctlSocket(0, 0, 0))
      |             ^
1 error generated.
make[7]: *** [CMakeFiles/cmTC_aeaa3.dir/CurlTests.c.o] Error 1
make[6]: *** [cmTC_aeaa3/fast] Error 2


Performing Curl Test HAVE_IOCTLSOCKET_CAMEL_FIONBIO failed with the following output:
Change Dir: '/Users/sanilawijesekara/Documents/gsoc/Root/root-GSOC/root-build/builtins/davix/DAVIX-prefix/src/DAVIX-build/deps/curl/CMakeFiles/CMakeTmp'

Run Build Command(s): /opt/homebrew/bin/cmake -E env VERBOSE=1 /usr/bin/make -f Makefile cmTC_8d257/fast
/Library/Developer/CommandLineTools/usr/bin/make  -f CMakeFiles/cmTC_8d257.dir/build.make CMakeFiles/cmTC_8d257.dir/build
Building C object CMakeFiles/cmTC_8d257.dir/CurlTests.c.o
/usr/bin/cc   -DHAVE_IOCTLSOCKET_CAMEL_FIONBIO  -DHAVE_STDIO_H -DHAVE_INTTYPES_H -DHAVE_SYS_FILIO_H -DHAVE_SYS_IOCTL_H -DHAVE_SYS_PARAM_H -DHAVE_SYS_POLL_H -DHAVE_SYS_RESOURCE_H -DHAVE_SYS_SELECT_H -DHAVE_SYS_SOCKET_H -DHAVE_SYS_SOCKIO_H -DHAVE_SYS_STAT_H -DHAVE_SYS_TIME_H -DHAVE_SYS_TYPES_H -DHAVE_SYS_UIO_H -DHAVE_SYS_UN_H -DHAVE_SYS_XATTR_H -DHAVE_ALLOCA_H -DHAVE_ARPA_INET_H -DHAVE_ARPA_TFTP_H -DHAVE_ASSERT_H -DHAVE_ERR_H -DHAVE_ERRNO_H -DHAVE_FCNTL_H -DHAVE_IFADDRS_H -DHAVE_LIBGEN_H -DHAVE_LOCALE_H -DHAVE_NET_IF_H -DHAVE_NETDB_H -DHAVE_NETINET_IN_H -DHAVE_NETINET_TCP_H -DHAVE_POLL_H -DHAVE_PWD_H -DHAVE_SETJMP_H -DHAVE_SGTTY_H -DHAVE_SIGNAL_H -DHAVE_STDBOOL_H -DHAVE_STDINT_H -DHAVE_STDIO_H -DHAVE_STDLIB_H -DHAVE_STRING_H -DHAVE_STRINGS_H -DHAVE_TERMIOS_H -DHAVE_TIME_H -DHAVE_UNISTD_H -DHAVE_UTIME_H -DHAVE_STDDEF_H -DHAVE_DLFCN_H -DHAVE_MEMORY_H -DHAVE_NETINET_IF_ETHER_H -DHAVE_STDINT_H -DHAVE_SYS_UTSNAME_H -arch arm64 -fPIE -MD -MT CMakeFiles/cmTC_8d257.dir/CurlTests.c.o -MF CMakeFiles/cmTC_8d257.dir/CurlTests.c.o.d -o CMakeFiles/cmTC_8d257.dir/CurlTests.c.o -c /Users/sanilawijesekara/Documents/gsoc/Root/root-GSOC/root-build/builtins/davix/DAVIX-prefix/src/DAVIX/deps/curl/CMake/CurlTests.c
/Users/sanilawijesekara/Documents/gsoc/Root/root-GSOC/root-build/builtins/davix/DAVIX-prefix/src/DAVIX/deps/curl/CMake/CurlTests.c:382:17: error: call to undeclared function 'ioctlsocket'; ISO C99 and later do not support implicit function declarations [-Wimplicit-function-declaration]
  382 |         if(0 != ioctlsocket(0, FIONBIO, &flags))
      |                 ^
/Users/sanilawijesekara/Documents/gsoc/Root/root-GSOC/root-build/builtins/davix/DAVIX-prefix/src/DAVIX/deps/curl/CMake/CurlTests.c:382:32: error: use of undeclared identifier 'FIONBIO'
  382 |         if(0 != ioctlsocket(0, FIONBIO, &flags))
      |                                ^
2 errors generated.
make[7]: *** [CMakeFiles/cmTC_8d257.dir/CurlTests.c.o] Error 1
make[6]: *** [cmTC_8d257/fast] Error 2


Performing Curl Test HAVE_IOCTLSOCKET_FIONBIO failed with the following output:
Change Dir: '/Users/sanilawijesekara/Documents/gsoc/Root/root-GSOC/root-build/builtins/davix/DAVIX-prefix/src/DAVIX-build/deps/curl/CMakeFiles/CMakeTmp'

Run Build Command(s): /opt/homebrew/bin/cmake -E env VERBOSE=1 /usr/bin/make -f Makefile cmTC_21582/fast
/Library/Developer/CommandLineTools/usr/bin/make  -f CMakeFiles/cmTC_21582.dir/build.make CMakeFiles/cmTC_21582.dir/build
Building C object CMakeFiles/cmTC_21582.dir/CurlTests.c.o
/usr/bin/cc   -DHAVE_IOCTLSOCKET_FIONBIO  -DHAVE_STDIO_H -DHAVE_INTTYPES_H -DHAVE_SYS_FILIO_H -DHAVE_SYS_IOCTL_H -DHAVE_SYS_PARAM_H -DHAVE_SYS_POLL_H -DHAVE_SYS_RESOURCE_H -DHAVE_SYS_SELECT_H -DHAVE_SYS_SOCKET_H -DHAVE_SYS_SOCKIO_H -DHAVE_SYS_STAT_H -DHAVE_SYS_TIME_H -DHAVE_SYS_TYPES_H -DHAVE_SYS_UIO_H -DHAVE_SYS_UN_H -DHAVE_SYS_XATTR_H -DHAVE_ALLOCA_H -DHAVE_ARPA_INET_H -DHAVE_ARPA_TFTP_H -DHAVE_ASSERT_H -DHAVE_ERR_H -DHAVE_ERRNO_H -DHAVE_FCNTL_H -DHAVE_IFADDRS_H -DHAVE_LIBGEN_H -DHAVE_LOCALE_H -DHAVE_NET_IF_H -DHAVE_NETDB_H -DHAVE_NETINET_IN_H -DHAVE_NETINET_TCP_H -DHAVE_POLL_H -DHAVE_PWD_H -DHAVE_SETJMP_H -DHAVE_SGTTY_H -DHAVE_SIGNAL_H -DHAVE_STDBOOL_H -DHAVE_STDINT_H -DHAVE_STDIO_H -DHAVE_STDLIB_H -DHAVE_STRING_H -DHAVE_STRINGS_H -DHAVE_TERMIOS_H -DHAVE_TIME_H -DHAVE_UNISTD_H -DHAVE_UTIME_H -DHAVE_STDDEF_H -DHAVE_DLFCN_H -DHAVE_MEMORY_H -DHAVE_NETINET_IF_ETHER_H -DHAVE_STDINT_H -DHAVE_SYS_UTSNAME_H -arch arm64 -fPIE -MD -MT CMakeFiles/cmTC_21582.dir/CurlTests.c.o -MF CMakeFiles/cmTC_21582.dir/CurlTests.c.o.d -o CMakeFiles/cmTC_21582.dir/CurlTests.c.o -c /Users/sanilawijesekara/Documents/gsoc/Root/root-GSOC/root-build/builtins/davix/DAVIX-prefix/src/DAVIX/deps/curl/CMake/CurlTests.c
/Users/sanilawijesekara/Documents/gsoc/Root/root-GSOC/root-build/builtins/davix/DAVIX-prefix/src/DAVIX/deps/curl/CMake/CurlTests.c:409:17: error: call to undeclared function 'ioctlsocket'; ISO C99 and later do not support implicit function declarations [-Wimplicit-function-declaration]
  409 |         if(0 != ioctlsocket(0, FIONBIO, &flags))
      |                 ^
/Users/sanilawijesekara/Documents/gsoc/Root/root-GSOC/root-build/builtins/davix/DAVIX-prefix/src/DAVIX/deps/curl/CMake/CurlTests.c:409:32: error: use of undeclared identifier 'FIONBIO'
  409 |         if(0 != ioctlsocket(0, FIONBIO, &flags))
      |                                ^
2 errors generated.
make[7]: *** [CMakeFiles/cmTC_21582.dir/CurlTests.c.o] Error 1
make[6]: *** [cmTC_21582/fast] Error 2


Performing Curl Test HAVE_SETSOCKOPT_SO_NONBLOCK failed with the following output:
Change Dir: '/Users/sanilawijesekara/Documents/gsoc/Root/root-GSOC/root-build/builtins/davix/DAVIX-prefix/src/DAVIX-build/deps/curl/CMakeFiles/CMakeTmp'

Run Build Command(s): /opt/homebrew/bin/cmake -E env VERBOSE=1 /usr/bin/make -f Makefile cmTC_0fb31/fast
/Library/Developer/CommandLineTools/usr/bin/make  -f CMakeFiles/cmTC_0fb31.dir/build.make CMakeFiles/cmTC_0fb31.dir/build
Building C object CMakeFiles/cmTC_0fb31.dir/CurlTests.c.o
/usr/bin/cc   -DHAVE_SETSOCKOPT_SO_NONBLOCK  -DHAVE_STDIO_H -DHAVE_INTTYPES_H -DHAVE_SYS_FILIO_H -DHAVE_SYS_IOCTL_H -DHAVE_SYS_PARAM_H -DHAVE_SYS_POLL_H -DHAVE_SYS_RESOURCE_H -DHAVE_SYS_SELECT_H -DHAVE_SYS_SOCKET_H -DHAVE_SYS_SOCKIO_H -DHAVE_SYS_STAT_H -DHAVE_SYS_TIME_H -DHAVE_SYS_TYPES_H -DHAVE_SYS_UIO_H -DHAVE_SYS_UN_H -DHAVE_SYS_XATTR_H -DHAVE_ALLOCA_H -DHAVE_ARPA_INET_H -DHAVE_ARPA_TFTP_H -DHAVE_ASSERT_H -DHAVE_ERR_H -DHAVE_ERRNO_H -DHAVE_FCNTL_H -DHAVE_IFADDRS_H -DHAVE_LIBGEN_H -DHAVE_LOCALE_H -DHAVE_NET_IF_H -DHAVE_NETDB_H -DHAVE_NETINET_IN_H -DHAVE_NETINET_TCP_H -DHAVE_POLL_H -DHAVE_PWD_H -DHAVE_SETJMP_H -DHAVE_SGTTY_H -DHAVE_SIGNAL_H -DHAVE_STDBOOL_H -DHAVE_STDINT_H -DHAVE_STDIO_H -DHAVE_STDLIB_H -DHAVE_STRING_H -DHAVE_STRINGS_H -DHAVE_TERMIOS_H -DHAVE_TIME_H -DHAVE_UNISTD_H -DHAVE_UTIME_H -DHAVE_STDDEF_H -DHAVE_DLFCN_H -DHAVE_MEMORY_H -DHAVE_NETINET_IF_ETHER_H -DHAVE_STDINT_H -DHAVE_SYS_UTSNAME_H -arch arm64 -fPIE -MD -MT CMakeFiles/cmTC_0fb31.dir/CurlTests.c.o -MF CMakeFiles/cmTC_0fb31.dir/CurlTests.c.o.d -o CMakeFiles/cmTC_0fb31.dir/CurlTests.c.o -c /Users/sanilawijesekara/Documents/gsoc/Root/root-GSOC/root-build/builtins/davix/DAVIX-prefix/src/DAVIX/deps/curl/CMake/CurlTests.c
/Users/sanilawijesekara/Documents/gsoc/Root/root-GSOC/root-build/builtins/davix/DAVIX-prefix/src/DAVIX/deps/curl/CMake/CurlTests.c:505:43: error: use of undeclared identifier 'SO_NONBLOCK'
  505 |         if(0 != setsockopt(0, SOL_SOCKET, SO_NONBLOCK, 0, 0))
      |                                           ^
1 error generated.
make[7]: *** [CMakeFiles/cmTC_0fb31.dir/CurlTests.c.o] Error 1
make[6]: *** [cmTC_0fb31/fast] Error 2


Performing Curl Test HAVE_O_NONBLOCK failed with the following output:
Change Dir: '/Users/sanilawijesekara/Documents/gsoc/Root/root-GSOC/root-build/builtins/davix/DAVIX-prefix/src/DAVIX-build/deps/curl/CMakeFiles/CMakeTmp'

Run Build Command(s): /opt/homebrew/bin/cmake -E env VERBOSE=1 /usr/bin/make -f Makefile cmTC_2006f/fast
/Library/Developer/CommandLineTools/usr/bin/make  -f CMakeFiles/cmTC_2006f.dir/build.make CMakeFiles/cmTC_2006f.dir/build
Building C object CMakeFiles/cmTC_2006f.dir/CurlTests.c.o
/usr/bin/cc   -DHAVE_O_NONBLOCK  -DHAVE_STDIO_H -DHAVE_INTTYPES_H -DHAVE_SYS_FILIO_H -DHAVE_SYS_IOCTL_H -DHAVE_SYS_PARAM_H -DHAVE_SYS_POLL_H -DHAVE_SYS_RESOURCE_H -DHAVE_SYS_SELECT_H -DHAVE_SYS_SOCKET_H -DHAVE_SYS_SOCKIO_H -DHAVE_SYS_STAT_H -DHAVE_SYS_TIME_H -DHAVE_SYS_TYPES_H -DHAVE_SYS_UIO_H -DHAVE_SYS_UN_H -DHAVE_SYS_XATTR_H -DHAVE_ALLOCA_H -DHAVE_ARPA_INET_H -DHAVE_ARPA_TFTP_H -DHAVE_ASSERT_H -DHAVE_ERR_H -DHAVE_ERRNO_H -DHAVE_FCNTL_H -DHAVE_IFADDRS_H -DHAVE_LIBGEN_H -DHAVE_LOCALE_H -DHAVE_NET_IF_H -DHAVE_NETDB_H -DHAVE_NETINET_IN_H -DHAVE_NETINET_TCP_H -DHAVE_POLL_H -DHAVE_PWD_H -DHAVE_SETJMP_H -DHAVE_SGTTY_H -DHAVE_SIGNAL_H -DHAVE_STDBOOL_H -DHAVE_STDINT_H -DHAVE_STDIO_H -DHAVE_STDLIB_H -DHAVE_STRING_H -DHAVE_STRINGS_H -DHAVE_TERMIOS_H -DHAVE_TIME_H -DHAVE_UNISTD_H -DHAVE_UTIME_H -DHAVE_STDDEF_H -DHAVE_DLFCN_H -DHAVE_MEMORY_H -DHAVE_NETINET_IF_ETHER_H -DHAVE_STDINT_H -DHAVE_SYS_UTSNAME_H -arch arm64 -fPIE -MD -MT CMakeFiles/cmTC_2006f.dir/CurlTests.c.o -MF CMakeFiles/cmTC_2006f.dir/CurlTests.c.o.d -o CMakeFiles/cmTC_2006f.dir/CurlTests.c.o -c /Users/sanilawijesekara/Documents/gsoc/Root/root-GSOC/root-build/builtins/davix/DAVIX-prefix/src/DAVIX/deps/curl/CMake/CurlTests.c
Linking C executable cmTC_2006f
/opt/homebrew/bin/cmake -E cmake_link_script CMakeFiles/cmTC_2006f.dir/link.txt --verbose=1
Undefined symbols for architecture arm64:
  "_main", referenced from:
      <initial-undefines>
ld: symbol(s) not found for architecture arm64
clang: error: linker command failed with exit code 1 (use -v to see invocation)
/usr/bin/cc   -DHAVE_O_NONBLOCK  -DHAVE_STDIO_H -DHAVE_INTTYPES_H -DHAVE_SYS_FILIO_H -DHAVE_SYS_IOCTL_H -DHAVE_SYS_PARAM_H -DHAVE_SYS_POLL_H -DHAVE_SYS_RESOURCE_H -DHAVE_SYS_SELECT_H -DHAVE_SYS_SOCKET_H -DHAVE_SYS_SOCKIO_H -DHAVE_SYS_STAT_H -DHAVE_SYS_TIME_H -DHAVE_SYS_TYPES_H -DHAVE_SYS_UIO_H -DHAVE_SYS_UN_H -DHAVE_SYS_XATTR_H -DHAVE_ALLOCA_H -DHAVE_ARPA_INET_H -DHAVE_ARPA_TFTP_H -DHAVE_ASSERT_H -DHAVE_ERR_H -DHAVE_ERRNO_H -DHAVE_FCNTL_H -DHAVE_IFADDRS_H -DHAVE_LIBGEN_H -DHAVE_LOCALE_H -DHAVE_NET_IF_H -DHAVE_NETDB_H -DHAVE_NETINET_IN_H -DHAVE_NETINET_TCP_H -DHAVE_POLL_H -DHAVE_PWD_H -DHAVE_SETJMP_H -DHAVE_SGTTY_H -DHAVE_SIGNAL_H -DHAVE_STDBOOL_H -DHAVE_STDINT_H -DHAVE_STDIO_H -DHAVE_STDLIB_H -DHAVE_STRING_H -DHAVE_STRINGS_H -DHAVE_TERMIOS_H -DHAVE_TIME_H -DHAVE_UNISTD_H -DHAVE_UTIME_H -DHAVE_STDDEF_H -DHAVE_DLFCN_H -DHAVE_MEMORY_H -DHAVE_NETINET_IF_ETHER_H -DHAVE_STDINT_H -DHAVE_SYS_UTSNAME_H -arch arm64 -Wl,-search_paths_first -Wl,-headerpad_max_install_names CMakeFiles/cmTC_2006f.dir/CurlTests.c.o -o cmTC_2006f
make[7]: *** [cmTC_2006f] Error 1
make[6]: *** [cmTC_2006f/fast] Error 2


Performing Curl Test HAVE_GETHOSTBYADDR_R_5 failed with the following output:
Change Dir: '/Users/sanilawijesekara/Documents/gsoc/Root/root-GSOC/root-build/builtins/davix/DAVIX-prefix/src/DAVIX-build/deps/curl/CMakeFiles/CMakeTmp'

Run Build Command(s): /opt/homebrew/bin/cmake -E env VERBOSE=1 /usr/bin/make -f Makefile cmTC_e7e10/fast
/Library/Developer/CommandLineTools/usr/bin/make  -f CMakeFiles/cmTC_e7e10.dir/build.make CMakeFiles/cmTC_e7e10.dir/build
Building C object CMakeFiles/cmTC_e7e10.dir/CurlTests.c.o
/usr/bin/cc   -DHAVE_GETHOSTBYADDR_R_5  -DHAVE_STDIO_H -DHAVE_INTTYPES_H -DHAVE_SYS_FILIO_H -DHAVE_SYS_IOCTL_H -DHAVE_SYS_PARAM_H -DHAVE_SYS_POLL_H -DHAVE_SYS_RESOURCE_H -DHAVE_SYS_SELECT_H -DHAVE_SYS_SOCKET_H -DHAVE_SYS_SOCKIO_H -DHAVE_SYS_STAT_H -DHAVE_SYS_TIME_H -DHAVE_SYS_TYPES_H -DHAVE_SYS_UIO_H -DHAVE_SYS_UN_H -DHAVE_SYS_XATTR_H -DHAVE_ALLOCA_H -DHAVE_ARPA_INET_H -DHAVE_ARPA_TFTP_H -DHAVE_ASSERT_H -DHAVE_ERR_H -DHAVE_ERRNO_H -DHAVE_FCNTL_H -DHAVE_IFADDRS_H -DHAVE_LIBGEN_H -DHAVE_LOCALE_H -DHAVE_NET_IF_H -DHAVE_NETDB_H -DHAVE_NETINET_IN_H -DHAVE_NETINET_TCP_H -DHAVE_POLL_H -DHAVE_PWD_H -DHAVE_SETJMP_H -DHAVE_SGTTY_H -DHAVE_SIGNAL_H -DHAVE_STDBOOL_H -DHAVE_STDINT_H -DHAVE_STDIO_H -DHAVE_STDLIB_H -DHAVE_STRING_H -DHAVE_STRINGS_H -DHAVE_TERMIOS_H -DHAVE_TIME_H -DHAVE_UNISTD_H -DHAVE_UTIME_H -DHAVE_STDDEF_H -DHAVE_DLFCN_H -DHAVE_MEMORY_H -DHAVE_NETINET_IF_ETHER_H -DHAVE_STDINT_H -DHAVE_SYS_UTSNAME_H -arch arm64 -fPIE -MD -MT CMakeFiles/cmTC_e7e10.dir/CurlTests.c.o -MF CMakeFiles/cmTC_e7e10.dir/CurlTests.c.o.d -o CMakeFiles/cmTC_e7e10.dir/CurlTests.c.o -c /Users/sanilawijesekara/Documents/gsoc/Root/root-GSOC/root-build/builtins/davix/DAVIX-prefix/src/DAVIX/deps/curl/CMake/CurlTests.c
/Users/sanilawijesekara/Documents/gsoc/Root/root-GSOC/root-build/builtins/davix/DAVIX-prefix/src/DAVIX/deps/curl/CMake/CurlTests.c:106:23: error: variable has incomplete type 'struct hostent_data'
  106 |   struct hostent_data hdata;
      |                       ^
/Users/sanilawijesekara/Documents/gsoc/Root/root-GSOC/root-build/builtins/davix/DAVIX-prefix/src/DAVIX/deps/curl/CMake/CurlTests.c:106:10: note: forward declaration of 'struct hostent_data'
  106 |   struct hostent_data hdata;
      |          ^
/Users/sanilawijesekara/Documents/gsoc/Root/root-GSOC/root-build/builtins/davix/DAVIX-prefix/src/DAVIX/deps/curl/CMake/CurlTests.c:122:9: error: use of undeclared identifier 'gethostbyaddr_r'
  122 |   (void)gethostbyaddr_r;
      |         ^
/Users/sanilawijesekara/Documents/gsoc/Root/root-GSOC/root-build/builtins/davix/DAVIX-prefix/src/DAVIX/deps/curl/CMake/CurlTests.c:127:8: error: call to undeclared function 'gethostbyaddr_r'; ISO C99 and later do not support implicit function declarations [-Wimplicit-function-declaration]
  127 |   rc = gethostbyaddr_r(address, length, type, &h, &hdata);
      |        ^
/Users/sanilawijesekara/Documents/gsoc/Root/root-GSOC/root-build/builtins/davix/DAVIX-prefix/src/DAVIX/deps/curl/CMake/CurlTests.c:127:8: note: did you mean 'gethostbyaddr'?
/Library/Developer/CommandLineTools/SDKs/MacOSX.sdk/usr/include/netdb.h:274:17: note: 'gethostbyaddr' declared here
  274 | struct hostent  *gethostbyaddr(const void *, socklen_t, int);
      |                  ^
3 errors generated.
make[7]: *** [CMakeFiles/cmTC_e7e10.dir/CurlTests.c.o] Error 1
make[6]: *** [cmTC_e7e10/fast] Error 2


Performing Curl Test HAVE_GETHOSTBYADDR_R_7 failed with the following output:
Change Dir: '/Users/sanilawijesekara/Documents/gsoc/Root/root-GSOC/root-build/builtins/davix/DAVIX-prefix/src/DAVIX-build/deps/curl/CMakeFiles/CMakeTmp'

Run Build Command(s): /opt/homebrew/bin/cmake -E env VERBOSE=1 /usr/bin/make -f Makefile cmTC_5242f/fast
/Library/Developer/CommandLineTools/usr/bin/make  -f CMakeFiles/cmTC_5242f.dir/build.make CMakeFiles/cmTC_5242f.dir/build
Building C object CMakeFiles/cmTC_5242f.dir/CurlTests.c.o
/usr/bin/cc   -DHAVE_GETHOSTBYADDR_R_7  -DHAVE_STDIO_H -DHAVE_INTTYPES_H -DHAVE_SYS_FILIO_H -DHAVE_SYS_IOCTL_H -DHAVE_SYS_PARAM_H -DHAVE_SYS_POLL_H -DHAVE_SYS_RESOURCE_H -DHAVE_SYS_SELECT_H -DHAVE_SYS_SOCKET_H -DHAVE_SYS_SOCKIO_H -DHAVE_SYS_STAT_H -DHAVE_SYS_TIME_H -DHAVE_SYS_TYPES_H -DHAVE_SYS_UIO_H -DHAVE_SYS_UN_H -DHAVE_SYS_XATTR_H -DHAVE_ALLOCA_H -DHAVE_ARPA_INET_H -DHAVE_ARPA_TFTP_H -DHAVE_ASSERT_H -DHAVE_ERR_H -DHAVE_ERRNO_H -DHAVE_FCNTL_H -DHAVE_IFADDRS_H -DHAVE_LIBGEN_H -DHAVE_LOCALE_H -DHAVE_NET_IF_H -DHAVE_NETDB_H -DHAVE_NETINET_IN_H -DHAVE_NETINET_TCP_H -DHAVE_POLL_H -DHAVE_PWD_H -DHAVE_SETJMP_H -DHAVE_SGTTY_H -DHAVE_SIGNAL_H -DHAVE_STDBOOL_H -DHAVE_STDINT_H -DHAVE_STDIO_H -DHAVE_STDLIB_H -DHAVE_STRING_H -DHAVE_STRINGS_H -DHAVE_TERMIOS_H -DHAVE_TIME_H -DHAVE_UNISTD_H -DHAVE_UTIME_H -DHAVE_STDDEF_H -DHAVE_DLFCN_H -DHAVE_MEMORY_H -DHAVE_NETINET_IF_ETHER_H -DHAVE_STDINT_H -DHAVE_SYS_UTSNAME_H -arch arm64 -fPIE -MD -MT CMakeFiles/cmTC_5242f.dir/CurlTests.c.o -MF CMakeFiles/cmTC_5242f.dir/CurlTests.c.o.d -o CMakeFiles/cmTC_5242f.dir/CurlTests.c.o -c /Users/sanilawijesekara/Documents/gsoc/Root/root-GSOC/root-build/builtins/davix/DAVIX-prefix/src/DAVIX/deps/curl/CMake/CurlTests.c
/Users/sanilawijesekara/Documents/gsoc/Root/root-GSOC/root-build/builtins/davix/DAVIX-prefix/src/DAVIX/deps/curl/CMake/CurlTests.c:122:9: error: use of undeclared identifier 'gethostbyaddr_r'
  122 |   (void)gethostbyaddr_r;
      |         ^
/Users/sanilawijesekara/Documents/gsoc/Root/root-GSOC/root-build/builtins/davix/DAVIX-prefix/src/DAVIX/deps/curl/CMake/CurlTests.c:131:8: error: call to undeclared function 'gethostbyaddr_r'; ISO C99 and later do not support implicit function declarations [-Wimplicit-function-declaration]
  131 |   hp = gethostbyaddr_r(address, length, type, &h, buffer, 8192, &h_errnop);
      |        ^
/Users/sanilawijesekara/Documents/gsoc/Root/root-GSOC/root-build/builtins/davix/DAVIX-prefix/src/DAVIX/deps/curl/CMake/CurlTests.c:131:8: note: did you mean 'gethostbyaddr'?
/Library/Developer/CommandLineTools/SDKs/MacOSX.sdk/usr/include/netdb.h:274:17: note: 'gethostbyaddr' declared here
  274 | struct hostent  *gethostbyaddr(const void *, socklen_t, int);
      |                  ^
/Users/sanilawijesekara/Documents/gsoc/Root/root-GSOC/root-build/builtins/davix/DAVIX-prefix/src/DAVIX/deps/curl/CMake/CurlTests.c:131:6: error: incompatible integer to pointer conversion assigning to 'struct hostent *' from 'int' [-Wint-conversion]
  131 |   hp = gethostbyaddr_r(address, length, type, &h, buffer, 8192, &h_errnop);
      |      ^ ~~~~~~~~~~~~~~~~~~~~~~~~~~~~~~~~~~~~~~~~~~~~~~~~~~~~~~~~~~~~~~~~~~~
3 errors generated.
make[7]: *** [CMakeFiles/cmTC_5242f.dir/CurlTests.c.o] Error 1
make[6]: *** [cmTC_5242f/fast] Error 2


Performing Curl Test HAVE_GETHOSTBYADDR_R_8 failed with the following output:
Change Dir: '/Users/sanilawijesekara/Documents/gsoc/Root/root-GSOC/root-build/builtins/davix/DAVIX-prefix/src/DAVIX-build/deps/curl/CMakeFiles/CMakeTmp'

Run Build Command(s): /opt/homebrew/bin/cmake -E env VERBOSE=1 /usr/bin/make -f Makefile cmTC_5b7b5/fast
/Library/Developer/CommandLineTools/usr/bin/make  -f CMakeFiles/cmTC_5b7b5.dir/build.make CMakeFiles/cmTC_5b7b5.dir/build
Building C object CMakeFiles/cmTC_5b7b5.dir/CurlTests.c.o
/usr/bin/cc   -DHAVE_GETHOSTBYADDR_R_8  -DHAVE_STDIO_H -DHAVE_INTTYPES_H -DHAVE_SYS_FILIO_H -DHAVE_SYS_IOCTL_H -DHAVE_SYS_PARAM_H -DHAVE_SYS_POLL_H -DHAVE_SYS_RESOURCE_H -DHAVE_SYS_SELECT_H -DHAVE_SYS_SOCKET_H -DHAVE_SYS_SOCKIO_H -DHAVE_SYS_STAT_H -DHAVE_SYS_TIME_H -DHAVE_SYS_TYPES_H -DHAVE_SYS_UIO_H -DHAVE_SYS_UN_H -DHAVE_SYS_XATTR_H -DHAVE_ALLOCA_H -DHAVE_ARPA_INET_H -DHAVE_ARPA_TFTP_H -DHAVE_ASSERT_H -DHAVE_ERR_H -DHAVE_ERRNO_H -DHAVE_FCNTL_H -DHAVE_IFADDRS_H -DHAVE_LIBGEN_H -DHAVE_LOCALE_H -DHAVE_NET_IF_H -DHAVE_NETDB_H -DHAVE_NETINET_IN_H -DHAVE_NETINET_TCP_H -DHAVE_POLL_H -DHAVE_PWD_H -DHAVE_SETJMP_H -DHAVE_SGTTY_H -DHAVE_SIGNAL_H -DHAVE_STDBOOL_H -DHAVE_STDINT_H -DHAVE_STDIO_H -DHAVE_STDLIB_H -DHAVE_STRING_H -DHAVE_STRINGS_H -DHAVE_TERMIOS_H -DHAVE_TIME_H -DHAVE_UNISTD_H -DHAVE_UTIME_H -DHAVE_STDDEF_H -DHAVE_DLFCN_H -DHAVE_MEMORY_H -DHAVE_NETINET_IF_ETHER_H -DHAVE_STDINT_H -DHAVE_SYS_UTSNAME_H -arch arm64 -fPIE -MD -MT CMakeFiles/cmTC_5b7b5.dir/CurlTests.c.o -MF CMakeFiles/cmTC_5b7b5.dir/CurlTests.c.o.d -o CMakeFiles/cmTC_5b7b5.dir/CurlTests.c.o -c /Users/sanilawijesekara/Documents/gsoc/Root/root-GSOC/root-build/builtins/davix/DAVIX-prefix/src/DAVIX/deps/curl/CMake/CurlTests.c
/Users/sanilawijesekara/Documents/gsoc/Root/root-GSOC/root-build/builtins/davix/DAVIX-prefix/src/DAVIX/deps/curl/CMake/CurlTests.c:122:9: error: use of undeclared identifier 'gethostbyaddr_r'
  122 |   (void)gethostbyaddr_r;
      |         ^
/Users/sanilawijesekara/Documents/gsoc/Root/root-GSOC/root-build/builtins/davix/DAVIX-prefix/src/DAVIX/deps/curl/CMake/CurlTests.c:135:8: error: call to undeclared function 'gethostbyaddr_r'; ISO C99 and later do not support implicit function declarations [-Wimplicit-function-declaration]
  135 |   rc = gethostbyaddr_r(address, length, type, &h, buffer, 8192, &hp, &h_errnop);
      |        ^
/Users/sanilawijesekara/Documents/gsoc/Root/root-GSOC/root-build/builtins/davix/DAVIX-prefix/src/DAVIX/deps/curl/CMake/CurlTests.c:135:8: note: did you mean 'gethostbyaddr'?
/Library/Developer/CommandLineTools/SDKs/MacOSX.sdk/usr/include/netdb.h:274:17: note: 'gethostbyaddr' declared here
  274 | struct hostent  *gethostbyaddr(const void *, socklen_t, int);
      |                  ^
2 errors generated.
make[7]: *** [CMakeFiles/cmTC_5b7b5.dir/CurlTests.c.o] Error 1
make[6]: *** [cmTC_5b7b5/fast] Error 2


Performing Curl Test HAVE_GETHOSTBYADDR_R_5_REENTRANT failed with the following output:
Change Dir: '/Users/sanilawijesekara/Documents/gsoc/Root/root-GSOC/root-build/builtins/davix/DAVIX-prefix/src/DAVIX-build/deps/curl/CMakeFiles/CMakeTmp'

Run Build Command(s): /opt/homebrew/bin/cmake -E env VERBOSE=1 /usr/bin/make -f Makefile cmTC_feb46/fast
/Library/Developer/CommandLineTools/usr/bin/make  -f CMakeFiles/cmTC_feb46.dir/build.make CMakeFiles/cmTC_feb46.dir/build
Building C object CMakeFiles/cmTC_feb46.dir/CurlTests.c.o
/usr/bin/cc   -DHAVE_GETHOSTBYADDR_R_5_REENTRANT  -DHAVE_STDIO_H -DHAVE_INTTYPES_H -DHAVE_SYS_FILIO_H -DHAVE_SYS_IOCTL_H -DHAVE_SYS_PARAM_H -DHAVE_SYS_POLL_H -DHAVE_SYS_RESOURCE_H -DHAVE_SYS_SELECT_H -DHAVE_SYS_SOCKET_H -DHAVE_SYS_SOCKIO_H -DHAVE_SYS_STAT_H -DHAVE_SYS_TIME_H -DHAVE_SYS_TYPES_H -DHAVE_SYS_UIO_H -DHAVE_SYS_UN_H -DHAVE_SYS_XATTR_H -DHAVE_ALLOCA_H -DHAVE_ARPA_INET_H -DHAVE_ARPA_TFTP_H -DHAVE_ASSERT_H -DHAVE_ERR_H -DHAVE_ERRNO_H -DHAVE_FCNTL_H -DHAVE_IFADDRS_H -DHAVE_LIBGEN_H -DHAVE_LOCALE_H -DHAVE_NET_IF_H -DHAVE_NETDB_H -DHAVE_NETINET_IN_H -DHAVE_NETINET_TCP_H -DHAVE_POLL_H -DHAVE_PWD_H -DHAVE_SETJMP_H -DHAVE_SGTTY_H -DHAVE_SIGNAL_H -DHAVE_STDBOOL_H -DHAVE_STDINT_H -DHAVE_STDIO_H -DHAVE_STDLIB_H -DHAVE_STRING_H -DHAVE_STRINGS_H -DHAVE_TERMIOS_H -DHAVE_TIME_H -DHAVE_UNISTD_H -DHAVE_UTIME_H -DHAVE_STDDEF_H -DHAVE_DLFCN_H -DHAVE_MEMORY_H -DHAVE_NETINET_IF_ETHER_H -DHAVE_STDINT_H -DHAVE_SYS_UTSNAME_H -arch arm64 -fPIE -MD -MT CMakeFiles/cmTC_feb46.dir/CurlTests.c.o -MF CMakeFiles/cmTC_feb46.dir/CurlTests.c.o.d -o CMakeFiles/cmTC_feb46.dir/CurlTests.c.o -c /Users/sanilawijesekara/Documents/gsoc/Root/root-GSOC/root-build/builtins/davix/DAVIX-prefix/src/DAVIX/deps/curl/CMake/CurlTests.c
/Users/sanilawijesekara/Documents/gsoc/Root/root-GSOC/root-build/builtins/davix/DAVIX-prefix/src/DAVIX/deps/curl/CMake/CurlTests.c:106:23: error: variable has incomplete type 'struct hostent_data'
  106 |   struct hostent_data hdata;
      |                       ^
/Users/sanilawijesekara/Documents/gsoc/Root/root-GSOC/root-build/builtins/davix/DAVIX-prefix/src/DAVIX/deps/curl/CMake/CurlTests.c:106:10: note: forward declaration of 'struct hostent_data'
  106 |   struct hostent_data hdata;
      |          ^
/Users/sanilawijesekara/Documents/gsoc/Root/root-GSOC/root-build/builtins/davix/DAVIX-prefix/src/DAVIX/deps/curl/CMake/CurlTests.c:122:9: error: use of undeclared identifier 'gethostbyaddr_r'
  122 |   (void)gethostbyaddr_r;
      |         ^
/Users/sanilawijesekara/Documents/gsoc/Root/root-GSOC/root-build/builtins/davix/DAVIX-prefix/src/DAVIX/deps/curl/CMake/CurlTests.c:127:8: error: call to undeclared function 'gethostbyaddr_r'; ISO C99 and later do not support implicit function declarations [-Wimplicit-function-declaration]
  127 |   rc = gethostbyaddr_r(address, length, type, &h, &hdata);
      |        ^
/Users/sanilawijesekara/Documents/gsoc/Root/root-GSOC/root-build/builtins/davix/DAVIX-prefix/src/DAVIX/deps/curl/CMake/CurlTests.c:127:8: note: did you mean 'gethostbyaddr'?
/Library/Developer/CommandLineTools/SDKs/MacOSX.sdk/usr/include/netdb.h:274:17: note: 'gethostbyaddr' declared here
  274 | struct hostent  *gethostbyaddr(const void *, socklen_t, int);
      |                  ^
3 errors generated.
make[7]: *** [CMakeFiles/cmTC_feb46.dir/CurlTests.c.o] Error 1
make[6]: *** [cmTC_feb46/fast] Error 2


Performing Curl Test HAVE_GETHOSTBYADDR_R_7_REENTRANT failed with the following output:
Change Dir: '/Users/sanilawijesekara/Documents/gsoc/Root/root-GSOC/root-build/builtins/davix/DAVIX-prefix/src/DAVIX-build/deps/curl/CMakeFiles/CMakeTmp'

Run Build Command(s): /opt/homebrew/bin/cmake -E env VERBOSE=1 /usr/bin/make -f Makefile cmTC_96b9e/fast
/Library/Developer/CommandLineTools/usr/bin/make  -f CMakeFiles/cmTC_96b9e.dir/build.make CMakeFiles/cmTC_96b9e.dir/build
Building C object CMakeFiles/cmTC_96b9e.dir/CurlTests.c.o
/usr/bin/cc   -DHAVE_GETHOSTBYADDR_R_7_REENTRANT  -DHAVE_STDIO_H -DHAVE_INTTYPES_H -DHAVE_SYS_FILIO_H -DHAVE_SYS_IOCTL_H -DHAVE_SYS_PARAM_H -DHAVE_SYS_POLL_H -DHAVE_SYS_RESOURCE_H -DHAVE_SYS_SELECT_H -DHAVE_SYS_SOCKET_H -DHAVE_SYS_SOCKIO_H -DHAVE_SYS_STAT_H -DHAVE_SYS_TIME_H -DHAVE_SYS_TYPES_H -DHAVE_SYS_UIO_H -DHAVE_SYS_UN_H -DHAVE_SYS_XATTR_H -DHAVE_ALLOCA_H -DHAVE_ARPA_INET_H -DHAVE_ARPA_TFTP_H -DHAVE_ASSERT_H -DHAVE_ERR_H -DHAVE_ERRNO_H -DHAVE_FCNTL_H -DHAVE_IFADDRS_H -DHAVE_LIBGEN_H -DHAVE_LOCALE_H -DHAVE_NET_IF_H -DHAVE_NETDB_H -DHAVE_NETINET_IN_H -DHAVE_NETINET_TCP_H -DHAVE_POLL_H -DHAVE_PWD_H -DHAVE_SETJMP_H -DHAVE_SGTTY_H -DHAVE_SIGNAL_H -DHAVE_STDBOOL_H -DHAVE_STDINT_H -DHAVE_STDIO_H -DHAVE_STDLIB_H -DHAVE_STRING_H -DHAVE_STRINGS_H -DHAVE_TERMIOS_H -DHAVE_TIME_H -DHAVE_UNISTD_H -DHAVE_UTIME_H -DHAVE_STDDEF_H -DHAVE_DLFCN_H -DHAVE_MEMORY_H -DHAVE_NETINET_IF_ETHER_H -DHAVE_STDINT_H -DHAVE_SYS_UTSNAME_H -arch arm64 -fPIE -MD -MT CMakeFiles/cmTC_96b9e.dir/CurlTests.c.o -MF CMakeFiles/cmTC_96b9e.dir/CurlTests.c.o.d -o CMakeFiles/cmTC_96b9e.dir/CurlTests.c.o -c /Users/sanilawijesekara/Documents/gsoc/Root/root-GSOC/root-build/builtins/davix/DAVIX-prefix/src/DAVIX/deps/curl/CMake/CurlTests.c
/Users/sanilawijesekara/Documents/gsoc/Root/root-GSOC/root-build/builtins/davix/DAVIX-prefix/src/DAVIX/deps/curl/CMake/CurlTests.c:122:9: error: use of undeclared identifier 'gethostbyaddr_r'
  122 |   (void)gethostbyaddr_r;
      |         ^
/Users/sanilawijesekara/Documents/gsoc/Root/root-GSOC/root-build/builtins/davix/DAVIX-prefix/src/DAVIX/deps/curl/CMake/CurlTests.c:131:8: error: call to undeclared function 'gethostbyaddr_r'; ISO C99 and later do not support implicit function declarations [-Wimplicit-function-declaration]
  131 |   hp = gethostbyaddr_r(address, length, type, &h, buffer, 8192, &h_errnop);
      |        ^
/Users/sanilawijesekara/Documents/gsoc/Root/root-GSOC/root-build/builtins/davix/DAVIX-prefix/src/DAVIX/deps/curl/CMake/CurlTests.c:131:8: note: did you mean 'gethostbyaddr'?
/Library/Developer/CommandLineTools/SDKs/MacOSX.sdk/usr/include/netdb.h:274:17: note: 'gethostbyaddr' declared here
  274 | struct hostent  *gethostbyaddr(const void *, socklen_t, int);
      |                  ^
/Users/sanilawijesekara/Documents/gsoc/Root/root-GSOC/root-build/builtins/davix/DAVIX-prefix/src/DAVIX/deps/curl/CMake/CurlTests.c:131:6: error: incompatible integer to pointer conversion assigning to 'struct hostent *' from 'int' [-Wint-conversion]
  131 |   hp = gethostbyaddr_r(address, length, type, &h, buffer, 8192, &h_errnop);
      |      ^ ~~~~~~~~~~~~~~~~~~~~~~~~~~~~~~~~~~~~~~~~~~~~~~~~~~~~~~~~~~~~~~~~~~~
3 errors generated.
make[7]: *** [CMakeFiles/cmTC_96b9e.dir/CurlTests.c.o] Error 1
make[6]: *** [cmTC_96b9e/fast] Error 2


Performing Curl Test HAVE_GETHOSTBYADDR_R_8_REENTRANT failed with the following output:
Change Dir: '/Users/sanilawijesekara/Documents/gsoc/Root/root-GSOC/root-build/builtins/davix/DAVIX-prefix/src/DAVIX-build/deps/curl/CMakeFiles/CMakeTmp'

Run Build Command(s): /opt/homebrew/bin/cmake -E env VERBOSE=1 /usr/bin/make -f Makefile cmTC_d0c62/fast
/Library/Developer/CommandLineTools/usr/bin/make  -f CMakeFiles/cmTC_d0c62.dir/build.make CMakeFiles/cmTC_d0c62.dir/build
Building C object CMakeFiles/cmTC_d0c62.dir/CurlTests.c.o
/usr/bin/cc   -DHAVE_GETHOSTBYADDR_R_8_REENTRANT  -DHAVE_STDIO_H -DHAVE_INTTYPES_H -DHAVE_SYS_FILIO_H -DHAVE_SYS_IOCTL_H -DHAVE_SYS_PARAM_H -DHAVE_SYS_POLL_H -DHAVE_SYS_RESOURCE_H -DHAVE_SYS_SELECT_H -DHAVE_SYS_SOCKET_H -DHAVE_SYS_SOCKIO_H -DHAVE_SYS_STAT_H -DHAVE_SYS_TIME_H -DHAVE_SYS_TYPES_H -DHAVE_SYS_UIO_H -DHAVE_SYS_UN_H -DHAVE_SYS_XATTR_H -DHAVE_ALLOCA_H -DHAVE_ARPA_INET_H -DHAVE_ARPA_TFTP_H -DHAVE_ASSERT_H -DHAVE_ERR_H -DHAVE_ERRNO_H -DHAVE_FCNTL_H -DHAVE_IFADDRS_H -DHAVE_LIBGEN_H -DHAVE_LOCALE_H -DHAVE_NET_IF_H -DHAVE_NETDB_H -DHAVE_NETINET_IN_H -DHAVE_NETINET_TCP_H -DHAVE_POLL_H -DHAVE_PWD_H -DHAVE_SETJMP_H -DHAVE_SGTTY_H -DHAVE_SIGNAL_H -DHAVE_STDBOOL_H -DHAVE_STDINT_H -DHAVE_STDIO_H -DHAVE_STDLIB_H -DHAVE_STRING_H -DHAVE_STRINGS_H -DHAVE_TERMIOS_H -DHAVE_TIME_H -DHAVE_UNISTD_H -DHAVE_UTIME_H -DHAVE_STDDEF_H -DHAVE_DLFCN_H -DHAVE_MEMORY_H -DHAVE_NETINET_IF_ETHER_H -DHAVE_STDINT_H -DHAVE_SYS_UTSNAME_H -arch arm64 -fPIE -MD -MT CMakeFiles/cmTC_d0c62.dir/CurlTests.c.o -MF CMakeFiles/cmTC_d0c62.dir/CurlTests.c.o.d -o CMakeFiles/cmTC_d0c62.dir/CurlTests.c.o -c /Users/sanilawijesekara/Documents/gsoc/Root/root-GSOC/root-build/builtins/davix/DAVIX-prefix/src/DAVIX/deps/curl/CMake/CurlTests.c
/Users/sanilawijesekara/Documents/gsoc/Root/root-GSOC/root-build/builtins/davix/DAVIX-prefix/src/DAVIX/deps/curl/CMake/CurlTests.c:122:9: error: use of undeclared identifier 'gethostbyaddr_r'
  122 |   (void)gethostbyaddr_r;
      |         ^
/Users/sanilawijesekara/Documents/gsoc/Root/root-GSOC/root-build/builtins/davix/DAVIX-prefix/src/DAVIX/deps/curl/CMake/CurlTests.c:135:8: error: call to undeclared function 'gethostbyaddr_r'; ISO C99 and later do not support implicit function declarations [-Wimplicit-function-declaration]
  135 |   rc = gethostbyaddr_r(address, length, type, &h, buffer, 8192, &hp, &h_errnop);
      |        ^
/Users/sanilawijesekara/Documents/gsoc/Root/root-GSOC/root-build/builtins/davix/DAVIX-prefix/src/DAVIX/deps/curl/CMake/CurlTests.c:135:8: note: did you mean 'gethostbyaddr'?
/Library/Developer/CommandLineTools/SDKs/MacOSX.sdk/usr/include/netdb.h:274:17: note: 'gethostbyaddr' declared here
  274 | struct hostent  *gethostbyaddr(const void *, socklen_t, int);
      |                  ^
2 errors generated.
make[7]: *** [CMakeFiles/cmTC_d0c62.dir/CurlTests.c.o] Error 1
make[6]: *** [cmTC_d0c62/fast] Error 2


Performing Curl Test HAVE_GETHOSTBYNAME_R_3 failed with the following output:
Change Dir: '/Users/sanilawijesekara/Documents/gsoc/Root/root-GSOC/root-build/builtins/davix/DAVIX-prefix/src/DAVIX-build/deps/curl/CMakeFiles/CMakeTmp'

Run Build Command(s): /opt/homebrew/bin/cmake -E env VERBOSE=1 /usr/bin/make -f Makefile cmTC_7c59a/fast
/Library/Developer/CommandLineTools/usr/bin/make  -f CMakeFiles/cmTC_7c59a.dir/build.make CMakeFiles/cmTC_7c59a.dir/build
Building C object CMakeFiles/cmTC_7c59a.dir/CurlTests.c.o
/usr/bin/cc   -DHAVE_GETHOSTBYNAME_R_3  -DHAVE_STDIO_H -DHAVE_INTTYPES_H -DHAVE_SYS_FILIO_H -DHAVE_SYS_IOCTL_H -DHAVE_SYS_PARAM_H -DHAVE_SYS_POLL_H -DHAVE_SYS_RESOURCE_H -DHAVE_SYS_SELECT_H -DHAVE_SYS_SOCKET_H -DHAVE_SYS_SOCKIO_H -DHAVE_SYS_STAT_H -DHAVE_SYS_TIME_H -DHAVE_SYS_TYPES_H -DHAVE_SYS_UIO_H -DHAVE_SYS_UN_H -DHAVE_SYS_XATTR_H -DHAVE_ALLOCA_H -DHAVE_ARPA_INET_H -DHAVE_ARPA_TFTP_H -DHAVE_ASSERT_H -DHAVE_ERR_H -DHAVE_ERRNO_H -DHAVE_FCNTL_H -DHAVE_IFADDRS_H -DHAVE_LIBGEN_H -DHAVE_LOCALE_H -DHAVE_NET_IF_H -DHAVE_NETDB_H -DHAVE_NETINET_IN_H -DHAVE_NETINET_TCP_H -DHAVE_POLL_H -DHAVE_PWD_H -DHAVE_SETJMP_H -DHAVE_SGTTY_H -DHAVE_SIGNAL_H -DHAVE_STDBOOL_H -DHAVE_STDINT_H -DHAVE_STDIO_H -DHAVE_STDLIB_H -DHAVE_STRING_H -DHAVE_STRINGS_H -DHAVE_TERMIOS_H -DHAVE_TIME_H -DHAVE_UNISTD_H -DHAVE_UTIME_H -DHAVE_STDDEF_H -DHAVE_DLFCN_H -DHAVE_MEMORY_H -DHAVE_NETINET_IF_ETHER_H -DHAVE_STDINT_H -DHAVE_SYS_UTSNAME_H -arch arm64 -fPIE -MD -MT CMakeFiles/cmTC_7c59a.dir/CurlTests.c.o -MF CMakeFiles/cmTC_7c59a.dir/CurlTests.c.o.d -o CMakeFiles/cmTC_7c59a.dir/CurlTests.c.o -c /Users/sanilawijesekara/Documents/gsoc/Root/root-GSOC/root-build/builtins/davix/DAVIX-prefix/src/DAVIX/deps/curl/CMake/CurlTests.c
/Users/sanilawijesekara/Documents/gsoc/Root/root-GSOC/root-build/builtins/davix/DAVIX-prefix/src/DAVIX/deps/curl/CMake/CurlTests.c:106:23: error: variable has incomplete type 'struct hostent_data'
  106 |   struct hostent_data hdata;
      |                       ^
/Users/sanilawijesekara/Documents/gsoc/Root/root-GSOC/root-build/builtins/davix/DAVIX-prefix/src/DAVIX/deps/curl/CMake/CurlTests.c:106:10: note: forward declaration of 'struct hostent_data'
  106 |   struct hostent_data hdata;
      |          ^
/Users/sanilawijesekara/Documents/gsoc/Root/root-GSOC/root-build/builtins/davix/DAVIX-prefix/src/DAVIX/deps/curl/CMake/CurlTests.c:122:9: error: use of undeclared identifier 'gethostbyaddr_r'
  122 |   (void)gethostbyaddr_r;
      |         ^
/Users/sanilawijesekara/Documents/gsoc/Root/root-GSOC/root-build/builtins/davix/DAVIX-prefix/src/DAVIX/deps/curl/CMake/CurlTests.c:141:8: error: call to undeclared function 'gethostbyname_r'; ISO C99 and later do not support implicit function declarations [-Wimplicit-function-declaration]
  141 |   rc = gethostbyname_r(address, &h, &hdata);
      |        ^
3 errors generated.
make[7]: *** [CMakeFiles/cmTC_7c59a.dir/CurlTests.c.o] Error 1
make[6]: *** [cmTC_7c59a/fast] Error 2


Performing Curl Test HAVE_FSETXATTR_5 failed with the following output:
Change Dir: '/Users/sanilawijesekara/Documents/gsoc/Root/root-GSOC/root-build/builtins/davix/DAVIX-prefix/src/DAVIX-build/deps/curl/CMakeFiles/CMakeTmp'

Run Build Command(s): /opt/homebrew/bin/cmake -E env VERBOSE=1 /usr/bin/make -f Makefile cmTC_45eed/fast
/Library/Developer/CommandLineTools/usr/bin/make  -f CMakeFiles/cmTC_45eed.dir/build.make CMakeFiles/cmTC_45eed.dir/build
Building C object CMakeFiles/cmTC_45eed.dir/CurlTests.c.o
/usr/bin/cc   -DHAVE_FSETXATTR_5  -DHAVE_STDIO_H -DHAVE_INTTYPES_H -DHAVE_SYS_FILIO_H -DHAVE_SYS_IOCTL_H -DHAVE_SYS_PARAM_H -DHAVE_SYS_POLL_H -DHAVE_SYS_RESOURCE_H -DHAVE_SYS_SELECT_H -DHAVE_SYS_SOCKET_H -DHAVE_SYS_SOCKIO_H -DHAVE_SYS_STAT_H -DHAVE_SYS_TIME_H -DHAVE_SYS_TYPES_H -DHAVE_SYS_UIO_H -DHAVE_SYS_UN_H -DHAVE_SYS_XATTR_H -DHAVE_ALLOCA_H -DHAVE_ARPA_INET_H -DHAVE_ARPA_TFTP_H -DHAVE_ASSERT_H -DHAVE_ERR_H -DHAVE_ERRNO_H -DHAVE_FCNTL_H -DHAVE_IFADDRS_H -DHAVE_LIBGEN_H -DHAVE_LOCALE_H -DHAVE_NET_IF_H -DHAVE_NETDB_H -DHAVE_NETINET_IN_H -DHAVE_NETINET_TCP_H -DHAVE_POLL_H -DHAVE_PWD_H -DHAVE_SETJMP_H -DHAVE_SGTTY_H -DHAVE_SIGNAL_H -DHAVE_STDBOOL_H -DHAVE_STDINT_H -DHAVE_STDIO_H -DHAVE_STDLIB_H -DHAVE_STRING_H -DHAVE_STRINGS_H -DHAVE_TERMIOS_H -DHAVE_TIME_H -DHAVE_UNISTD_H -DHAVE_UTIME_H -DHAVE_STDDEF_H -DHAVE_DLFCN_H -DHAVE_MEMORY_H -DHAVE_NETINET_IF_ETHER_H -DHAVE_STDINT_H -DHAVE_SYS_UTSNAME_H -arch arm64 -fPIE -MD -MT CMakeFiles/cmTC_45eed.dir/CurlTests.c.o -MF CMakeFiles/cmTC_45eed.dir/CurlTests.c.o.d -o CMakeFiles/cmTC_45eed.dir/CurlTests.c.o -c /Users/sanilawijesekara/Documents/gsoc/Root/root-GSOC/root-build/builtins/davix/DAVIX-prefix/src/DAVIX/deps/curl/CMake/CurlTests.c
/Users/sanilawijesekara/Documents/gsoc/Root/root-GSOC/root-build/builtins/davix/DAVIX-prefix/src/DAVIX/deps/curl/CMake/CurlTests.c:552:26: error: too few arguments to function call, expected 6, have 5
  552 |   fsetxattr(0, 0, 0, 0, 0);
      |   ~~~~~~~~~              ^
/Library/Developer/CommandLineTools/SDKs/MacOSX.sdk/usr/include/sys/xattr.h:71:5: note: 'fsetxattr' declared here
   71 | int fsetxattr(int fd, const char *name, const void *value, size_t size, u_int32_t position, int options);
      |     ^         ~~~~~~~~~~~~~~~~~~~~~~~~~~~~~~~~~~~~~~~~~~~~~~~~~~~~~~~~~~~~~~~~~~~~~~~~~~~~~~~~~~~~~~~~~
1 error generated.
make[7]: *** [CMakeFiles/cmTC_45eed.dir/CurlTests.c.o] Error 1
make[6]: *** [cmTC_45eed/fast] Error 2


Performing Curl Test HAVE_IOCTLSOCKET failed with the following output:
Change Dir: '/Users/sanilawijesekara/Documents/gsoc/Root/root-GSOC/root-build/builtins/davix/DAVIX-prefix/src/DAVIX-build/deps/curl/CMakeFiles/CMakeTmp'

Run Build Command(s): /opt/homebrew/bin/cmake -E env VERBOSE=1 /usr/bin/make -f Makefile cmTC_c7e11/fast
/Library/Developer/CommandLineTools/usr/bin/make  -f CMakeFiles/cmTC_c7e11.dir/build.make CMakeFiles/cmTC_c7e11.dir/build
Building C object CMakeFiles/cmTC_c7e11.dir/CurlTests.c.o
/usr/bin/cc   -DHAVE_IOCTLSOCKET  -DHAVE_STDIO_H -DHAVE_INTTYPES_H -DHAVE_SYS_FILIO_H -DHAVE_SYS_IOCTL_H -DHAVE_SYS_PARAM_H -DHAVE_SYS_POLL_H -DHAVE_SYS_RESOURCE_H -DHAVE_SYS_SELECT_H -DHAVE_SYS_SOCKET_H -DHAVE_SYS_SOCKIO_H -DHAVE_SYS_STAT_H -DHAVE_SYS_TIME_H -DHAVE_SYS_TYPES_H -DHAVE_SYS_UIO_H -DHAVE_SYS_UN_H -DHAVE_SYS_XATTR_H -DHAVE_ALLOCA_H -DHAVE_ARPA_INET_H -DHAVE_ARPA_TFTP_H -DHAVE_ASSERT_H -DHAVE_ERR_H -DHAVE_ERRNO_H -DHAVE_FCNTL_H -DHAVE_IFADDRS_H -DHAVE_LIBGEN_H -DHAVE_LOCALE_H -DHAVE_NET_IF_H -DHAVE_NETDB_H -DHAVE_NETINET_IN_H -DHAVE_NETINET_TCP_H -DHAVE_POLL_H -DHAVE_PWD_H -DHAVE_SETJMP_H -DHAVE_SGTTY_H -DHAVE_SIGNAL_H -DHAVE_STDBOOL_H -DHAVE_STDINT_H -DHAVE_STDIO_H -DHAVE_STDLIB_H -DHAVE_STRING_H -DHAVE_STRINGS_H -DHAVE_TERMIOS_H -DHAVE_TIME_H -DHAVE_UNISTD_H -DHAVE_UTIME_H -DHAVE_STDDEF_H -DHAVE_DLFCN_H -DHAVE_MEMORY_H -DHAVE_NETINET_IF_ETHER_H -DHAVE_STDINT_H -DHAVE_SYS_UTSNAME_H -arch arm64 -fPIE -MD -MT CMakeFiles/cmTC_c7e11.dir/CurlTests.c.o -MF CMakeFiles/cmTC_c7e11.dir/CurlTests.c.o.d -o CMakeFiles/cmTC_c7e11.dir/CurlTests.c.o -c /Users/sanilawijesekara/Documents/gsoc/Root/root-GSOC/root-build/builtins/davix/DAVIX-prefix/src/DAVIX/deps/curl/CMake/CurlTests.c
/Users/sanilawijesekara/Documents/gsoc/Root/root-GSOC/root-build/builtins/davix/DAVIX-prefix/src/DAVIX/deps/curl/CMake/CurlTests.c:326:24: error: call to undeclared function 'ioctlsocket'; ISO C99 and later do not support implicit function declarations [-Wimplicit-function-declaration]
  326 |  unsigned long flags = ioctlsocket(socket, FIONBIO, &flags);
      |                        ^
/Users/sanilawijesekara/Documents/gsoc/Root/root-GSOC/root-build/builtins/davix/DAVIX-prefix/src/DAVIX/deps/curl/CMake/CurlTests.c:326:44: error: use of undeclared identifier 'FIONBIO'
  326 |  unsigned long flags = ioctlsocket(socket, FIONBIO, &flags);
      |                                            ^
2 errors generated.
make[7]: *** [CMakeFiles/cmTC_c7e11.dir/CurlTests.c.o] Error 1
make[6]: *** [cmTC_c7e11/fast] Error 2


Performing Curl Test HAVE_IOCTLSOCKET_CAMEL failed with the following output:
Change Dir: '/Users/sanilawijesekara/Documents/gsoc/Root/root-GSOC/root-build/builtins/davix/DAVIX-prefix/src/DAVIX-build/deps/curl/CMakeFiles/CMakeTmp'

Run Build Command(s): /opt/homebrew/bin/cmake -E env VERBOSE=1 /usr/bin/make -f Makefile cmTC_f11e2/fast
/Library/Developer/CommandLineTools/usr/bin/make  -f CMakeFiles/cmTC_f11e2.dir/build.make CMakeFiles/cmTC_f11e2.dir/build
Building C object CMakeFiles/cmTC_f11e2.dir/CurlTests.c.o
/usr/bin/cc   -DHAVE_IOCTLSOCKET_CAMEL  -DHAVE_STDIO_H -DHAVE_INTTYPES_H -DHAVE_SYS_FILIO_H -DHAVE_SYS_IOCTL_H -DHAVE_SYS_PARAM_H -DHAVE_SYS_POLL_H -DHAVE_SYS_RESOURCE_H -DHAVE_SYS_SELECT_H -DHAVE_SYS_SOCKET_H -DHAVE_SYS_SOCKIO_H -DHAVE_SYS_STAT_H -DHAVE_SYS_TIME_H -DHAVE_SYS_TYPES_H -DHAVE_SYS_UIO_H -DHAVE_SYS_UN_H -DHAVE_SYS_XATTR_H -DHAVE_ALLOCA_H -DHAVE_ARPA_INET_H -DHAVE_ARPA_TFTP_H -DHAVE_ASSERT_H -DHAVE_ERR_H -DHAVE_ERRNO_H -DHAVE_FCNTL_H -DHAVE_IFADDRS_H -DHAVE_LIBGEN_H -DHAVE_LOCALE_H -DHAVE_NET_IF_H -DHAVE_NETDB_H -DHAVE_NETINET_IN_H -DHAVE_NETINET_TCP_H -DHAVE_POLL_H -DHAVE_PWD_H -DHAVE_SETJMP_H -DHAVE_SGTTY_H -DHAVE_SIGNAL_H -DHAVE_STDBOOL_H -DHAVE_STDINT_H -DHAVE_STDIO_H -DHAVE_STDLIB_H -DHAVE_STRING_H -DHAVE_STRINGS_H -DHAVE_TERMIOS_H -DHAVE_TIME_H -DHAVE_UNISTD_H -DHAVE_UTIME_H -DHAVE_STDDEF_H -DHAVE_DLFCN_H -DHAVE_MEMORY_H -DHAVE_NETINET_IF_ETHER_H -DHAVE_STDINT_H -DHAVE_SYS_UTSNAME_H -arch arm64 -fPIE -MD -MT CMakeFiles/cmTC_f11e2.dir/CurlTests.c.o -MF CMakeFiles/cmTC_f11e2.dir/CurlTests.c.o.d -o CMakeFiles/cmTC_f11e2.dir/CurlTests.c.o -c /Users/sanilawijesekara/Documents/gsoc/Root/root-GSOC/root-build/builtins/davix/DAVIX-prefix/src/DAVIX/deps/curl/CMake/CurlTests.c
/Users/sanilawijesekara/Documents/gsoc/Root/root-GSOC/root-build/builtins/davix/DAVIX-prefix/src/DAVIX/deps/curl/CMake/CurlTests.c:354:13: error: call to undeclared function 'IoctlSocket'; ISO C99 and later do not support implicit function declarations [-Wimplicit-function-declaration]
  354 |     if(0 != IoctlSocket(0, 0, 0))
      |             ^
1 error generated.
make[7]: *** [CMakeFiles/cmTC_f11e2.dir/CurlTests.c.o] Error 1
make[6]: *** [cmTC_f11e2/fast] Error 2


Performing Curl Test HAVE_IOCTLSOCKET_CAMEL_FIONBIO failed with the following output:
Change Dir: '/Users/sanilawijesekara/Documents/gsoc/Root/root-GSOC/root-build/builtins/davix/DAVIX-prefix/src/DAVIX-build/deps/curl/CMakeFiles/CMakeTmp'

Run Build Command(s): /opt/homebrew/bin/cmake -E env VERBOSE=1 /usr/bin/make -f Makefile cmTC_2d060/fast
/Library/Developer/CommandLineTools/usr/bin/make  -f CMakeFiles/cmTC_2d060.dir/build.make CMakeFiles/cmTC_2d060.dir/build
Building C object CMakeFiles/cmTC_2d060.dir/CurlTests.c.o
/usr/bin/cc   -DHAVE_IOCTLSOCKET_CAMEL_FIONBIO  -DHAVE_STDIO_H -DHAVE_INTTYPES_H -DHAVE_SYS_FILIO_H -DHAVE_SYS_IOCTL_H -DHAVE_SYS_PARAM_H -DHAVE_SYS_POLL_H -DHAVE_SYS_RESOURCE_H -DHAVE_SYS_SELECT_H -DHAVE_SYS_SOCKET_H -DHAVE_SYS_SOCKIO_H -DHAVE_SYS_STAT_H -DHAVE_SYS_TIME_H -DHAVE_SYS_TYPES_H -DHAVE_SYS_UIO_H -DHAVE_SYS_UN_H -DHAVE_SYS_XATTR_H -DHAVE_ALLOCA_H -DHAVE_ARPA_INET_H -DHAVE_ARPA_TFTP_H -DHAVE_ASSERT_H -DHAVE_ERR_H -DHAVE_ERRNO_H -DHAVE_FCNTL_H -DHAVE_IFADDRS_H -DHAVE_LIBGEN_H -DHAVE_LOCALE_H -DHAVE_NET_IF_H -DHAVE_NETDB_H -DHAVE_NETINET_IN_H -DHAVE_NETINET_TCP_H -DHAVE_POLL_H -DHAVE_PWD_H -DHAVE_SETJMP_H -DHAVE_SGTTY_H -DHAVE_SIGNAL_H -DHAVE_STDBOOL_H -DHAVE_STDINT_H -DHAVE_STDIO_H -DHAVE_STDLIB_H -DHAVE_STRING_H -DHAVE_STRINGS_H -DHAVE_TERMIOS_H -DHAVE_TIME_H -DHAVE_UNISTD_H -DHAVE_UTIME_H -DHAVE_STDDEF_H -DHAVE_DLFCN_H -DHAVE_MEMORY_H -DHAVE_NETINET_IF_ETHER_H -DHAVE_STDINT_H -DHAVE_SYS_UTSNAME_H -arch arm64 -fPIE -MD -MT CMakeFiles/cmTC_2d060.dir/CurlTests.c.o -MF CMakeFiles/cmTC_2d060.dir/CurlTests.c.o.d -o CMakeFiles/cmTC_2d060.dir/CurlTests.c.o -c /Users/sanilawijesekara/Documents/gsoc/Root/root-GSOC/root-build/builtins/davix/DAVIX-prefix/src/DAVIX/deps/curl/CMake/CurlTests.c
/Users/sanilawijesekara/Documents/gsoc/Root/root-GSOC/root-build/builtins/davix/DAVIX-prefix/src/DAVIX/deps/curl/CMake/CurlTests.c:382:17: error: call to undeclared function 'ioctlsocket'; ISO C99 and later do not support implicit function declarations [-Wimplicit-function-declaration]
  382 |         if(0 != ioctlsocket(0, FIONBIO, &flags))
      |                 ^
/Users/sanilawijesekara/Documents/gsoc/Root/root-GSOC/root-build/builtins/davix/DAVIX-prefix/src/DAVIX/deps/curl/CMake/CurlTests.c:382:32: error: use of undeclared identifier 'FIONBIO'
  382 |         if(0 != ioctlsocket(0, FIONBIO, &flags))
      |                                ^
2 errors generated.
make[7]: *** [CMakeFiles/cmTC_2d060.dir/CurlTests.c.o] Error 1
make[6]: *** [cmTC_2d060/fast] Error 2


Performing Curl Test HAVE_IOCTLSOCKET_FIONBIO failed with the following output:
Change Dir: '/Users/sanilawijesekara/Documents/gsoc/Root/root-GSOC/root-build/builtins/davix/DAVIX-prefix/src/DAVIX-build/deps/curl/CMakeFiles/CMakeTmp'

Run Build Command(s): /opt/homebrew/bin/cmake -E env VERBOSE=1 /usr/bin/make -f Makefile cmTC_fe393/fast
/Library/Developer/CommandLineTools/usr/bin/make  -f CMakeFiles/cmTC_fe393.dir/build.make CMakeFiles/cmTC_fe393.dir/build
Building C object CMakeFiles/cmTC_fe393.dir/CurlTests.c.o
/usr/bin/cc   -DHAVE_IOCTLSOCKET_FIONBIO  -DHAVE_STDIO_H -DHAVE_INTTYPES_H -DHAVE_SYS_FILIO_H -DHAVE_SYS_IOCTL_H -DHAVE_SYS_PARAM_H -DHAVE_SYS_POLL_H -DHAVE_SYS_RESOURCE_H -DHAVE_SYS_SELECT_H -DHAVE_SYS_SOCKET_H -DHAVE_SYS_SOCKIO_H -DHAVE_SYS_STAT_H -DHAVE_SYS_TIME_H -DHAVE_SYS_TYPES_H -DHAVE_SYS_UIO_H -DHAVE_SYS_UN_H -DHAVE_SYS_XATTR_H -DHAVE_ALLOCA_H -DHAVE_ARPA_INET_H -DHAVE_ARPA_TFTP_H -DHAVE_ASSERT_H -DHAVE_ERR_H -DHAVE_ERRNO_H -DHAVE_FCNTL_H -DHAVE_IFADDRS_H -DHAVE_LIBGEN_H -DHAVE_LOCALE_H -DHAVE_NET_IF_H -DHAVE_NETDB_H -DHAVE_NETINET_IN_H -DHAVE_NETINET_TCP_H -DHAVE_POLL_H -DHAVE_PWD_H -DHAVE_SETJMP_H -DHAVE_SGTTY_H -DHAVE_SIGNAL_H -DHAVE_STDBOOL_H -DHAVE_STDINT_H -DHAVE_STDIO_H -DHAVE_STDLIB_H -DHAVE_STRING_H -DHAVE_STRINGS_H -DHAVE_TERMIOS_H -DHAVE_TIME_H -DHAVE_UNISTD_H -DHAVE_UTIME_H -DHAVE_STDDEF_H -DHAVE_DLFCN_H -DHAVE_MEMORY_H -DHAVE_NETINET_IF_ETHER_H -DHAVE_STDINT_H -DHAVE_SYS_UTSNAME_H -arch arm64 -fPIE -MD -MT CMakeFiles/cmTC_fe393.dir/CurlTests.c.o -MF CMakeFiles/cmTC_fe393.dir/CurlTests.c.o.d -o CMakeFiles/cmTC_fe393.dir/CurlTests.c.o -c /Users/sanilawijesekara/Documents/gsoc/Root/root-GSOC/root-build/builtins/davix/DAVIX-prefix/src/DAVIX/deps/curl/CMake/CurlTests.c
/Users/sanilawijesekara/Documents/gsoc/Root/root-GSOC/root-build/builtins/davix/DAVIX-prefix/src/DAVIX/deps/curl/CMake/CurlTests.c:409:17: error: call to undeclared function 'ioctlsocket'; ISO C99 and later do not support implicit function declarations [-Wimplicit-function-declaration]
  409 |         if(0 != ioctlsocket(0, FIONBIO, &flags))
      |                 ^
/Users/sanilawijesekara/Documents/gsoc/Root/root-GSOC/root-build/builtins/davix/DAVIX-prefix/src/DAVIX/deps/curl/CMake/CurlTests.c:409:32: error: use of undeclared identifier 'FIONBIO'
  409 |         if(0 != ioctlsocket(0, FIONBIO, &flags))
      |                                ^
2 errors generated.
make[7]: *** [CMakeFiles/cmTC_fe393.dir/CurlTests.c.o] Error 1
make[6]: *** [cmTC_fe393/fast] Error 2


Performing Curl Test HAVE_SETSOCKOPT_SO_NONBLOCK failed with the following output:
Change Dir: '/Users/sanilawijesekara/Documents/gsoc/Root/root-GSOC/root-build/builtins/davix/DAVIX-prefix/src/DAVIX-build/deps/curl/CMakeFiles/CMakeTmp'

Run Build Command(s): /opt/homebrew/bin/cmake -E env VERBOSE=1 /usr/bin/make -f Makefile cmTC_b5fe2/fast
/Library/Developer/CommandLineTools/usr/bin/make  -f CMakeFiles/cmTC_b5fe2.dir/build.make CMakeFiles/cmTC_b5fe2.dir/build
Building C object CMakeFiles/cmTC_b5fe2.dir/CurlTests.c.o
/usr/bin/cc   -DHAVE_SETSOCKOPT_SO_NONBLOCK  -DHAVE_STDIO_H -DHAVE_INTTYPES_H -DHAVE_SYS_FILIO_H -DHAVE_SYS_IOCTL_H -DHAVE_SYS_PARAM_H -DHAVE_SYS_POLL_H -DHAVE_SYS_RESOURCE_H -DHAVE_SYS_SELECT_H -DHAVE_SYS_SOCKET_H -DHAVE_SYS_SOCKIO_H -DHAVE_SYS_STAT_H -DHAVE_SYS_TIME_H -DHAVE_SYS_TYPES_H -DHAVE_SYS_UIO_H -DHAVE_SYS_UN_H -DHAVE_SYS_XATTR_H -DHAVE_ALLOCA_H -DHAVE_ARPA_INET_H -DHAVE_ARPA_TFTP_H -DHAVE_ASSERT_H -DHAVE_ERR_H -DHAVE_ERRNO_H -DHAVE_FCNTL_H -DHAVE_IFADDRS_H -DHAVE_LIBGEN_H -DHAVE_LOCALE_H -DHAVE_NET_IF_H -DHAVE_NETDB_H -DHAVE_NETINET_IN_H -DHAVE_NETINET_TCP_H -DHAVE_POLL_H -DHAVE_PWD_H -DHAVE_SETJMP_H -DHAVE_SGTTY_H -DHAVE_SIGNAL_H -DHAVE_STDBOOL_H -DHAVE_STDINT_H -DHAVE_STDIO_H -DHAVE_STDLIB_H -DHAVE_STRING_H -DHAVE_STRINGS_H -DHAVE_TERMIOS_H -DHAVE_TIME_H -DHAVE_UNISTD_H -DHAVE_UTIME_H -DHAVE_STDDEF_H -DHAVE_DLFCN_H -DHAVE_MEMORY_H -DHAVE_NETINET_IF_ETHER_H -DHAVE_STDINT_H -DHAVE_SYS_UTSNAME_H -arch arm64 -fPIE -MD -MT CMakeFiles/cmTC_b5fe2.dir/CurlTests.c.o -MF CMakeFiles/cmTC_b5fe2.dir/CurlTests.c.o.d -o CMakeFiles/cmTC_b5fe2.dir/CurlTests.c.o -c /Users/sanilawijesekara/Documents/gsoc/Root/root-GSOC/root-build/builtins/davix/DAVIX-prefix/src/DAVIX/deps/curl/CMake/CurlTests.c
/Users/sanilawijesekara/Documents/gsoc/Root/root-GSOC/root-build/builtins/davix/DAVIX-prefix/src/DAVIX/deps/curl/CMake/CurlTests.c:505:43: error: use of undeclared identifier 'SO_NONBLOCK'
  505 |         if(0 != setsockopt(0, SOL_SOCKET, SO_NONBLOCK, 0, 0))
      |                                           ^
1 error generated.
make[7]: *** [CMakeFiles/cmTC_b5fe2.dir/CurlTests.c.o] Error 1
make[6]: *** [cmTC_b5fe2/fast] Error 2


Performing Curl Test HAVE_O_NONBLOCK failed with the following output:
Change Dir: '/Users/sanilawijesekara/Documents/gsoc/Root/root-GSOC/root-build/builtins/davix/DAVIX-prefix/src/DAVIX-build/deps/curl/CMakeFiles/CMakeTmp'

Run Build Command(s): /opt/homebrew/bin/cmake -E env VERBOSE=1 /usr/bin/make -f Makefile cmTC_b5972/fast
/Library/Developer/CommandLineTools/usr/bin/make  -f CMakeFiles/cmTC_b5972.dir/build.make CMakeFiles/cmTC_b5972.dir/build
Building C object CMakeFiles/cmTC_b5972.dir/CurlTests.c.o
/usr/bin/cc   -DHAVE_O_NONBLOCK  -DHAVE_STDIO_H -DHAVE_INTTYPES_H -DHAVE_SYS_FILIO_H -DHAVE_SYS_IOCTL_H -DHAVE_SYS_PARAM_H -DHAVE_SYS_POLL_H -DHAVE_SYS_RESOURCE_H -DHAVE_SYS_SELECT_H -DHAVE_SYS_SOCKET_H -DHAVE_SYS_SOCKIO_H -DHAVE_SYS_STAT_H -DHAVE_SYS_TIME_H -DHAVE_SYS_TYPES_H -DHAVE_SYS_UIO_H -DHAVE_SYS_UN_H -DHAVE_SYS_XATTR_H -DHAVE_ALLOCA_H -DHAVE_ARPA_INET_H -DHAVE_ARPA_TFTP_H -DHAVE_ASSERT_H -DHAVE_ERR_H -DHAVE_ERRNO_H -DHAVE_FCNTL_H -DHAVE_IFADDRS_H -DHAVE_LIBGEN_H -DHAVE_LOCALE_H -DHAVE_NET_IF_H -DHAVE_NETDB_H -DHAVE_NETINET_IN_H -DHAVE_NETINET_TCP_H -DHAVE_POLL_H -DHAVE_PWD_H -DHAVE_SETJMP_H -DHAVE_SGTTY_H -DHAVE_SIGNAL_H -DHAVE_STDBOOL_H -DHAVE_STDINT_H -DHAVE_STDIO_H -DHAVE_STDLIB_H -DHAVE_STRING_H -DHAVE_STRINGS_H -DHAVE_TERMIOS_H -DHAVE_TIME_H -DHAVE_UNISTD_H -DHAVE_UTIME_H -DHAVE_STDDEF_H -DHAVE_DLFCN_H -DHAVE_MEMORY_H -DHAVE_NETINET_IF_ETHER_H -DHAVE_STDINT_H -DHAVE_SYS_UTSNAME_H -arch arm64 -fPIE -MD -MT CMakeFiles/cmTC_b5972.dir/CurlTests.c.o -MF CMakeFiles/cmTC_b5972.dir/CurlTests.c.o.d -o CMakeFiles/cmTC_b5972.dir/CurlTests.c.o -c /Users/sanilawijesekara/Documents/gsoc/Root/root-GSOC/root-build/builtins/davix/DAVIX-prefix/src/DAVIX/deps/curl/CMake/CurlTests.c
Linking C executable cmTC_b5972
/opt/homebrew/bin/cmake -E cmake_link_script CMakeFiles/cmTC_b5972.dir/link.txt --verbose=1
Undefined symbols for architecture arm64:
  "_main", referenced from:
      <initial-undefines>
ld: symbol(s) not found for architecture arm64
clang: error: linker command failed with exit code 1 (use -v to see invocation)
/usr/bin/cc   -DHAVE_O_NONBLOCK  -DHAVE_STDIO_H -DHAVE_INTTYPES_H -DHAVE_SYS_FILIO_H -DHAVE_SYS_IOCTL_H -DHAVE_SYS_PARAM_H -DHAVE_SYS_POLL_H -DHAVE_SYS_RESOURCE_H -DHAVE_SYS_SELECT_H -DHAVE_SYS_SOCKET_H -DHAVE_SYS_SOCKIO_H -DHAVE_SYS_STAT_H -DHAVE_SYS_TIME_H -DHAVE_SYS_TYPES_H -DHAVE_SYS_UIO_H -DHAVE_SYS_UN_H -DHAVE_SYS_XATTR_H -DHAVE_ALLOCA_H -DHAVE_ARPA_INET_H -DHAVE_ARPA_TFTP_H -DHAVE_ASSERT_H -DHAVE_ERR_H -DHAVE_ERRNO_H -DHAVE_FCNTL_H -DHAVE_IFADDRS_H -DHAVE_LIBGEN_H -DHAVE_LOCALE_H -DHAVE_NET_IF_H -DHAVE_NETDB_H -DHAVE_NETINET_IN_H -DHAVE_NETINET_TCP_H -DHAVE_POLL_H -DHAVE_PWD_H -DHAVE_SETJMP_H -DHAVE_SGTTY_H -DHAVE_SIGNAL_H -DHAVE_STDBOOL_H -DHAVE_STDINT_H -DHAVE_STDIO_H -DHAVE_STDLIB_H -DHAVE_STRING_H -DHAVE_STRINGS_H -DHAVE_TERMIOS_H -DHAVE_TIME_H -DHAVE_UNISTD_H -DHAVE_UTIME_H -DHAVE_STDDEF_H -DHAVE_DLFCN_H -DHAVE_MEMORY_H -DHAVE_NETINET_IF_ETHER_H -DHAVE_STDINT_H -DHAVE_SYS_UTSNAME_H -arch arm64 -Wl,-search_paths_first -Wl,-headerpad_max_install_names CMakeFiles/cmTC_b5972.dir/CurlTests.c.o -o cmTC_b5972
make[7]: *** [cmTC_b5972] Error 1
make[6]: *** [cmTC_b5972/fast] Error 2


Performing Curl Test HAVE_GETHOSTBYADDR_R_5 failed with the following output:
Change Dir: '/Users/sanilawijesekara/Documents/gsoc/Root/root-GSOC/root-build/builtins/davix/DAVIX-prefix/src/DAVIX-build/deps/curl/CMakeFiles/CMakeTmp'

Run Build Command(s): /opt/homebrew/bin/cmake -E env VERBOSE=1 /usr/bin/make -f Makefile cmTC_c193e/fast
/Library/Developer/CommandLineTools/usr/bin/make  -f CMakeFiles/cmTC_c193e.dir/build.make CMakeFiles/cmTC_c193e.dir/build
Building C object CMakeFiles/cmTC_c193e.dir/CurlTests.c.o
/usr/bin/cc   -DHAVE_GETHOSTBYADDR_R_5  -DHAVE_STDIO_H -DHAVE_INTTYPES_H -DHAVE_SYS_FILIO_H -DHAVE_SYS_IOCTL_H -DHAVE_SYS_PARAM_H -DHAVE_SYS_POLL_H -DHAVE_SYS_RESOURCE_H -DHAVE_SYS_SELECT_H -DHAVE_SYS_SOCKET_H -DHAVE_SYS_SOCKIO_H -DHAVE_SYS_STAT_H -DHAVE_SYS_TIME_H -DHAVE_SYS_TYPES_H -DHAVE_SYS_UIO_H -DHAVE_SYS_UN_H -DHAVE_SYS_XATTR_H -DHAVE_ALLOCA_H -DHAVE_ARPA_INET_H -DHAVE_ARPA_TFTP_H -DHAVE_ASSERT_H -DHAVE_ERR_H -DHAVE_ERRNO_H -DHAVE_FCNTL_H -DHAVE_IFADDRS_H -DHAVE_LIBGEN_H -DHAVE_LOCALE_H -DHAVE_NET_IF_H -DHAVE_NETDB_H -DHAVE_NETINET_IN_H -DHAVE_NETINET_TCP_H -DHAVE_POLL_H -DHAVE_PWD_H -DHAVE_SETJMP_H -DHAVE_SGTTY_H -DHAVE_SIGNAL_H -DHAVE_STDBOOL_H -DHAVE_STDINT_H -DHAVE_STDIO_H -DHAVE_STDLIB_H -DHAVE_STRING_H -DHAVE_STRINGS_H -DHAVE_TERMIOS_H -DHAVE_TIME_H -DHAVE_UNISTD_H -DHAVE_UTIME_H -DHAVE_STDDEF_H -DHAVE_DLFCN_H -DHAVE_MEMORY_H -DHAVE_NETINET_IF_ETHER_H -DHAVE_STDINT_H -DHAVE_SYS_UTSNAME_H -arch arm64 -fPIE -MD -MT CMakeFiles/cmTC_c193e.dir/CurlTests.c.o -MF CMakeFiles/cmTC_c193e.dir/CurlTests.c.o.d -o CMakeFiles/cmTC_c193e.dir/CurlTests.c.o -c /Users/sanilawijesekara/Documents/gsoc/Root/root-GSOC/root-build/builtins/davix/DAVIX-prefix/src/DAVIX/deps/curl/CMake/CurlTests.c
/Users/sanilawijesekara/Documents/gsoc/Root/root-GSOC/root-build/builtins/davix/DAVIX-prefix/src/DAVIX/deps/curl/CMake/CurlTests.c:106:23: error: variable has incomplete type 'struct hostent_data'
  106 |   struct hostent_data hdata;
      |                       ^
/Users/sanilawijesekara/Documents/gsoc/Root/root-GSOC/root-build/builtins/davix/DAVIX-prefix/src/DAVIX/deps/curl/CMake/CurlTests.c:106:10: note: forward declaration of 'struct hostent_data'
  106 |   struct hostent_data hdata;
      |          ^
/Users/sanilawijesekara/Documents/gsoc/Root/root-GSOC/root-build/builtins/davix/DAVIX-prefix/src/DAVIX/deps/curl/CMake/CurlTests.c:122:9: error: use of undeclared identifier 'gethostbyaddr_r'
  122 |   (void)gethostbyaddr_r;
      |         ^
/Users/sanilawijesekara/Documents/gsoc/Root/root-GSOC/root-build/builtins/davix/DAVIX-prefix/src/DAVIX/deps/curl/CMake/CurlTests.c:127:8: error: call to undeclared function 'gethostbyaddr_r'; ISO C99 and later do not support implicit function declarations [-Wimplicit-function-declaration]
  127 |   rc = gethostbyaddr_r(address, length, type, &h, &hdata);
      |        ^
/Users/sanilawijesekara/Documents/gsoc/Root/root-GSOC/root-build/builtins/davix/DAVIX-prefix/src/DAVIX/deps/curl/CMake/CurlTests.c:127:8: note: did you mean 'gethostbyaddr'?
/Library/Developer/CommandLineTools/SDKs/MacOSX.sdk/usr/include/netdb.h:274:17: note: 'gethostbyaddr' declared here
  274 | struct hostent  *gethostbyaddr(const void *, socklen_t, int);
      |                  ^
3 errors generated.
make[7]: *** [CMakeFiles/cmTC_c193e.dir/CurlTests.c.o] Error 1
make[6]: *** [cmTC_c193e/fast] Error 2


Performing Curl Test HAVE_GETHOSTBYADDR_R_7 failed with the following output:
Change Dir: '/Users/sanilawijesekara/Documents/gsoc/Root/root-GSOC/root-build/builtins/davix/DAVIX-prefix/src/DAVIX-build/deps/curl/CMakeFiles/CMakeTmp'

Run Build Command(s): /opt/homebrew/bin/cmake -E env VERBOSE=1 /usr/bin/make -f Makefile cmTC_b563a/fast
/Library/Developer/CommandLineTools/usr/bin/make  -f CMakeFiles/cmTC_b563a.dir/build.make CMakeFiles/cmTC_b563a.dir/build
Building C object CMakeFiles/cmTC_b563a.dir/CurlTests.c.o
/usr/bin/cc   -DHAVE_GETHOSTBYADDR_R_7  -DHAVE_STDIO_H -DHAVE_INTTYPES_H -DHAVE_SYS_FILIO_H -DHAVE_SYS_IOCTL_H -DHAVE_SYS_PARAM_H -DHAVE_SYS_POLL_H -DHAVE_SYS_RESOURCE_H -DHAVE_SYS_SELECT_H -DHAVE_SYS_SOCKET_H -DHAVE_SYS_SOCKIO_H -DHAVE_SYS_STAT_H -DHAVE_SYS_TIME_H -DHAVE_SYS_TYPES_H -DHAVE_SYS_UIO_H -DHAVE_SYS_UN_H -DHAVE_SYS_XATTR_H -DHAVE_ALLOCA_H -DHAVE_ARPA_INET_H -DHAVE_ARPA_TFTP_H -DHAVE_ASSERT_H -DHAVE_ERR_H -DHAVE_ERRNO_H -DHAVE_FCNTL_H -DHAVE_IFADDRS_H -DHAVE_LIBGEN_H -DHAVE_LOCALE_H -DHAVE_NET_IF_H -DHAVE_NETDB_H -DHAVE_NETINET_IN_H -DHAVE_NETINET_TCP_H -DHAVE_POLL_H -DHAVE_PWD_H -DHAVE_SETJMP_H -DHAVE_SGTTY_H -DHAVE_SIGNAL_H -DHAVE_STDBOOL_H -DHAVE_STDINT_H -DHAVE_STDIO_H -DHAVE_STDLIB_H -DHAVE_STRING_H -DHAVE_STRINGS_H -DHAVE_TERMIOS_H -DHAVE_TIME_H -DHAVE_UNISTD_H -DHAVE_UTIME_H -DHAVE_STDDEF_H -DHAVE_DLFCN_H -DHAVE_MEMORY_H -DHAVE_NETINET_IF_ETHER_H -DHAVE_STDINT_H -DHAVE_SYS_UTSNAME_H -arch arm64 -fPIE -MD -MT CMakeFiles/cmTC_b563a.dir/CurlTests.c.o -MF CMakeFiles/cmTC_b563a.dir/CurlTests.c.o.d -o CMakeFiles/cmTC_b563a.dir/CurlTests.c.o -c /Users/sanilawijesekara/Documents/gsoc/Root/root-GSOC/root-build/builtins/davix/DAVIX-prefix/src/DAVIX/deps/curl/CMake/CurlTests.c
/Users/sanilawijesekara/Documents/gsoc/Root/root-GSOC/root-build/builtins/davix/DAVIX-prefix/src/DAVIX/deps/curl/CMake/CurlTests.c:122:9: error: use of undeclared identifier 'gethostbyaddr_r'
  122 |   (void)gethostbyaddr_r;
      |         ^
/Users/sanilawijesekara/Documents/gsoc/Root/root-GSOC/root-build/builtins/davix/DAVIX-prefix/src/DAVIX/deps/curl/CMake/CurlTests.c:131:8: error: call to undeclared function 'gethostbyaddr_r'; ISO C99 and later do not support implicit function declarations [-Wimplicit-function-declaration]
  131 |   hp = gethostbyaddr_r(address, length, type, &h, buffer, 8192, &h_errnop);
      |        ^
/Users/sanilawijesekara/Documents/gsoc/Root/root-GSOC/root-build/builtins/davix/DAVIX-prefix/src/DAVIX/deps/curl/CMake/CurlTests.c:131:8: note: did you mean 'gethostbyaddr'?
/Library/Developer/CommandLineTools/SDKs/MacOSX.sdk/usr/include/netdb.h:274:17: note: 'gethostbyaddr' declared here
  274 | struct hostent  *gethostbyaddr(const void *, socklen_t, int);
      |                  ^
/Users/sanilawijesekara/Documents/gsoc/Root/root-GSOC/root-build/builtins/davix/DAVIX-prefix/src/DAVIX/deps/curl/CMake/CurlTests.c:131:6: error: incompatible integer to pointer conversion assigning to 'struct hostent *' from 'int' [-Wint-conversion]
  131 |   hp = gethostbyaddr_r(address, length, type, &h, buffer, 8192, &h_errnop);
      |      ^ ~~~~~~~~~~~~~~~~~~~~~~~~~~~~~~~~~~~~~~~~~~~~~~~~~~~~~~~~~~~~~~~~~~~
3 errors generated.
make[7]: *** [CMakeFiles/cmTC_b563a.dir/CurlTests.c.o] Error 1
make[6]: *** [cmTC_b563a/fast] Error 2


Performing Curl Test HAVE_GETHOSTBYADDR_R_8 failed with the following output:
Change Dir: '/Users/sanilawijesekara/Documents/gsoc/Root/root-GSOC/root-build/builtins/davix/DAVIX-prefix/src/DAVIX-build/deps/curl/CMakeFiles/CMakeTmp'

Run Build Command(s): /opt/homebrew/bin/cmake -E env VERBOSE=1 /usr/bin/make -f Makefile cmTC_bd79d/fast
/Library/Developer/CommandLineTools/usr/bin/make  -f CMakeFiles/cmTC_bd79d.dir/build.make CMakeFiles/cmTC_bd79d.dir/build
Building C object CMakeFiles/cmTC_bd79d.dir/CurlTests.c.o
/usr/bin/cc   -DHAVE_GETHOSTBYADDR_R_8  -DHAVE_STDIO_H -DHAVE_INTTYPES_H -DHAVE_SYS_FILIO_H -DHAVE_SYS_IOCTL_H -DHAVE_SYS_PARAM_H -DHAVE_SYS_POLL_H -DHAVE_SYS_RESOURCE_H -DHAVE_SYS_SELECT_H -DHAVE_SYS_SOCKET_H -DHAVE_SYS_SOCKIO_H -DHAVE_SYS_STAT_H -DHAVE_SYS_TIME_H -DHAVE_SYS_TYPES_H -DHAVE_SYS_UIO_H -DHAVE_SYS_UN_H -DHAVE_SYS_XATTR_H -DHAVE_ALLOCA_H -DHAVE_ARPA_INET_H -DHAVE_ARPA_TFTP_H -DHAVE_ASSERT_H -DHAVE_ERR_H -DHAVE_ERRNO_H -DHAVE_FCNTL_H -DHAVE_IFADDRS_H -DHAVE_LIBGEN_H -DHAVE_LOCALE_H -DHAVE_NET_IF_H -DHAVE_NETDB_H -DHAVE_NETINET_IN_H -DHAVE_NETINET_TCP_H -DHAVE_POLL_H -DHAVE_PWD_H -DHAVE_SETJMP_H -DHAVE_SGTTY_H -DHAVE_SIGNAL_H -DHAVE_STDBOOL_H -DHAVE_STDINT_H -DHAVE_STDIO_H -DHAVE_STDLIB_H -DHAVE_STRING_H -DHAVE_STRINGS_H -DHAVE_TERMIOS_H -DHAVE_TIME_H -DHAVE_UNISTD_H -DHAVE_UTIME_H -DHAVE_STDDEF_H -DHAVE_DLFCN_H -DHAVE_MEMORY_H -DHAVE_NETINET_IF_ETHER_H -DHAVE_STDINT_H -DHAVE_SYS_UTSNAME_H -arch arm64 -fPIE -MD -MT CMakeFiles/cmTC_bd79d.dir/CurlTests.c.o -MF CMakeFiles/cmTC_bd79d.dir/CurlTests.c.o.d -o CMakeFiles/cmTC_bd79d.dir/CurlTests.c.o -c /Users/sanilawijesekara/Documents/gsoc/Root/root-GSOC/root-build/builtins/davix/DAVIX-prefix/src/DAVIX/deps/curl/CMake/CurlTests.c
/Users/sanilawijesekara/Documents/gsoc/Root/root-GSOC/root-build/builtins/davix/DAVIX-prefix/src/DAVIX/deps/curl/CMake/CurlTests.c:122:9: error: use of undeclared identifier 'gethostbyaddr_r'
  122 |   (void)gethostbyaddr_r;
      |         ^
/Users/sanilawijesekara/Documents/gsoc/Root/root-GSOC/root-build/builtins/davix/DAVIX-prefix/src/DAVIX/deps/curl/CMake/CurlTests.c:135:8: error: call to undeclared function 'gethostbyaddr_r'; ISO C99 and later do not support implicit function declarations [-Wimplicit-function-declaration]
  135 |   rc = gethostbyaddr_r(address, length, type, &h, buffer, 8192, &hp, &h_errnop);
      |        ^
/Users/sanilawijesekara/Documents/gsoc/Root/root-GSOC/root-build/builtins/davix/DAVIX-prefix/src/DAVIX/deps/curl/CMake/CurlTests.c:135:8: note: did you mean 'gethostbyaddr'?
/Library/Developer/CommandLineTools/SDKs/MacOSX.sdk/usr/include/netdb.h:274:17: note: 'gethostbyaddr' declared here
  274 | struct hostent  *gethostbyaddr(const void *, socklen_t, int);
      |                  ^
2 errors generated.
make[7]: *** [CMakeFiles/cmTC_bd79d.dir/CurlTests.c.o] Error 1
make[6]: *** [cmTC_bd79d/fast] Error 2


Performing Curl Test HAVE_GETHOSTBYADDR_R_5_REENTRANT failed with the following output:
Change Dir: '/Users/sanilawijesekara/Documents/gsoc/Root/root-GSOC/root-build/builtins/davix/DAVIX-prefix/src/DAVIX-build/deps/curl/CMakeFiles/CMakeTmp'

Run Build Command(s): /opt/homebrew/bin/cmake -E env VERBOSE=1 /usr/bin/make -f Makefile cmTC_10860/fast
/Library/Developer/CommandLineTools/usr/bin/make  -f CMakeFiles/cmTC_10860.dir/build.make CMakeFiles/cmTC_10860.dir/build
Building C object CMakeFiles/cmTC_10860.dir/CurlTests.c.o
/usr/bin/cc   -DHAVE_GETHOSTBYADDR_R_5_REENTRANT  -DHAVE_STDIO_H -DHAVE_INTTYPES_H -DHAVE_SYS_FILIO_H -DHAVE_SYS_IOCTL_H -DHAVE_SYS_PARAM_H -DHAVE_SYS_POLL_H -DHAVE_SYS_RESOURCE_H -DHAVE_SYS_SELECT_H -DHAVE_SYS_SOCKET_H -DHAVE_SYS_SOCKIO_H -DHAVE_SYS_STAT_H -DHAVE_SYS_TIME_H -DHAVE_SYS_TYPES_H -DHAVE_SYS_UIO_H -DHAVE_SYS_UN_H -DHAVE_SYS_XATTR_H -DHAVE_ALLOCA_H -DHAVE_ARPA_INET_H -DHAVE_ARPA_TFTP_H -DHAVE_ASSERT_H -DHAVE_ERR_H -DHAVE_ERRNO_H -DHAVE_FCNTL_H -DHAVE_IFADDRS_H -DHAVE_LIBGEN_H -DHAVE_LOCALE_H -DHAVE_NET_IF_H -DHAVE_NETDB_H -DHAVE_NETINET_IN_H -DHAVE_NETINET_TCP_H -DHAVE_POLL_H -DHAVE_PWD_H -DHAVE_SETJMP_H -DHAVE_SGTTY_H -DHAVE_SIGNAL_H -DHAVE_STDBOOL_H -DHAVE_STDINT_H -DHAVE_STDIO_H -DHAVE_STDLIB_H -DHAVE_STRING_H -DHAVE_STRINGS_H -DHAVE_TERMIOS_H -DHAVE_TIME_H -DHAVE_UNISTD_H -DHAVE_UTIME_H -DHAVE_STDDEF_H -DHAVE_DLFCN_H -DHAVE_MEMORY_H -DHAVE_NETINET_IF_ETHER_H -DHAVE_STDINT_H -DHAVE_SYS_UTSNAME_H -arch arm64 -fPIE -MD -MT CMakeFiles/cmTC_10860.dir/CurlTests.c.o -MF CMakeFiles/cmTC_10860.dir/CurlTests.c.o.d -o CMakeFiles/cmTC_10860.dir/CurlTests.c.o -c /Users/sanilawijesekara/Documents/gsoc/Root/root-GSOC/root-build/builtins/davix/DAVIX-prefix/src/DAVIX/deps/curl/CMake/CurlTests.c
/Users/sanilawijesekara/Documents/gsoc/Root/root-GSOC/root-build/builtins/davix/DAVIX-prefix/src/DAVIX/deps/curl/CMake/CurlTests.c:106:23: error: variable has incomplete type 'struct hostent_data'
  106 |   struct hostent_data hdata;
      |                       ^
/Users/sanilawijesekara/Documents/gsoc/Root/root-GSOC/root-build/builtins/davix/DAVIX-prefix/src/DAVIX/deps/curl/CMake/CurlTests.c:106:10: note: forward declaration of 'struct hostent_data'
  106 |   struct hostent_data hdata;
      |          ^
/Users/sanilawijesekara/Documents/gsoc/Root/root-GSOC/root-build/builtins/davix/DAVIX-prefix/src/DAVIX/deps/curl/CMake/CurlTests.c:122:9: error: use of undeclared identifier 'gethostbyaddr_r'
  122 |   (void)gethostbyaddr_r;
      |         ^
/Users/sanilawijesekara/Documents/gsoc/Root/root-GSOC/root-build/builtins/davix/DAVIX-prefix/src/DAVIX/deps/curl/CMake/CurlTests.c:127:8: error: call to undeclared function 'gethostbyaddr_r'; ISO C99 and later do not support implicit function declarations [-Wimplicit-function-declaration]
  127 |   rc = gethostbyaddr_r(address, length, type, &h, &hdata);
      |        ^
/Users/sanilawijesekara/Documents/gsoc/Root/root-GSOC/root-build/builtins/davix/DAVIX-prefix/src/DAVIX/deps/curl/CMake/CurlTests.c:127:8: note: did you mean 'gethostbyaddr'?
/Library/Developer/CommandLineTools/SDKs/MacOSX.sdk/usr/include/netdb.h:274:17: note: 'gethostbyaddr' declared here
  274 | struct hostent  *gethostbyaddr(const void *, socklen_t, int);
      |                  ^
3 errors generated.
make[7]: *** [CMakeFiles/cmTC_10860.dir/CurlTests.c.o] Error 1
make[6]: *** [cmTC_10860/fast] Error 2


Performing Curl Test HAVE_GETHOSTBYADDR_R_7_REENTRANT failed with the following output:
Change Dir: '/Users/sanilawijesekara/Documents/gsoc/Root/root-GSOC/root-build/builtins/davix/DAVIX-prefix/src/DAVIX-build/deps/curl/CMakeFiles/CMakeTmp'

Run Build Command(s): /opt/homebrew/bin/cmake -E env VERBOSE=1 /usr/bin/make -f Makefile cmTC_a7161/fast
/Library/Developer/CommandLineTools/usr/bin/make  -f CMakeFiles/cmTC_a7161.dir/build.make CMakeFiles/cmTC_a7161.dir/build
Building C object CMakeFiles/cmTC_a7161.dir/CurlTests.c.o
/usr/bin/cc   -DHAVE_GETHOSTBYADDR_R_7_REENTRANT  -DHAVE_STDIO_H -DHAVE_INTTYPES_H -DHAVE_SYS_FILIO_H -DHAVE_SYS_IOCTL_H -DHAVE_SYS_PARAM_H -DHAVE_SYS_POLL_H -DHAVE_SYS_RESOURCE_H -DHAVE_SYS_SELECT_H -DHAVE_SYS_SOCKET_H -DHAVE_SYS_SOCKIO_H -DHAVE_SYS_STAT_H -DHAVE_SYS_TIME_H -DHAVE_SYS_TYPES_H -DHAVE_SYS_UIO_H -DHAVE_SYS_UN_H -DHAVE_SYS_XATTR_H -DHAVE_ALLOCA_H -DHAVE_ARPA_INET_H -DHAVE_ARPA_TFTP_H -DHAVE_ASSERT_H -DHAVE_ERR_H -DHAVE_ERRNO_H -DHAVE_FCNTL_H -DHAVE_IFADDRS_H -DHAVE_LIBGEN_H -DHAVE_LOCALE_H -DHAVE_NET_IF_H -DHAVE_NETDB_H -DHAVE_NETINET_IN_H -DHAVE_NETINET_TCP_H -DHAVE_POLL_H -DHAVE_PWD_H -DHAVE_SETJMP_H -DHAVE_SGTTY_H -DHAVE_SIGNAL_H -DHAVE_STDBOOL_H -DHAVE_STDINT_H -DHAVE_STDIO_H -DHAVE_STDLIB_H -DHAVE_STRING_H -DHAVE_STRINGS_H -DHAVE_TERMIOS_H -DHAVE_TIME_H -DHAVE_UNISTD_H -DHAVE_UTIME_H -DHAVE_STDDEF_H -DHAVE_DLFCN_H -DHAVE_MEMORY_H -DHAVE_NETINET_IF_ETHER_H -DHAVE_STDINT_H -DHAVE_SYS_UTSNAME_H -arch arm64 -fPIE -MD -MT CMakeFiles/cmTC_a7161.dir/CurlTests.c.o -MF CMakeFiles/cmTC_a7161.dir/CurlTests.c.o.d -o CMakeFiles/cmTC_a7161.dir/CurlTests.c.o -c /Users/sanilawijesekara/Documents/gsoc/Root/root-GSOC/root-build/builtins/davix/DAVIX-prefix/src/DAVIX/deps/curl/CMake/CurlTests.c
/Users/sanilawijesekara/Documents/gsoc/Root/root-GSOC/root-build/builtins/davix/DAVIX-prefix/src/DAVIX/deps/curl/CMake/CurlTests.c:122:9: error: use of undeclared identifier 'gethostbyaddr_r'
  122 |   (void)gethostbyaddr_r;
      |         ^
/Users/sanilawijesekara/Documents/gsoc/Root/root-GSOC/root-build/builtins/davix/DAVIX-prefix/src/DAVIX/deps/curl/CMake/CurlTests.c:131:8: error: call to undeclared function 'gethostbyaddr_r'; ISO C99 and later do not support implicit function declarations [-Wimplicit-function-declaration]
  131 |   hp = gethostbyaddr_r(address, length, type, &h, buffer, 8192, &h_errnop);
      |        ^
/Users/sanilawijesekara/Documents/gsoc/Root/root-GSOC/root-build/builtins/davix/DAVIX-prefix/src/DAVIX/deps/curl/CMake/CurlTests.c:131:8: note: did you mean 'gethostbyaddr'?
/Library/Developer/CommandLineTools/SDKs/MacOSX.sdk/usr/include/netdb.h:274:17: note: 'gethostbyaddr' declared here
  274 | struct hostent  *gethostbyaddr(const void *, socklen_t, int);
      |                  ^
/Users/sanilawijesekara/Documents/gsoc/Root/root-GSOC/root-build/builtins/davix/DAVIX-prefix/src/DAVIX/deps/curl/CMake/CurlTests.c:131:6: error: incompatible integer to pointer conversion assigning to 'struct hostent *' from 'int' [-Wint-conversion]
  131 |   hp = gethostbyaddr_r(address, length, type, &h, buffer, 8192, &h_errnop);
      |      ^ ~~~~~~~~~~~~~~~~~~~~~~~~~~~~~~~~~~~~~~~~~~~~~~~~~~~~~~~~~~~~~~~~~~~
3 errors generated.
make[7]: *** [CMakeFiles/cmTC_a7161.dir/CurlTests.c.o] Error 1
make[6]: *** [cmTC_a7161/fast] Error 2


Performing Curl Test HAVE_GETHOSTBYADDR_R_8_REENTRANT failed with the following output:
Change Dir: '/Users/sanilawijesekara/Documents/gsoc/Root/root-GSOC/root-build/builtins/davix/DAVIX-prefix/src/DAVIX-build/deps/curl/CMakeFiles/CMakeTmp'

Run Build Command(s): /opt/homebrew/bin/cmake -E env VERBOSE=1 /usr/bin/make -f Makefile cmTC_ecc9b/fast
/Library/Developer/CommandLineTools/usr/bin/make  -f CMakeFiles/cmTC_ecc9b.dir/build.make CMakeFiles/cmTC_ecc9b.dir/build
Building C object CMakeFiles/cmTC_ecc9b.dir/CurlTests.c.o
/usr/bin/cc   -DHAVE_GETHOSTBYADDR_R_8_REENTRANT  -DHAVE_STDIO_H -DHAVE_INTTYPES_H -DHAVE_SYS_FILIO_H -DHAVE_SYS_IOCTL_H -DHAVE_SYS_PARAM_H -DHAVE_SYS_POLL_H -DHAVE_SYS_RESOURCE_H -DHAVE_SYS_SELECT_H -DHAVE_SYS_SOCKET_H -DHAVE_SYS_SOCKIO_H -DHAVE_SYS_STAT_H -DHAVE_SYS_TIME_H -DHAVE_SYS_TYPES_H -DHAVE_SYS_UIO_H -DHAVE_SYS_UN_H -DHAVE_SYS_XATTR_H -DHAVE_ALLOCA_H -DHAVE_ARPA_INET_H -DHAVE_ARPA_TFTP_H -DHAVE_ASSERT_H -DHAVE_ERR_H -DHAVE_ERRNO_H -DHAVE_FCNTL_H -DHAVE_IFADDRS_H -DHAVE_LIBGEN_H -DHAVE_LOCALE_H -DHAVE_NET_IF_H -DHAVE_NETDB_H -DHAVE_NETINET_IN_H -DHAVE_NETINET_TCP_H -DHAVE_POLL_H -DHAVE_PWD_H -DHAVE_SETJMP_H -DHAVE_SGTTY_H -DHAVE_SIGNAL_H -DHAVE_STDBOOL_H -DHAVE_STDINT_H -DHAVE_STDIO_H -DHAVE_STDLIB_H -DHAVE_STRING_H -DHAVE_STRINGS_H -DHAVE_TERMIOS_H -DHAVE_TIME_H -DHAVE_UNISTD_H -DHAVE_UTIME_H -DHAVE_STDDEF_H -DHAVE_DLFCN_H -DHAVE_MEMORY_H -DHAVE_NETINET_IF_ETHER_H -DHAVE_STDINT_H -DHAVE_SYS_UTSNAME_H -arch arm64 -fPIE -MD -MT CMakeFiles/cmTC_ecc9b.dir/CurlTests.c.o -MF CMakeFiles/cmTC_ecc9b.dir/CurlTests.c.o.d -o CMakeFiles/cmTC_ecc9b.dir/CurlTests.c.o -c /Users/sanilawijesekara/Documents/gsoc/Root/root-GSOC/root-build/builtins/davix/DAVIX-prefix/src/DAVIX/deps/curl/CMake/CurlTests.c
/Users/sanilawijesekara/Documents/gsoc/Root/root-GSOC/root-build/builtins/davix/DAVIX-prefix/src/DAVIX/deps/curl/CMake/CurlTests.c:122:9: error: use of undeclared identifier 'gethostbyaddr_r'
  122 |   (void)gethostbyaddr_r;
      |         ^
/Users/sanilawijesekara/Documents/gsoc/Root/root-GSOC/root-build/builtins/davix/DAVIX-prefix/src/DAVIX/deps/curl/CMake/CurlTests.c:135:8: error: call to undeclared function 'gethostbyaddr_r'; ISO C99 and later do not support implicit function declarations [-Wimplicit-function-declaration]
  135 |   rc = gethostbyaddr_r(address, length, type, &h, buffer, 8192, &hp, &h_errnop);
      |        ^
/Users/sanilawijesekara/Documents/gsoc/Root/root-GSOC/root-build/builtins/davix/DAVIX-prefix/src/DAVIX/deps/curl/CMake/CurlTests.c:135:8: note: did you mean 'gethostbyaddr'?
/Library/Developer/CommandLineTools/SDKs/MacOSX.sdk/usr/include/netdb.h:274:17: note: 'gethostbyaddr' declared here
  274 | struct hostent  *gethostbyaddr(const void *, socklen_t, int);
      |                  ^
2 errors generated.
make[7]: *** [CMakeFiles/cmTC_ecc9b.dir/CurlTests.c.o] Error 1
make[6]: *** [cmTC_ecc9b/fast] Error 2


Performing Curl Test HAVE_GETHOSTBYNAME_R_3 failed with the following output:
Change Dir: '/Users/sanilawijesekara/Documents/gsoc/Root/root-GSOC/root-build/builtins/davix/DAVIX-prefix/src/DAVIX-build/deps/curl/CMakeFiles/CMakeTmp'

Run Build Command(s): /opt/homebrew/bin/cmake -E env VERBOSE=1 /usr/bin/make -f Makefile cmTC_6f9d1/fast
/Library/Developer/CommandLineTools/usr/bin/make  -f CMakeFiles/cmTC_6f9d1.dir/build.make CMakeFiles/cmTC_6f9d1.dir/build
Building C object CMakeFiles/cmTC_6f9d1.dir/CurlTests.c.o
/usr/bin/cc   -DHAVE_GETHOSTBYNAME_R_3  -DHAVE_STDIO_H -DHAVE_INTTYPES_H -DHAVE_SYS_FILIO_H -DHAVE_SYS_IOCTL_H -DHAVE_SYS_PARAM_H -DHAVE_SYS_POLL_H -DHAVE_SYS_RESOURCE_H -DHAVE_SYS_SELECT_H -DHAVE_SYS_SOCKET_H -DHAVE_SYS_SOCKIO_H -DHAVE_SYS_STAT_H -DHAVE_SYS_TIME_H -DHAVE_SYS_TYPES_H -DHAVE_SYS_UIO_H -DHAVE_SYS_UN_H -DHAVE_SYS_XATTR_H -DHAVE_ALLOCA_H -DHAVE_ARPA_INET_H -DHAVE_ARPA_TFTP_H -DHAVE_ASSERT_H -DHAVE_ERR_H -DHAVE_ERRNO_H -DHAVE_FCNTL_H -DHAVE_IFADDRS_H -DHAVE_LIBGEN_H -DHAVE_LOCALE_H -DHAVE_NET_IF_H -DHAVE_NETDB_H -DHAVE_NETINET_IN_H -DHAVE_NETINET_TCP_H -DHAVE_POLL_H -DHAVE_PWD_H -DHAVE_SETJMP_H -DHAVE_SGTTY_H -DHAVE_SIGNAL_H -DHAVE_STDBOOL_H -DHAVE_STDINT_H -DHAVE_STDIO_H -DHAVE_STDLIB_H -DHAVE_STRING_H -DHAVE_STRINGS_H -DHAVE_TERMIOS_H -DHAVE_TIME_H -DHAVE_UNISTD_H -DHAVE_UTIME_H -DHAVE_STDDEF_H -DHAVE_DLFCN_H -DHAVE_MEMORY_H -DHAVE_NETINET_IF_ETHER_H -DHAVE_STDINT_H -DHAVE_SYS_UTSNAME_H -arch arm64 -fPIE -MD -MT CMakeFiles/cmTC_6f9d1.dir/CurlTests.c.o -MF CMakeFiles/cmTC_6f9d1.dir/CurlTests.c.o.d -o CMakeFiles/cmTC_6f9d1.dir/CurlTests.c.o -c /Users/sanilawijesekara/Documents/gsoc/Root/root-GSOC/root-build/builtins/davix/DAVIX-prefix/src/DAVIX/deps/curl/CMake/CurlTests.c
/Users/sanilawijesekara/Documents/gsoc/Root/root-GSOC/root-build/builtins/davix/DAVIX-prefix/src/DAVIX/deps/curl/CMake/CurlTests.c:106:23: error: variable has incomplete type 'struct hostent_data'
  106 |   struct hostent_data hdata;
      |                       ^
/Users/sanilawijesekara/Documents/gsoc/Root/root-GSOC/root-build/builtins/davix/DAVIX-prefix/src/DAVIX/deps/curl/CMake/CurlTests.c:106:10: note: forward declaration of 'struct hostent_data'
  106 |   struct hostent_data hdata;
      |          ^
/Users/sanilawijesekara/Documents/gsoc/Root/root-GSOC/root-build/builtins/davix/DAVIX-prefix/src/DAVIX/deps/curl/CMake/CurlTests.c:122:9: error: use of undeclared identifier 'gethostbyaddr_r'
  122 |   (void)gethostbyaddr_r;
      |         ^
/Users/sanilawijesekara/Documents/gsoc/Root/root-GSOC/root-build/builtins/davix/DAVIX-prefix/src/DAVIX/deps/curl/CMake/CurlTests.c:141:8: error: call to undeclared function 'gethostbyname_r'; ISO C99 and later do not support implicit function declarations [-Wimplicit-function-declaration]
  141 |   rc = gethostbyname_r(address, &h, &hdata);
      |        ^
3 errors generated.
make[7]: *** [CMakeFiles/cmTC_6f9d1.dir/CurlTests.c.o] Error 1
make[6]: *** [cmTC_6f9d1/fast] Error 2


Performing Curl Test HAVE_GETHOSTBYNAME_R_5 failed with the following output:
Change Dir: '/Users/sanilawijesekara/Documents/gsoc/Root/root-GSOC/root-build/builtins/davix/DAVIX-prefix/src/DAVIX-build/deps/curl/CMakeFiles/CMakeTmp'

Run Build Command(s): /opt/homebrew/bin/cmake -E env VERBOSE=1 /usr/bin/make -f Makefile cmTC_463b1/fast
/Library/Developer/CommandLineTools/usr/bin/make  -f CMakeFiles/cmTC_463b1.dir/build.make CMakeFiles/cmTC_463b1.dir/build
Building C object CMakeFiles/cmTC_463b1.dir/CurlTests.c.o
/usr/bin/cc   -DHAVE_GETHOSTBYNAME_R_5  -DHAVE_STDIO_H -DHAVE_INTTYPES_H -DHAVE_SYS_FILIO_H -DHAVE_SYS_IOCTL_H -DHAVE_SYS_PARAM_H -DHAVE_SYS_POLL_H -DHAVE_SYS_RESOURCE_H -DHAVE_SYS_SELECT_H -DHAVE_SYS_SOCKET_H -DHAVE_SYS_SOCKIO_H -DHAVE_SYS_STAT_H -DHAVE_SYS_TIME_H -DHAVE_SYS_TYPES_H -DHAVE_SYS_UIO_H -DHAVE_SYS_UN_H -DHAVE_SYS_XATTR_H -DHAVE_ALLOCA_H -DHAVE_ARPA_INET_H -DHAVE_ARPA_TFTP_H -DHAVE_ASSERT_H -DHAVE_ERR_H -DHAVE_ERRNO_H -DHAVE_FCNTL_H -DHAVE_IFADDRS_H -DHAVE_LIBGEN_H -DHAVE_LOCALE_H -DHAVE_NET_IF_H -DHAVE_NETDB_H -DHAVE_NETINET_IN_H -DHAVE_NETINET_TCP_H -DHAVE_POLL_H -DHAVE_PWD_H -DHAVE_SETJMP_H -DHAVE_SGTTY_H -DHAVE_SIGNAL_H -DHAVE_STDBOOL_H -DHAVE_STDINT_H -DHAVE_STDIO_H -DHAVE_STDLIB_H -DHAVE_STRING_H -DHAVE_STRINGS_H -DHAVE_TERMIOS_H -DHAVE_TIME_H -DHAVE_UNISTD_H -DHAVE_UTIME_H -DHAVE_STDDEF_H -DHAVE_DLFCN_H -DHAVE_MEMORY_H -DHAVE_NETINET_IF_ETHER_H -DHAVE_STDINT_H -DHAVE_SYS_UTSNAME_H -arch arm64 -fPIE -MD -MT CMakeFiles/cmTC_463b1.dir/CurlTests.c.o -MF CMakeFiles/cmTC_463b1.dir/CurlTests.c.o.d -o CMakeFiles/cmTC_463b1.dir/CurlTests.c.o -c /Users/sanilawijesekara/Documents/gsoc/Root/root-GSOC/root-build/builtins/davix/DAVIX-prefix/src/DAVIX/deps/curl/CMake/CurlTests.c
/Users/sanilawijesekara/Documents/gsoc/Root/root-GSOC/root-build/builtins/davix/DAVIX-prefix/src/DAVIX/deps/curl/CMake/CurlTests.c:122:9: error: use of undeclared identifier 'gethostbyaddr_r'
  122 |   (void)gethostbyaddr_r;
      |         ^
/Users/sanilawijesekara/Documents/gsoc/Root/root-GSOC/root-build/builtins/davix/DAVIX-prefix/src/DAVIX/deps/curl/CMake/CurlTests.c:144:8: error: call to undeclared function 'gethostbyname_r'; ISO C99 and later do not support implicit function declarations [-Wimplicit-function-declaration]
  144 |   rc = gethostbyname_r(address, &h, buffer, 8192, &h_errnop);
      |        ^
2 errors generated.
make[7]: *** [CMakeFiles/cmTC_463b1.dir/CurlTests.c.o] Error 1
make[6]: *** [cmTC_463b1/fast] Error 2


Performing Curl Test HAVE_GETHOSTBYNAME_R_6 failed with the following output:
Change Dir: '/Users/sanilawijesekara/Documents/gsoc/Root/root-GSOC/root-build/builtins/davix/DAVIX-prefix/src/DAVIX-build/deps/curl/CMakeFiles/CMakeTmp'

Run Build Command(s): /opt/homebrew/bin/cmake -E env VERBOSE=1 /usr/bin/make -f Makefile cmTC_2b1d7/fast
/Library/Developer/CommandLineTools/usr/bin/make  -f CMakeFiles/cmTC_2b1d7.dir/build.make CMakeFiles/cmTC_2b1d7.dir/build
Building C object CMakeFiles/cmTC_2b1d7.dir/CurlTests.c.o
/usr/bin/cc   -DHAVE_GETHOSTBYNAME_R_6  -DHAVE_STDIO_H -DHAVE_INTTYPES_H -DHAVE_SYS_FILIO_H -DHAVE_SYS_IOCTL_H -DHAVE_SYS_PARAM_H -DHAVE_SYS_POLL_H -DHAVE_SYS_RESOURCE_H -DHAVE_SYS_SELECT_H -DHAVE_SYS_SOCKET_H -DHAVE_SYS_SOCKIO_H -DHAVE_SYS_STAT_H -DHAVE_SYS_TIME_H -DHAVE_SYS_TYPES_H -DHAVE_SYS_UIO_H -DHAVE_SYS_UN_H -DHAVE_SYS_XATTR_H -DHAVE_ALLOCA_H -DHAVE_ARPA_INET_H -DHAVE_ARPA_TFTP_H -DHAVE_ASSERT_H -DHAVE_ERR_H -DHAVE_ERRNO_H -DHAVE_FCNTL_H -DHAVE_IFADDRS_H -DHAVE_LIBGEN_H -DHAVE_LOCALE_H -DHAVE_NET_IF_H -DHAVE_NETDB_H -DHAVE_NETINET_IN_H -DHAVE_NETINET_TCP_H -DHAVE_POLL_H -DHAVE_PWD_H -DHAVE_SETJMP_H -DHAVE_SGTTY_H -DHAVE_SIGNAL_H -DHAVE_STDBOOL_H -DHAVE_STDINT_H -DHAVE_STDIO_H -DHAVE_STDLIB_H -DHAVE_STRING_H -DHAVE_STRINGS_H -DHAVE_TERMIOS_H -DHAVE_TIME_H -DHAVE_UNISTD_H -DHAVE_UTIME_H -DHAVE_STDDEF_H -DHAVE_DLFCN_H -DHAVE_MEMORY_H -DHAVE_NETINET_IF_ETHER_H -DHAVE_STDINT_H -DHAVE_SYS_UTSNAME_H -arch arm64 -fPIE -MD -MT CMakeFiles/cmTC_2b1d7.dir/CurlTests.c.o -MF CMakeFiles/cmTC_2b1d7.dir/CurlTests.c.o.d -o CMakeFiles/cmTC_2b1d7.dir/CurlTests.c.o -c /Users/sanilawijesekara/Documents/gsoc/Root/root-GSOC/root-build/builtins/davix/DAVIX-prefix/src/DAVIX/deps/curl/CMake/CurlTests.c
/Users/sanilawijesekara/Documents/gsoc/Root/root-GSOC/root-build/builtins/davix/DAVIX-prefix/src/DAVIX/deps/curl/CMake/CurlTests.c:122:9: error: use of undeclared identifier 'gethostbyaddr_r'
  122 |   (void)gethostbyaddr_r;
      |         ^
/Users/sanilawijesekara/Documents/gsoc/Root/root-GSOC/root-build/builtins/davix/DAVIX-prefix/src/DAVIX/deps/curl/CMake/CurlTests.c:148:8: error: call to undeclared function 'gethostbyname_r'; ISO C99 and later do not support implicit function declarations [-Wimplicit-function-declaration]
  148 |   rc = gethostbyname_r(address, &h, buffer, 8192, &hp, &h_errnop);
      |        ^
2 errors generated.
make[7]: *** [CMakeFiles/cmTC_2b1d7.dir/CurlTests.c.o] Error 1
make[6]: *** [cmTC_2b1d7/fast] Error 2


Performing Curl Test HAVE_GETHOSTBYNAME_R_3_REENTRANT failed with the following output:
Change Dir: '/Users/sanilawijesekara/Documents/gsoc/Root/root-GSOC/root-build/builtins/davix/DAVIX-prefix/src/DAVIX-build/deps/curl/CMakeFiles/CMakeTmp'

Run Build Command(s): /opt/homebrew/bin/cmake -E env VERBOSE=1 /usr/bin/make -f Makefile cmTC_7d4fa/fast
/Library/Developer/CommandLineTools/usr/bin/make  -f CMakeFiles/cmTC_7d4fa.dir/build.make CMakeFiles/cmTC_7d4fa.dir/build
Building C object CMakeFiles/cmTC_7d4fa.dir/CurlTests.c.o
/usr/bin/cc   -DHAVE_GETHOSTBYNAME_R_3_REENTRANT  -DHAVE_STDIO_H -DHAVE_INTTYPES_H -DHAVE_SYS_FILIO_H -DHAVE_SYS_IOCTL_H -DHAVE_SYS_PARAM_H -DHAVE_SYS_POLL_H -DHAVE_SYS_RESOURCE_H -DHAVE_SYS_SELECT_H -DHAVE_SYS_SOCKET_H -DHAVE_SYS_SOCKIO_H -DHAVE_SYS_STAT_H -DHAVE_SYS_TIME_H -DHAVE_SYS_TYPES_H -DHAVE_SYS_UIO_H -DHAVE_SYS_UN_H -DHAVE_SYS_XATTR_H -DHAVE_ALLOCA_H -DHAVE_ARPA_INET_H -DHAVE_ARPA_TFTP_H -DHAVE_ASSERT_H -DHAVE_ERR_H -DHAVE_ERRNO_H -DHAVE_FCNTL_H -DHAVE_IFADDRS_H -DHAVE_LIBGEN_H -DHAVE_LOCALE_H -DHAVE_NET_IF_H -DHAVE_NETDB_H -DHAVE_NETINET_IN_H -DHAVE_NETINET_TCP_H -DHAVE_POLL_H -DHAVE_PWD_H -DHAVE_SETJMP_H -DHAVE_SGTTY_H -DHAVE_SIGNAL_H -DHAVE_STDBOOL_H -DHAVE_STDINT_H -DHAVE_STDIO_H -DHAVE_STDLIB_H -DHAVE_STRING_H -DHAVE_STRINGS_H -DHAVE_TERMIOS_H -DHAVE_TIME_H -DHAVE_UNISTD_H -DHAVE_UTIME_H -DHAVE_STDDEF_H -DHAVE_DLFCN_H -DHAVE_MEMORY_H -DHAVE_NETINET_IF_ETHER_H -DHAVE_STDINT_H -DHAVE_SYS_UTSNAME_H -arch arm64 -fPIE -MD -MT CMakeFiles/cmTC_7d4fa.dir/CurlTests.c.o -MF CMakeFiles/cmTC_7d4fa.dir/CurlTests.c.o.d -o CMakeFiles/cmTC_7d4fa.dir/CurlTests.c.o -c /Users/sanilawijesekara/Documents/gsoc/Root/root-GSOC/root-build/builtins/davix/DAVIX-prefix/src/DAVIX/deps/curl/CMake/CurlTests.c
/Users/sanilawijesekara/Documents/gsoc/Root/root-GSOC/root-build/builtins/davix/DAVIX-prefix/src/DAVIX/deps/curl/CMake/CurlTests.c:106:23: error: variable has incomplete type 'struct hostent_data'
  106 |   struct hostent_data hdata;
      |                       ^
/Users/sanilawijesekara/Documents/gsoc/Root/root-GSOC/root-build/builtins/davix/DAVIX-prefix/src/DAVIX/deps/curl/CMake/CurlTests.c:106:10: note: forward declaration of 'struct hostent_data'
  106 |   struct hostent_data hdata;
      |          ^
/Users/sanilawijesekara/Documents/gsoc/Root/root-GSOC/root-build/builtins/davix/DAVIX-prefix/src/DAVIX/deps/curl/CMake/CurlTests.c:122:9: error: use of undeclared identifier 'gethostbyaddr_r'
  122 |   (void)gethostbyaddr_r;
      |         ^
/Users/sanilawijesekara/Documents/gsoc/Root/root-GSOC/root-build/builtins/davix/DAVIX-prefix/src/DAVIX/deps/curl/CMake/CurlTests.c:141:8: error: call to undeclared function 'gethostbyname_r'; ISO C99 and later do not support implicit function declarations [-Wimplicit-function-declaration]
  141 |   rc = gethostbyname_r(address, &h, &hdata);
      |        ^
3 errors generated.
make[7]: *** [CMakeFiles/cmTC_7d4fa.dir/CurlTests.c.o] Error 1
make[6]: *** [cmTC_7d4fa/fast] Error 2


Performing Curl Test HAVE_GETHOSTBYNAME_R_5_REENTRANT failed with the following output:
Change Dir: '/Users/sanilawijesekara/Documents/gsoc/Root/root-GSOC/root-build/builtins/davix/DAVIX-prefix/src/DAVIX-build/deps/curl/CMakeFiles/CMakeTmp'

Run Build Command(s): /opt/homebrew/bin/cmake -E env VERBOSE=1 /usr/bin/make -f Makefile cmTC_b4821/fast
/Library/Developer/CommandLineTools/usr/bin/make  -f CMakeFiles/cmTC_b4821.dir/build.make CMakeFiles/cmTC_b4821.dir/build
Building C object CMakeFiles/cmTC_b4821.dir/CurlTests.c.o
/usr/bin/cc   -DHAVE_GETHOSTBYNAME_R_5_REENTRANT  -DHAVE_STDIO_H -DHAVE_INTTYPES_H -DHAVE_SYS_FILIO_H -DHAVE_SYS_IOCTL_H -DHAVE_SYS_PARAM_H -DHAVE_SYS_POLL_H -DHAVE_SYS_RESOURCE_H -DHAVE_SYS_SELECT_H -DHAVE_SYS_SOCKET_H -DHAVE_SYS_SOCKIO_H -DHAVE_SYS_STAT_H -DHAVE_SYS_TIME_H -DHAVE_SYS_TYPES_H -DHAVE_SYS_UIO_H -DHAVE_SYS_UN_H -DHAVE_SYS_XATTR_H -DHAVE_ALLOCA_H -DHAVE_ARPA_INET_H -DHAVE_ARPA_TFTP_H -DHAVE_ASSERT_H -DHAVE_ERR_H -DHAVE_ERRNO_H -DHAVE_FCNTL_H -DHAVE_IFADDRS_H -DHAVE_LIBGEN_H -DHAVE_LOCALE_H -DHAVE_NET_IF_H -DHAVE_NETDB_H -DHAVE_NETINET_IN_H -DHAVE_NETINET_TCP_H -DHAVE_POLL_H -DHAVE_PWD_H -DHAVE_SETJMP_H -DHAVE_SGTTY_H -DHAVE_SIGNAL_H -DHAVE_STDBOOL_H -DHAVE_STDINT_H -DHAVE_STDIO_H -DHAVE_STDLIB_H -DHAVE_STRING_H -DHAVE_STRINGS_H -DHAVE_TERMIOS_H -DHAVE_TIME_H -DHAVE_UNISTD_H -DHAVE_UTIME_H -DHAVE_STDDEF_H -DHAVE_DLFCN_H -DHAVE_MEMORY_H -DHAVE_NETINET_IF_ETHER_H -DHAVE_STDINT_H -DHAVE_SYS_UTSNAME_H -arch arm64 -fPIE -MD -MT CMakeFiles/cmTC_b4821.dir/CurlTests.c.o -MF CMakeFiles/cmTC_b4821.dir/CurlTests.c.o.d -o CMakeFiles/cmTC_b4821.dir/CurlTests.c.o -c /Users/sanilawijesekara/Documents/gsoc/Root/root-GSOC/root-build/builtins/davix/DAVIX-prefix/src/DAVIX/deps/curl/CMake/CurlTests.c
/Users/sanilawijesekara/Documents/gsoc/Root/root-GSOC/root-build/builtins/davix/DAVIX-prefix/src/DAVIX/deps/curl/CMake/CurlTests.c:122:9: error: use of undeclared identifier 'gethostbyaddr_r'
  122 |   (void)gethostbyaddr_r;
      |         ^
/Users/sanilawijesekara/Documents/gsoc/Root/root-GSOC/root-build/builtins/davix/DAVIX-prefix/src/DAVIX/deps/curl/CMake/CurlTests.c:144:8: error: call to undeclared function 'gethostbyname_r'; ISO C99 and later do not support implicit function declarations [-Wimplicit-function-declaration]
  144 |   rc = gethostbyname_r(address, &h, buffer, 8192, &h_errnop);
      |        ^
2 errors generated.
make[7]: *** [CMakeFiles/cmTC_b4821.dir/CurlTests.c.o] Error 1
make[6]: *** [cmTC_b4821/fast] Error 2


Performing Curl Test HAVE_GETHOSTBYNAME_R_6_REENTRANT failed with the following output:
Change Dir: '/Users/sanilawijesekara/Documents/gsoc/Root/root-GSOC/root-build/builtins/davix/DAVIX-prefix/src/DAVIX-build/deps/curl/CMakeFiles/CMakeTmp'

Run Build Command(s): /opt/homebrew/bin/cmake -E env VERBOSE=1 /usr/bin/make -f Makefile cmTC_714fe/fast
/Library/Developer/CommandLineTools/usr/bin/make  -f CMakeFiles/cmTC_714fe.dir/build.make CMakeFiles/cmTC_714fe.dir/build
Building C object CMakeFiles/cmTC_714fe.dir/CurlTests.c.o
/usr/bin/cc   -DHAVE_GETHOSTBYNAME_R_6_REENTRANT  -DHAVE_STDIO_H -DHAVE_INTTYPES_H -DHAVE_SYS_FILIO_H -DHAVE_SYS_IOCTL_H -DHAVE_SYS_PARAM_H -DHAVE_SYS_POLL_H -DHAVE_SYS_RESOURCE_H -DHAVE_SYS_SELECT_H -DHAVE_SYS_SOCKET_H -DHAVE_SYS_SOCKIO_H -DHAVE_SYS_STAT_H -DHAVE_SYS_TIME_H -DHAVE_SYS_TYPES_H -DHAVE_SYS_UIO_H -DHAVE_SYS_UN_H -DHAVE_SYS_XATTR_H -DHAVE_ALLOCA_H -DHAVE_ARPA_INET_H -DHAVE_ARPA_TFTP_H -DHAVE_ASSERT_H -DHAVE_ERR_H -DHAVE_ERRNO_H -DHAVE_FCNTL_H -DHAVE_IFADDRS_H -DHAVE_LIBGEN_H -DHAVE_LOCALE_H -DHAVE_NET_IF_H -DHAVE_NETDB_H -DHAVE_NETINET_IN_H -DHAVE_NETINET_TCP_H -DHAVE_POLL_H -DHAVE_PWD_H -DHAVE_SETJMP_H -DHAVE_SGTTY_H -DHAVE_SIGNAL_H -DHAVE_STDBOOL_H -DHAVE_STDINT_H -DHAVE_STDIO_H -DHAVE_STDLIB_H -DHAVE_STRING_H -DHAVE_STRINGS_H -DHAVE_TERMIOS_H -DHAVE_TIME_H -DHAVE_UNISTD_H -DHAVE_UTIME_H -DHAVE_STDDEF_H -DHAVE_DLFCN_H -DHAVE_MEMORY_H -DHAVE_NETINET_IF_ETHER_H -DHAVE_STDINT_H -DHAVE_SYS_UTSNAME_H -arch arm64 -fPIE -MD -MT CMakeFiles/cmTC_714fe.dir/CurlTests.c.o -MF CMakeFiles/cmTC_714fe.dir/CurlTests.c.o.d -o CMakeFiles/cmTC_714fe.dir/CurlTests.c.o -c /Users/sanilawijesekara/Documents/gsoc/Root/root-GSOC/root-build/builtins/davix/DAVIX-prefix/src/DAVIX/deps/curl/CMake/CurlTests.c
/Users/sanilawijesekara/Documents/gsoc/Root/root-GSOC/root-build/builtins/davix/DAVIX-prefix/src/DAVIX/deps/curl/CMake/CurlTests.c:122:9: error: use of undeclared identifier 'gethostbyaddr_r'
  122 |   (void)gethostbyaddr_r;
      |         ^
/Users/sanilawijesekara/Documents/gsoc/Root/root-GSOC/root-build/builtins/davix/DAVIX-prefix/src/DAVIX/deps/curl/CMake/CurlTests.c:148:8: error: call to undeclared function 'gethostbyname_r'; ISO C99 and later do not support implicit function declarations [-Wimplicit-function-declaration]
  148 |   rc = gethostbyname_r(address, &h, buffer, 8192, &hp, &h_errnop);
      |        ^
2 errors generated.
make[7]: *** [CMakeFiles/cmTC_714fe.dir/CurlTests.c.o] Error 1
make[6]: *** [cmTC_714fe/fast] Error 2


Performing Curl Test HAVE_INET_NTOA_R_DECL failed with the following output:
Change Dir: '/Users/sanilawijesekara/Documents/gsoc/Root/root-GSOC/root-build/builtins/davix/DAVIX-prefix/src/DAVIX-build/deps/curl/CMakeFiles/CMakeTmp'

Run Build Command(s): /opt/homebrew/bin/cmake -E env VERBOSE=1 /usr/bin/make -f Makefile cmTC_4cd5a/fast
/Library/Developer/CommandLineTools/usr/bin/make  -f CMakeFiles/cmTC_4cd5a.dir/build.make CMakeFiles/cmTC_4cd5a.dir/build
Building C object CMakeFiles/cmTC_4cd5a.dir/CurlTests.c.o
/usr/bin/cc   -DHAVE_INET_NTOA_R_DECL  -DHAVE_STDIO_H -DHAVE_INTTYPES_H -DHAVE_SYS_FILIO_H -DHAVE_SYS_IOCTL_H -DHAVE_SYS_PARAM_H -DHAVE_SYS_POLL_H -DHAVE_SYS_RESOURCE_H -DHAVE_SYS_SELECT_H -DHAVE_SYS_SOCKET_H -DHAVE_SYS_SOCKIO_H -DHAVE_SYS_STAT_H -DHAVE_SYS_TIME_H -DHAVE_SYS_TYPES_H -DHAVE_SYS_UIO_H -DHAVE_SYS_UN_H -DHAVE_SYS_XATTR_H -DHAVE_ALLOCA_H -DHAVE_ARPA_INET_H -DHAVE_ARPA_TFTP_H -DHAVE_ASSERT_H -DHAVE_ERR_H -DHAVE_ERRNO_H -DHAVE_FCNTL_H -DHAVE_IFADDRS_H -DHAVE_LIBGEN_H -DHAVE_LOCALE_H -DHAVE_NET_IF_H -DHAVE_NETDB_H -DHAVE_NETINET_IN_H -DHAVE_NETINET_TCP_H -DHAVE_POLL_H -DHAVE_PWD_H -DHAVE_SETJMP_H -DHAVE_SGTTY_H -DHAVE_SIGNAL_H -DHAVE_STDBOOL_H -DHAVE_STDINT_H -DHAVE_STDIO_H -DHAVE_STDLIB_H -DHAVE_STRING_H -DHAVE_STRINGS_H -DHAVE_TERMIOS_H -DHAVE_TIME_H -DHAVE_UNISTD_H -DHAVE_UTIME_H -DHAVE_STDDEF_H -DHAVE_DLFCN_H -DHAVE_MEMORY_H -DHAVE_NETINET_IF_ETHER_H -DHAVE_STDINT_H -DHAVE_SYS_UTSNAME_H -arch arm64 -fPIE -MD -MT CMakeFiles/cmTC_4cd5a.dir/CurlTests.c.o -MF CMakeFiles/cmTC_4cd5a.dir/CurlTests.c.o.d -o CMakeFiles/cmTC_4cd5a.dir/CurlTests.c.o -c /Users/sanilawijesekara/Documents/gsoc/Root/root-GSOC/root-build/builtins/davix/DAVIX-prefix/src/DAVIX/deps/curl/CMake/CurlTests.c
/Users/sanilawijesekara/Documents/gsoc/Root/root-GSOC/root-build/builtins/davix/DAVIX-prefix/src/DAVIX/deps/curl/CMake/CurlTests.c:244:21: error: use of undeclared identifier 'inet_ntoa_r'
  244 |   func = (func_type)inet_ntoa_r;
      |                     ^
1 error generated.
make[7]: *** [CMakeFiles/cmTC_4cd5a.dir/CurlTests.c.o] Error 1
make[6]: *** [cmTC_4cd5a/fast] Error 2


Performing Curl Test HAVE_INET_NTOA_R_DECL_REENTRANT failed with the following output:
Change Dir: '/Users/sanilawijesekara/Documents/gsoc/Root/root-GSOC/root-build/builtins/davix/DAVIX-prefix/src/DAVIX-build/deps/curl/CMakeFiles/CMakeTmp'

Run Build Command(s): /opt/homebrew/bin/cmake -E env VERBOSE=1 /usr/bin/make -f Makefile cmTC_3d88f/fast
/Library/Developer/CommandLineTools/usr/bin/make  -f CMakeFiles/cmTC_3d88f.dir/build.make CMakeFiles/cmTC_3d88f.dir/build
Building C object CMakeFiles/cmTC_3d88f.dir/CurlTests.c.o
/usr/bin/cc   -DHAVE_INET_NTOA_R_DECL_REENTRANT  -DHAVE_STDIO_H -DHAVE_INTTYPES_H -DHAVE_SYS_FILIO_H -DHAVE_SYS_IOCTL_H -DHAVE_SYS_PARAM_H -DHAVE_SYS_POLL_H -DHAVE_SYS_RESOURCE_H -DHAVE_SYS_SELECT_H -DHAVE_SYS_SOCKET_H -DHAVE_SYS_SOCKIO_H -DHAVE_SYS_STAT_H -DHAVE_SYS_TIME_H -DHAVE_SYS_TYPES_H -DHAVE_SYS_UIO_H -DHAVE_SYS_UN_H -DHAVE_SYS_XATTR_H -DHAVE_ALLOCA_H -DHAVE_ARPA_INET_H -DHAVE_ARPA_TFTP_H -DHAVE_ASSERT_H -DHAVE_ERR_H -DHAVE_ERRNO_H -DHAVE_FCNTL_H -DHAVE_IFADDRS_H -DHAVE_LIBGEN_H -DHAVE_LOCALE_H -DHAVE_NET_IF_H -DHAVE_NETDB_H -DHAVE_NETINET_IN_H -DHAVE_NETINET_TCP_H -DHAVE_POLL_H -DHAVE_PWD_H -DHAVE_SETJMP_H -DHAVE_SGTTY_H -DHAVE_SIGNAL_H -DHAVE_STDBOOL_H -DHAVE_STDINT_H -DHAVE_STDIO_H -DHAVE_STDLIB_H -DHAVE_STRING_H -DHAVE_STRINGS_H -DHAVE_TERMIOS_H -DHAVE_TIME_H -DHAVE_UNISTD_H -DHAVE_UTIME_H -DHAVE_STDDEF_H -DHAVE_DLFCN_H -DHAVE_MEMORY_H -DHAVE_NETINET_IF_ETHER_H -DHAVE_STDINT_H -DHAVE_SYS_UTSNAME_H -arch arm64 -fPIE -MD -MT CMakeFiles/cmTC_3d88f.dir/CurlTests.c.o -MF CMakeFiles/cmTC_3d88f.dir/CurlTests.c.o.d -o CMakeFiles/cmTC_3d88f.dir/CurlTests.c.o -c /Users/sanilawijesekara/Documents/gsoc/Root/root-GSOC/root-build/builtins/davix/DAVIX-prefix/src/DAVIX/deps/curl/CMake/CurlTests.c
/Users/sanilawijesekara/Documents/gsoc/Root/root-GSOC/root-build/builtins/davix/DAVIX-prefix/src/DAVIX/deps/curl/CMake/CurlTests.c:260:22: error: use of undeclared identifier 'inet_ntoa_r'; did you mean 'inet_ntoa'?
  260 |   func = (func_type)&inet_ntoa_r;
      |                      ^~~~~~~~~~~
      |                      inet_ntoa
/Library/Developer/CommandLineTools/SDKs/MacOSX.sdk/usr/include/arpa/inet.h:79:20: note: 'inet_ntoa' declared here
   79 | char            *_LIBC_CSTR  inet_ntoa(struct in_addr);
      |                              ^
1 error generated.
make[7]: *** [CMakeFiles/cmTC_3d88f.dir/CurlTests.c.o] Error 1
make[6]: *** [cmTC_3d88f/fast] Error 2


Performing Curl Test HAVE_GLIBC_STRERROR_R failed with the following output:
Change Dir: '/Users/sanilawijesekara/Documents/gsoc/Root/root-GSOC/root-build/builtins/davix/DAVIX-prefix/src/DAVIX-build/deps/curl/CMakeFiles/CMakeTmp'

Run Build Command(s): /opt/homebrew/bin/cmake -E env VERBOSE=1 /usr/bin/make -f Makefile cmTC_7c155/fast
/Library/Developer/CommandLineTools/usr/bin/make  -f CMakeFiles/cmTC_7c155.dir/build.make CMakeFiles/cmTC_7c155.dir/build
Building C object CMakeFiles/cmTC_7c155.dir/CurlTests.c.o
/usr/bin/cc   -DHAVE_GLIBC_STRERROR_R  -DHAVE_STDIO_H -DHAVE_INTTYPES_H -DHAVE_SYS_FILIO_H -DHAVE_SYS_IOCTL_H -DHAVE_SYS_PARAM_H -DHAVE_SYS_POLL_H -DHAVE_SYS_RESOURCE_H -DHAVE_SYS_SELECT_H -DHAVE_SYS_SOCKET_H -DHAVE_SYS_SOCKIO_H -DHAVE_SYS_STAT_H -DHAVE_SYS_TIME_H -DHAVE_SYS_TYPES_H -DHAVE_SYS_UIO_H -DHAVE_SYS_UN_H -DHAVE_SYS_XATTR_H -DHAVE_ALLOCA_H -DHAVE_ARPA_INET_H -DHAVE_ARPA_TFTP_H -DHAVE_ASSERT_H -DHAVE_ERR_H -DHAVE_ERRNO_H -DHAVE_FCNTL_H -DHAVE_IFADDRS_H -DHAVE_LIBGEN_H -DHAVE_LOCALE_H -DHAVE_NET_IF_H -DHAVE_NETDB_H -DHAVE_NETINET_IN_H -DHAVE_NETINET_TCP_H -DHAVE_POLL_H -DHAVE_PWD_H -DHAVE_SETJMP_H -DHAVE_SGTTY_H -DHAVE_SIGNAL_H -DHAVE_STDBOOL_H -DHAVE_STDINT_H -DHAVE_STDIO_H -DHAVE_STDLIB_H -DHAVE_STRING_H -DHAVE_STRINGS_H -DHAVE_TERMIOS_H -DHAVE_TIME_H -DHAVE_UNISTD_H -DHAVE_UTIME_H -DHAVE_STDDEF_H -DHAVE_DLFCN_H -DHAVE_MEMORY_H -DHAVE_NETINET_IF_ETHER_H -DHAVE_STDINT_H -DHAVE_SYS_UTSNAME_H -arch arm64 -fPIE -MD -MT CMakeFiles/cmTC_7c155.dir/CurlTests.c.o -MF CMakeFiles/cmTC_7c155.dir/CurlTests.c.o.d -o CMakeFiles/cmTC_7c155.dir/CurlTests.c.o -c /Users/sanilawijesekara/Documents/gsoc/Root/root-GSOC/root-build/builtins/davix/DAVIX-prefix/src/DAVIX/deps/curl/CMake/CurlTests.c
/Users/sanilawijesekara/Documents/gsoc/Root/root-GSOC/root-build/builtins/davix/DAVIX-prefix/src/DAVIX/deps/curl/CMake/CurlTests.c:521:51: error: subscripted value is not an array, pointer, or vector
  521 |   check(strerror_r(EACCES, buffer, sizeof(buffer))[0]);
      |         ~~~~~~~~~~~~~~~~~~~~~~~~~~~~~~~~~~~~~~~~~~^~
1 error generated.
make[7]: *** [CMakeFiles/cmTC_7c155.dir/CurlTests.c.o] Error 1
make[6]: *** [cmTC_7c155/fast] Error 2


