make[3]: warning: jobserver unavailable: using -j1.  Add `+' to parent make rule.
CMake Warning at CMakeLists.txt:51 (message):
  the curl cmake build system is poorly maintained.  Be aware


CMake Warning at CMake/Macros.cmake:86 (message):
  Found no *nroff program
Call Stack (most recent call first):
  CMakeLists.txt:215 (curl_nroff_check)


+ '[' -f lib/curl_config.h ']'
+ echo '#include<time.h>
        int main() { struct timespec ts; clock_gettime(CLOCK_MONOTONIC, &ts); return 0; }'
+ gcc test.c -o /dev/null
+ '[' 0 -ne 0 ']'
+ rm test.c
/Users/sanilawijesekara/Documents/gsoc/Root/root-GSOC/root-build/builtins/davix/DAVIX-prefix/src/DAVIX/deps/curl/lib/mprintf.c:949:10: warning: 'sprintf' is deprecated: This function is provided for compatibility reasons only.  Due to security concerns inherent in the design of sprintf(3), it is highly recommended that you use snprintf(3) instead. [-Wdeprecated-declarations]
  949 |         (sprintf)(work, formatbuf, p->data.dnum);
      |          ^
/Library/Developer/CommandLineTools/SDKs/MacOSX.sdk/usr/include/_stdio.h:278:1: note: 'sprintf' has been explicitly marked deprecated here
  278 | __deprecated_msg("This function is provided for compatibility reasons only.  Due to security concerns inherent in the design of sprintf(3), it is highly recommended that you use snprintf(3) instead.")
      | ^
/Library/Developer/CommandLineTools/SDKs/MacOSX.sdk/usr/include/sys/cdefs.h:227:48: note: expanded from macro '__deprecated_msg'
  227 |         #define __deprecated_msg(_msg) __attribute__((__deprecated__(_msg)))
      |                                                       ^
1 warning generated.
/Users/sanilawijesekara/Documents/gsoc/Root/root-GSOC/root-build/builtins/davix/DAVIX-prefix/src/DAVIX/deps/curl/lib/md4.c:116:9: warning: 'CC_MD4_Init' is deprecated: first deprecated in macOS 10.15 - This function is cryptographically broken and should not be used in security contexts. Clients should migrate to SHA256 (or stronger). [-Wdeprecated-declarations]
  116 |   (void)CC_MD4_Init(ctx);
      |         ^
/Library/Developer/CommandLineTools/SDKs/MacOSX.sdk/usr/include/CommonCrypto/CommonDigest.h:106:12: note: 'CC_MD4_Init' has been explicitly marked deprecated here
  106 | extern int CC_MD4_Init(CC_MD4_CTX *c)
      |            ^
/Users/sanilawijesekara/Documents/gsoc/Root/root-GSOC/root-build/builtins/davix/DAVIX-prefix/src/DAVIX/deps/curl/lib/md4.c:121:9: warning: 'CC_MD4_Update' is deprecated: first deprecated in macOS 10.15 - This function is cryptographically broken and should not be used in security contexts. Clients should migrate to SHA256 (or stronger). [-Wdeprecated-declarations]
  121 |   (void)CC_MD4_Update(ctx, data, (CC_LONG)size);
      |         ^
/Library/Developer/CommandLineTools/SDKs/MacOSX.sdk/usr/include/CommonCrypto/CommonDigest.h:109:12: note: 'CC_MD4_Update' has been explicitly marked deprecated here
  109 | extern int CC_MD4_Update(CC_MD4_CTX *c, const void *data, CC_LONG len)
      |            ^
/Users/sanilawijesekara/Documents/gsoc/Root/root-GSOC/root-build/builtins/davix/DAVIX-prefix/src/DAVIX/deps/curl/lib/md4.c:126:9: warning: 'CC_MD4_Final' is deprecated: first deprecated in macOS 10.15 - This function is cryptographically broken and should not be used in security contexts. Clients should migrate to SHA256 (or stronger). [-Wdeprecated-declarations]
  126 |   (void)CC_MD4_Final(result, ctx);
      |         ^
/Library/Developer/CommandLineTools/SDKs/MacOSX.sdk/usr/include/CommonCrypto/CommonDigest.h:112:12: note: 'CC_MD4_Final' has been explicitly marked deprecated here
  112 | extern int CC_MD4_Final(unsigned char *md, CC_MD4_CTX *c)
      |            ^
3 warnings generated.
/Users/sanilawijesekara/Documents/gsoc/Root/root-GSOC/root-build/builtins/davix/DAVIX-prefix/src/DAVIX/deps/curl/lib/md5.c:160:3: warning: 'CC_MD5_Init' is deprecated: first deprecated in macOS 10.15 - This function is cryptographically broken and should not be used in security contexts. Clients should migrate to SHA256 (or stronger). [-Wdeprecated-declarations]
  160 |   CC_MD5_Init(ctx);
      |   ^
/Library/Developer/CommandLineTools/SDKs/MacOSX.sdk/usr/include/CommonCrypto/CommonDigest.h:133:12: note: 'CC_MD5_Init' has been explicitly marked deprecated here
  133 | extern int CC_MD5_Init(CC_MD5_CTX *c)
      |            ^
/Users/sanilawijesekara/Documents/gsoc/Root/root-GSOC/root-build/builtins/davix/DAVIX-prefix/src/DAVIX/deps/curl/lib/md5.c:167:3: warning: 'CC_MD5_Update' is deprecated: first deprecated in macOS 10.15 - This function is cryptographically broken and should not be used in security contexts. Clients should migrate to SHA256 (or stronger). [-Wdeprecated-declarations]
  167 |   CC_MD5_Update(ctx, input, inputLen);
      |   ^
/Library/Developer/CommandLineTools/SDKs/MacOSX.sdk/usr/include/CommonCrypto/CommonDigest.h:136:12: note: 'CC_MD5_Update' has been explicitly marked deprecated here
  136 | extern int CC_MD5_Update(CC_MD5_CTX *c, const void *data, CC_LONG len)
      |            ^
/Users/sanilawijesekara/Documents/gsoc/Root/root-GSOC/root-build/builtins/davix/DAVIX-prefix/src/DAVIX/deps/curl/lib/md5.c:172:3: warning: 'CC_MD5_Final' is deprecated: first deprecated in macOS 10.15 - This function is cryptographically broken and should not be used in security contexts. Clients should migrate to SHA256 (or stronger). [-Wdeprecated-declarations]
  172 |   CC_MD5_Final(digest, ctx);
      |   ^
/Library/Developer/CommandLineTools/SDKs/MacOSX.sdk/usr/include/CommonCrypto/CommonDigest.h:139:12: note: 'CC_MD5_Final' has been explicitly marked deprecated here
  139 | extern int CC_MD5_Final(unsigned char *md, CC_MD5_CTX *c)
      |            ^
3 warnings generated.
/Users/sanilawijesekara/Documents/gsoc/Root/root-GSOC/root-build/builtins/davix/DAVIX-prefix/src/DAVIX/deps/curl/lib/vtls/sectransp.c:1143:6: warning: 'CFURLCreateDataAndPropertiesFromResource' is deprecated: first deprecated in macOS 10.9 - For resource data, use the CFReadStream API. For file resource properties, use CFURLCopyResourcePropertiesForKeys. [-Wdeprecated-declarations]
 1143 |   if(CFURLCreateDataAndPropertiesFromResource(NULL, pkcs_url, &pkcs_data,
      |      ^
/Library/Developer/CommandLineTools/SDKs/MacOSX.sdk/System/Library/Frameworks/CoreFoundation.framework/Headers/CFURLAccess.h:52:9: note: 'CFURLCreateDataAndPropertiesFromResource' has been explicitly marked deprecated here
   52 | Boolean CFURLCreateDataAndPropertiesFromResource(CFAllocatorRef alloc, CFURLRef url, CFDataRef *resourceData, CFDictionaryRef *properties, CFArrayRef desiredProperties, SInt32 *errorCode) API_DEPRECATED("For resource data, use the CFReadStream API. For file resource properties, use CFURLCopyResourcePropertiesForKeys.", macos(10.0,10.9), ios(2.0,7.0), watchos(2.0,2.0), tvos(9.0,9.0));
      |         ^
/Users/sanilawijesekara/Documents/gsoc/Root/root-GSOC/root-build/builtins/davix/DAVIX-prefix/src/DAVIX/deps/curl/lib/vtls/sectransp.c:1251:20: warning: 'kTLSProtocol1' is deprecated: first deprecated in macOS 10.15 [-Wdeprecated-declarations]
 1251 |       *darwinver = kTLSProtocol1;
      |                    ^
/Library/Developer/CommandLineTools/SDKs/MacOSX.sdk/System/Library/Frameworks/Security.framework/Headers/SecProtocolTypes.h:157:5: note: 'kTLSProtocol1' has been explicitly marked deprecated here
  157 |     kTLSProtocol1 CF_ENUM_DEPRECATED(10_2, 10_15, 5_0, 13_0) = 4,
      |     ^
/Users/sanilawijesekara/Documents/gsoc/Root/root-GSOC/root-build/builtins/davix/DAVIX-prefix/src/DAVIX/deps/curl/lib/vtls/sectransp.c:1254:20: warning: 'kTLSProtocol11' is deprecated: first deprecated in macOS 10.15 [-Wdeprecated-declarations]
 1254 |       *darwinver = kTLSProtocol11;
      |                    ^
/Library/Developer/CommandLineTools/SDKs/MacOSX.sdk/System/Library/Frameworks/Security.framework/Headers/SecProtocolTypes.h:158:5: note: 'kTLSProtocol11' has been explicitly marked deprecated here
  158 |     kTLSProtocol11 CF_ENUM_DEPRECATED(10_2, 10_15, 5_0, 13_0) = 7,
      |     ^
/Users/sanilawijesekara/Documents/gsoc/Root/root-GSOC/root-build/builtins/davix/DAVIX-prefix/src/DAVIX/deps/curl/lib/vtls/sectransp.c:1257:20: warning: 'kTLSProtocol12' is deprecated: first deprecated in macOS 10.15 [-Wdeprecated-declarations]
 1257 |       *darwinver = kTLSProtocol12;
      |                    ^
/Library/Developer/CommandLineTools/SDKs/MacOSX.sdk/System/Library/Frameworks/Security.framework/Headers/SecProtocolTypes.h:159:5: note: 'kTLSProtocol12' has been explicitly marked deprecated here
  159 |     kTLSProtocol12 CF_ENUM_DEPRECATED(10_2, 10_15, 5_0, 13_0) = 8,
      |     ^
/Users/sanilawijesekara/Documents/gsoc/Root/root-GSOC/root-build/builtins/davix/DAVIX-prefix/src/DAVIX/deps/curl/lib/vtls/sectransp.c:1263:22: warning: 'kTLSProtocol13' is deprecated: first deprecated in macOS 10.15 [-Wdeprecated-declarations]
 1263 |         *darwinver = kTLSProtocol13;
      |                      ^
/Library/Developer/CommandLineTools/SDKs/MacOSX.sdk/System/Library/Frameworks/Security.framework/Headers/SecProtocolTypes.h:161:5: note: 'kTLSProtocol13' has been explicitly marked deprecated here
  161 |     kTLSProtocol13 CF_ENUM_DEPRECATED(10_2, 10_15, 5_0, 13_0) = 10,
      |     ^
/Users/sanilawijesekara/Documents/gsoc/Root/root-GSOC/root-build/builtins/davix/DAVIX-prefix/src/DAVIX/deps/curl/lib/vtls/sectransp.c:1313:6: warning: 'SSLSetProtocolVersionMax' is deprecated: first deprecated in macOS 10.15 - No longer supported. Use Network.framework. [-Wdeprecated-declarations]
 1313 |   if(SSLSetProtocolVersionMax != NULL) {
      |      ^
/Library/Developer/CommandLineTools/SDKs/MacOSX.sdk/System/Library/Frameworks/Security.framework/Headers/SecureTransport.h:494:1: note: 'SSLSetProtocolVersionMax' has been explicitly marked deprecated here
  494 | SSLSetProtocolVersionMax  (SSLContextRef      context,
      | ^
/Users/sanilawijesekara/Documents/gsoc/Root/root-GSOC/root-build/builtins/davix/DAVIX-prefix/src/DAVIX/deps/curl/lib/vtls/sectransp.c:1314:34: warning: 'kTLSProtocol1' is deprecated: first deprecated in macOS 10.15 [-Wdeprecated-declarations]
 1314 |     SSLProtocol darwin_ver_min = kTLSProtocol1;
      |                                  ^
/Library/Developer/CommandLineTools/SDKs/MacOSX.sdk/System/Library/Frameworks/Security.framework/Headers/SecProtocolTypes.h:157:5: note: 'kTLSProtocol1' has been explicitly marked deprecated here
  157 |     kTLSProtocol1 CF_ENUM_DEPRECATED(10_2, 10_15, 5_0, 13_0) = 4,
      |     ^
/Users/sanilawijesekara/Documents/gsoc/Root/root-GSOC/root-build/builtins/davix/DAVIX-prefix/src/DAVIX/deps/curl/lib/vtls/sectransp.c:1315:34: warning: 'kTLSProtocol1' is deprecated: first deprecated in macOS 10.15 [-Wdeprecated-declarations]
 1315 |     SSLProtocol darwin_ver_max = kTLSProtocol1;
      |                                  ^
/Library/Developer/CommandLineTools/SDKs/MacOSX.sdk/System/Library/Frameworks/Security.framework/Headers/SecProtocolTypes.h:157:5: note: 'kTLSProtocol1' has been explicitly marked deprecated here
  157 |     kTLSProtocol1 CF_ENUM_DEPRECATED(10_2, 10_15, 5_0, 13_0) = 4,
      |     ^
/Users/sanilawijesekara/Documents/gsoc/Root/root-GSOC/root-build/builtins/davix/DAVIX-prefix/src/DAVIX/deps/curl/lib/vtls/sectransp.c:1329:11: warning: 'SSLSetProtocolVersionMin' is deprecated: first deprecated in macOS 10.15 - No longer supported. Use Network.framework. [-Wdeprecated-declarations]
 1329 |     (void)SSLSetProtocolVersionMin(BACKEND->ssl_ctx, darwin_ver_min);
      |           ^
/Library/Developer/CommandLineTools/SDKs/MacOSX.sdk/System/Library/Frameworks/Security.framework/Headers/SecureTransport.h:458:1: note: 'SSLSetProtocolVersionMin' has been explicitly marked deprecated here
  458 | SSLSetProtocolVersionMin  (SSLContextRef      context,
      | ^
/Users/sanilawijesekara/Documents/gsoc/Root/root-GSOC/root-build/builtins/davix/DAVIX-prefix/src/DAVIX/deps/curl/lib/vtls/sectransp.c:1330:11: warning: 'SSLSetProtocolVersionMax' is deprecated: first deprecated in macOS 10.15 - No longer supported. Use Network.framework. [-Wdeprecated-declarations]
 1330 |     (void)SSLSetProtocolVersionMax(BACKEND->ssl_ctx, darwin_ver_max);
      |           ^
/Library/Developer/CommandLineTools/SDKs/MacOSX.sdk/System/Library/Frameworks/Security.framework/Headers/SecureTransport.h:494:1: note: 'SSLSetProtocolVersionMax' has been explicitly marked deprecated here
  494 | SSLSetProtocolVersionMax  (SSLContextRef      context,
      | ^
/Users/sanilawijesekara/Documents/gsoc/Root/root-GSOC/root-build/builtins/davix/DAVIX-prefix/src/DAVIX/deps/curl/lib/vtls/sectransp.c:1397:6: warning: 'SSLCreateContext' is deprecated: first deprecated in macOS 10.15 - No longer supported. Use Network.framework. [-Wdeprecated-declarations]
 1397 |   if(SSLCreateContext != NULL) {  /* use the newer API if available */
      |      ^
/Library/Developer/CommandLineTools/SDKs/MacOSX.sdk/System/Library/Frameworks/Security.framework/Headers/SecureTransport.h:316:1: note: 'SSLCreateContext' has been explicitly marked deprecated here
  316 | SSLCreateContext(CFAllocatorRef __nullable alloc, SSLProtocolSide protocolSide, SSLConnectionType connectionType)
      | ^
/Users/sanilawijesekara/Documents/gsoc/Root/root-GSOC/root-build/builtins/davix/DAVIX-prefix/src/DAVIX/deps/curl/lib/vtls/sectransp.c:1400:24: warning: 'SSLCreateContext' is deprecated: first deprecated in macOS 10.15 - No longer supported. Use Network.framework. [-Wdeprecated-declarations]
 1400 |     BACKEND->ssl_ctx = SSLCreateContext(NULL, kSSLClientSide, kSSLStreamType);
      |                        ^
/Library/Developer/CommandLineTools/SDKs/MacOSX.sdk/System/Library/Frameworks/Security.framework/Headers/SecureTransport.h:316:1: note: 'SSLCreateContext' has been explicitly marked deprecated here
  316 | SSLCreateContext(CFAllocatorRef __nullable alloc, SSLProtocolSide protocolSide, SSLConnectionType connectionType)
      | ^
/Users/sanilawijesekara/Documents/gsoc/Root/root-GSOC/root-build/builtins/davix/DAVIX-prefix/src/DAVIX/deps/curl/lib/vtls/sectransp.c:1400:47: warning: 'kSSLClientSide' is deprecated: first deprecated in macOS 10.15 [-Wdeprecated-declarations]
 1400 |     BACKEND->ssl_ctx = SSLCreateContext(NULL, kSSLClientSide, kSSLStreamType);
      |                                               ^
/Library/Developer/CommandLineTools/SDKs/MacOSX.sdk/System/Library/Frameworks/Security.framework/Headers/SecureTransport.h:218:5: note: 'kSSLClientSide' has been explicitly marked deprecated here
  218 |     kSSLClientSide CF_ENUM_DEPRECATED(10_2, 10_15, 2_0, 13_0)
      |     ^
/Users/sanilawijesekara/Documents/gsoc/Root/root-GSOC/root-build/builtins/davix/DAVIX-prefix/src/DAVIX/deps/curl/lib/vtls/sectransp.c:1400:63: warning: 'kSSLStreamType' is deprecated: first deprecated in macOS 10.15 [-Wdeprecated-declarations]
 1400 |     BACKEND->ssl_ctx = SSLCreateContext(NULL, kSSLClientSide, kSSLStreamType);
      |                                                               ^
/Library/Developer/CommandLineTools/SDKs/MacOSX.sdk/System/Library/Frameworks/Security.framework/Headers/SecureTransport.h:223:5: note: 'kSSLStreamType' has been explicitly marked deprecated here
  223 |     kSSLStreamType CF_ENUM_DEPRECATED(10_2, 10_15, 2_0, 13_0),
      |     ^
/Users/sanilawijesekara/Documents/gsoc/Root/root-GSOC/root-build/builtins/davix/DAVIX-prefix/src/DAVIX/deps/curl/lib/vtls/sectransp.c:1431:6: warning: 'SSLSetProtocolVersionMax' is deprecated: first deprecated in macOS 10.15 - No longer supported. Use Network.framework. [-Wdeprecated-declarations]
 1431 |   if(SSLSetProtocolVersionMax != NULL) {
      |      ^
/Library/Developer/CommandLineTools/SDKs/MacOSX.sdk/System/Library/Frameworks/Security.framework/Headers/SecureTransport.h:494:1: note: 'SSLSetProtocolVersionMax' has been explicitly marked deprecated here
  494 | SSLSetProtocolVersionMax  (SSLContextRef      context,
      | ^
/Users/sanilawijesekara/Documents/gsoc/Root/root-GSOC/root-build/builtins/davix/DAVIX-prefix/src/DAVIX/deps/curl/lib/vtls/sectransp.c:1434:13: warning: 'SSLSetProtocolVersionMin' is deprecated: first deprecated in macOS 10.15 - No longer supported. Use Network.framework. [-Wdeprecated-declarations]
 1434 |       (void)SSLSetProtocolVersionMin(BACKEND->ssl_ctx, kTLSProtocol1);
      |             ^
/Library/Developer/CommandLineTools/SDKs/MacOSX.sdk/System/Library/Frameworks/Security.framework/Headers/SecureTransport.h:458:1: note: 'SSLSetProtocolVersionMin' has been explicitly marked deprecated here
  458 | SSLSetProtocolVersionMin  (SSLContextRef      context,
      | ^
/Users/sanilawijesekara/Documents/gsoc/Root/root-GSOC/root-build/builtins/davix/DAVIX-prefix/src/DAVIX/deps/curl/lib/vtls/sectransp.c:1434:56: warning: 'kTLSProtocol1' is deprecated: first deprecated in macOS 10.15 [-Wdeprecated-declarations]
 1434 |       (void)SSLSetProtocolVersionMin(BACKEND->ssl_ctx, kTLSProtocol1);
      |                                                        ^
/Library/Developer/CommandLineTools/SDKs/MacOSX.sdk/System/Library/Frameworks/Security.framework/Headers/SecProtocolTypes.h:157:5: note: 'kTLSProtocol1' has been explicitly marked deprecated here
  157 |     kTLSProtocol1 CF_ENUM_DEPRECATED(10_2, 10_15, 5_0, 13_0) = 4,
      |     ^
/Users/sanilawijesekara/Documents/gsoc/Root/root-GSOC/root-build/builtins/davix/DAVIX-prefix/src/DAVIX/deps/curl/lib/vtls/sectransp.c:1437:15: warning: 'SSLSetProtocolVersionMax' is deprecated: first deprecated in macOS 10.15 - No longer supported. Use Network.framework. [-Wdeprecated-declarations]
 1437 |         (void)SSLSetProtocolVersionMax(BACKEND->ssl_ctx, kTLSProtocol13);
      |               ^
/Library/Developer/CommandLineTools/SDKs/MacOSX.sdk/System/Library/Frameworks/Security.framework/Headers/SecureTransport.h:494:1: note: 'SSLSetProtocolVersionMax' has been explicitly marked deprecated here
  494 | SSLSetProtocolVersionMax  (SSLContextRef      context,
      | ^
/Users/sanilawijesekara/Documents/gsoc/Root/root-GSOC/root-build/builtins/davix/DAVIX-prefix/src/DAVIX/deps/curl/lib/vtls/sectransp.c:1437:58: warning: 'kTLSProtocol13' is deprecated: first deprecated in macOS 10.15 [-Wdeprecated-declarations]
 1437 |         (void)SSLSetProtocolVersionMax(BACKEND->ssl_ctx, kTLSProtocol13);
      |                                                          ^
/Library/Developer/CommandLineTools/SDKs/MacOSX.sdk/System/Library/Frameworks/Security.framework/Headers/SecProtocolTypes.h:161:5: note: 'kTLSProtocol13' has been explicitly marked deprecated here
  161 |     kTLSProtocol13 CF_ENUM_DEPRECATED(10_2, 10_15, 5_0, 13_0) = 10,
      |     ^
/Users/sanilawijesekara/Documents/gsoc/Root/root-GSOC/root-build/builtins/davix/DAVIX-prefix/src/DAVIX/deps/curl/lib/vtls/sectransp.c:1440:15: warning: 'SSLSetProtocolVersionMax' is deprecated: first deprecated in macOS 10.15 - No longer supported. Use Network.framework. [-Wdeprecated-declarations]
 1440 |         (void)SSLSetProtocolVersionMax(BACKEND->ssl_ctx, kTLSProtocol12);
      |               ^
/Library/Developer/CommandLineTools/SDKs/MacOSX.sdk/System/Library/Frameworks/Security.framework/Headers/SecureTransport.h:494:1: note: 'SSLSetProtocolVersionMax' has been explicitly marked deprecated here
  494 | SSLSetProtocolVersionMax  (SSLContextRef      context,
      | ^
/Users/sanilawijesekara/Documents/gsoc/Root/root-GSOC/root-build/builtins/davix/DAVIX-prefix/src/DAVIX/deps/curl/lib/vtls/sectransp.c:1440:58: warning: 'kTLSProtocol12' is deprecated: first deprecated in macOS 10.15 [-Wdeprecated-declarations]
 1440 |         (void)SSLSetProtocolVersionMax(BACKEND->ssl_ctx, kTLSProtocol12);
      |                                                          ^
/Library/Developer/CommandLineTools/SDKs/MacOSX.sdk/System/Library/Frameworks/Security.framework/Headers/SecProtocolTypes.h:159:5: note: 'kTLSProtocol12' has been explicitly marked deprecated here
  159 |     kTLSProtocol12 CF_ENUM_DEPRECATED(10_2, 10_15, 5_0, 13_0) = 8,
      |     ^
/Users/sanilawijesekara/Documents/gsoc/Root/root-GSOC/root-build/builtins/davix/DAVIX-prefix/src/DAVIX/deps/curl/lib/vtls/sectransp.c:1459:13: warning: 'SSLSetProtocolVersionMin' is deprecated: first deprecated in macOS 10.15 - No longer supported. Use Network.framework. [-Wdeprecated-declarations]
 1459 |       err = SSLSetProtocolVersionMin(BACKEND->ssl_ctx, kSSLProtocol3);
      |             ^
/Library/Developer/CommandLineTools/SDKs/MacOSX.sdk/System/Library/Frameworks/Security.framework/Headers/SecureTransport.h:458:1: note: 'SSLSetProtocolVersionMin' has been explicitly marked deprecated here
  458 | SSLSetProtocolVersionMin  (SSLContextRef      context,
      | ^
/Users/sanilawijesekara/Documents/gsoc/Root/root-GSOC/root-build/builtins/davix/DAVIX-prefix/src/DAVIX/deps/curl/lib/vtls/sectransp.c:1459:56: warning: 'kSSLProtocol3' is deprecated: first deprecated in macOS 10.15 [-Wdeprecated-declarations]
 1459 |       err = SSLSetProtocolVersionMin(BACKEND->ssl_ctx, kSSLProtocol3);
      |                                                        ^
/Library/Developer/CommandLineTools/SDKs/MacOSX.sdk/System/Library/Frameworks/Security.framework/Headers/SecProtocolTypes.h:165:5: note: 'kSSLProtocol3' has been explicitly marked deprecated here
  165 |     kSSLProtocol3 CF_ENUM_DEPRECATED(10_2, 10_15, 5_0, 13_0) = 2,
      |     ^
/Users/sanilawijesekara/Documents/gsoc/Root/root-GSOC/root-build/builtins/davix/DAVIX-prefix/src/DAVIX/deps/curl/lib/vtls/sectransp.c:1464:13: warning: 'SSLSetProtocolVersionMax' is deprecated: first deprecated in macOS 10.15 - No longer supported. Use Network.framework. [-Wdeprecated-declarations]
 1464 |       (void)SSLSetProtocolVersionMax(BACKEND->ssl_ctx, kSSLProtocol3);
      |             ^
/Library/Developer/CommandLineTools/SDKs/MacOSX.sdk/System/Library/Frameworks/Security.framework/Headers/SecureTransport.h:494:1: note: 'SSLSetProtocolVersionMax' has been explicitly marked deprecated here
  494 | SSLSetProtocolVersionMax  (SSLContextRef      context,
      | ^
/Users/sanilawijesekara/Documents/gsoc/Root/root-GSOC/root-build/builtins/davix/DAVIX-prefix/src/DAVIX/deps/curl/lib/vtls/sectransp.c:1464:56: warning: 'kSSLProtocol3' is deprecated: first deprecated in macOS 10.15 [-Wdeprecated-declarations]
 1464 |       (void)SSLSetProtocolVersionMax(BACKEND->ssl_ctx, kSSLProtocol3);
      |                                                        ^
/Library/Developer/CommandLineTools/SDKs/MacOSX.sdk/System/Library/Frameworks/Security.framework/Headers/SecProtocolTypes.h:165:5: note: 'kSSLProtocol3' has been explicitly marked deprecated here
  165 |     kSSLProtocol3 CF_ENUM_DEPRECATED(10_2, 10_15, 5_0, 13_0) = 2,
      |     ^
/Users/sanilawijesekara/Documents/gsoc/Root/root-GSOC/root-build/builtins/davix/DAVIX-prefix/src/DAVIX/deps/curl/lib/vtls/sectransp.c:1467:13: warning: 'SSLSetProtocolVersionMin' is deprecated: first deprecated in macOS 10.15 - No longer supported. Use Network.framework. [-Wdeprecated-declarations]
 1467 |       err = SSLSetProtocolVersionMin(BACKEND->ssl_ctx, kSSLProtocol2);
      |             ^
/Library/Developer/CommandLineTools/SDKs/MacOSX.sdk/System/Library/Frameworks/Security.framework/Headers/SecureTransport.h:458:1: note: 'SSLSetProtocolVersionMin' has been explicitly marked deprecated here
  458 | SSLSetProtocolVersionMin  (SSLContextRef      context,
      | ^
/Users/sanilawijesekara/Documents/gsoc/Root/root-GSOC/root-build/builtins/davix/DAVIX-prefix/src/DAVIX/deps/curl/lib/vtls/sectransp.c:1467:56: warning: 'kSSLProtocol2' is deprecated: first deprecated in macOS 10.15 [-Wdeprecated-declarations]
 1467 |       err = SSLSetProtocolVersionMin(BACKEND->ssl_ctx, kSSLProtocol2);
      |                                                        ^
/Library/Developer/CommandLineTools/SDKs/MacOSX.sdk/System/Library/Frameworks/Security.framework/Headers/SecProtocolTypes.h:164:5: note: 'kSSLProtocol2' has been explicitly marked deprecated here
  164 |     kSSLProtocol2 CF_ENUM_DEPRECATED(10_2, 10_15, 5_0, 13_0) = 1,
      |     ^
/Users/sanilawijesekara/Documents/gsoc/Root/root-GSOC/root-build/builtins/davix/DAVIX-prefix/src/DAVIX/deps/curl/lib/vtls/sectransp.c:1472:13: warning: 'SSLSetProtocolVersionMax' is deprecated: first deprecated in macOS 10.15 - No longer supported. Use Network.framework. [-Wdeprecated-declarations]
 1472 |       (void)SSLSetProtocolVersionMax(BACKEND->ssl_ctx, kSSLProtocol2);
      |             ^
/Library/Developer/CommandLineTools/SDKs/MacOSX.sdk/System/Library/Frameworks/Security.framework/Headers/SecureTransport.h:494:1: note: 'SSLSetProtocolVersionMax' has been explicitly marked deprecated here
  494 | SSLSetProtocolVersionMax  (SSLContextRef      context,
      | ^
/Users/sanilawijesekara/Documents/gsoc/Root/root-GSOC/root-build/builtins/davix/DAVIX-prefix/src/DAVIX/deps/curl/lib/vtls/sectransp.c:1472:56: warning: 'kSSLProtocol2' is deprecated: first deprecated in macOS 10.15 [-Wdeprecated-declarations]
 1472 |       (void)SSLSetProtocolVersionMax(BACKEND->ssl_ctx, kSSLProtocol2);
      |                                                        ^
/Library/Developer/CommandLineTools/SDKs/MacOSX.sdk/System/Library/Frameworks/Security.framework/Headers/SecProtocolTypes.h:164:5: note: 'kSSLProtocol2' has been explicitly marked deprecated here
  164 |     kSSLProtocol2 CF_ENUM_DEPRECATED(10_2, 10_15, 5_0, 13_0) = 1,
      |     ^
/Users/sanilawijesekara/Documents/gsoc/Root/root-GSOC/root-build/builtins/davix/DAVIX-prefix/src/DAVIX/deps/curl/lib/vtls/sectransp.c:1599:13: warning: 'SSLSetALPNProtocols' is deprecated: first deprecated in macOS 10.15 - No longer supported. Use Network.framework. [-Wdeprecated-declarations]
 1599 |       err = SSLSetALPNProtocols(BACKEND->ssl_ctx, alpnArr);
      |             ^
/Library/Developer/CommandLineTools/SDKs/MacOSX.sdk/System/Library/Frameworks/Security.framework/Headers/SecureTransport.h:1332:1: note: 'SSLSetALPNProtocols' has been explicitly marked deprecated here
 1332 | SSLSetALPNProtocols         (SSLContextRef      context,
      | ^
/Users/sanilawijesekara/Documents/gsoc/Root/root-GSOC/root-build/builtins/davix/DAVIX-prefix/src/DAVIX/deps/curl/lib/vtls/sectransp.c:1660:13: warning: 'SSLSetCertificate' is deprecated: first deprecated in macOS 10.15 - No longer supported. Use Network.framework. [-Wdeprecated-declarations]
 1660 |       err = SSLSetCertificate(BACKEND->ssl_ctx, certs);
      |             ^
/Library/Developer/CommandLineTools/SDKs/MacOSX.sdk/System/Library/Frameworks/Security.framework/Headers/SecureTransport.h:637:1: note: 'SSLSetCertificate' has been explicitly marked deprecated here
  637 | SSLSetCertificate                       (SSLContextRef          context,
      | ^
/Users/sanilawijesekara/Documents/gsoc/Root/root-GSOC/root-build/builtins/davix/DAVIX-prefix/src/DAVIX/deps/curl/lib/vtls/sectransp.c:1718:6: warning: 'SSLSetSessionOption' is deprecated: first deprecated in macOS 10.15 - No longer supported. Use Network.framework. [-Wdeprecated-declarations]
 1718 |   if(SSLSetSessionOption != NULL && darwinver_maj >= 13) {
      |      ^
/Library/Developer/CommandLineTools/SDKs/MacOSX.sdk/System/Library/Frameworks/Security.framework/Headers/SecureTransport.h:384:1: note: 'SSLSetSessionOption' has been explicitly marked deprecated here
  384 | SSLSetSessionOption                     (SSLContextRef          context,
      | ^
/Users/sanilawijesekara/Documents/gsoc/Root/root-GSOC/root-build/builtins/davix/DAVIX-prefix/src/DAVIX/deps/curl/lib/vtls/sectransp.c:1723:11: warning: 'SSLSetSessionOption' is deprecated: first deprecated in macOS 10.15 - No longer supported. Use Network.framework. [-Wdeprecated-declarations]
 1723 |     err = SSLSetSessionOption(BACKEND->ssl_ctx,
      |           ^
/Library/Developer/CommandLineTools/SDKs/MacOSX.sdk/System/Library/Frameworks/Security.framework/Headers/SecureTransport.h:384:1: note: 'SSLSetSessionOption' has been explicitly marked deprecated here
  384 | SSLSetSessionOption                     (SSLContextRef          context,
      | ^
/Users/sanilawijesekara/Documents/gsoc/Root/root-GSOC/root-build/builtins/davix/DAVIX-prefix/src/DAVIX/deps/curl/lib/vtls/sectransp.c:1724:31: warning: 'kSSLSessionOptionBreakOnServerAuth' is deprecated: first deprecated in macOS 10.15 [-Wdeprecated-declarations]
 1724 |                               kSSLSessionOptionBreakOnServerAuth,
      |                               ^
/Library/Developer/CommandLineTools/SDKs/MacOSX.sdk/System/Library/Frameworks/Security.framework/Headers/SecureTransport.h:99:2: note: 'kSSLSessionOptionBreakOnServerAuth' has been explicitly marked deprecated here
   99 |         kSSLSessionOptionBreakOnServerAuth CF_ENUM_DEPRECATED(10_2, 10_15, 2_0, 13_0) = 0,
      |         ^
/Users/sanilawijesekara/Documents/gsoc/Root/root-GSOC/root-build/builtins/davix/DAVIX-prefix/src/DAVIX/deps/curl/lib/vtls/sectransp.c:1763:11: warning: 'SSLSetPeerDomainName' is deprecated: first deprecated in macOS 10.15 - No longer supported. Use Network.framework. [-Wdeprecated-declarations]
 1763 |     err = SSLSetPeerDomainName(BACKEND->ssl_ctx, hostname,
      |           ^
/Library/Developer/CommandLineTools/SDKs/MacOSX.sdk/System/Library/Frameworks/Security.framework/Headers/SecureTransport.h:686:1: note: 'SSLSetPeerDomainName' has been explicitly marked deprecated here
  686 | SSLSetPeerDomainName            (SSLContextRef          context,
      | ^
/Users/sanilawijesekara/Documents/gsoc/Root/root-GSOC/root-build/builtins/davix/DAVIX-prefix/src/DAVIX/deps/curl/lib/vtls/sectransp.c:1789:9: warning: 'SSLGetNumberSupportedCiphers' is deprecated: first deprecated in macOS 10.15 - No longer supported. Use Network.framework. [-Wdeprecated-declarations]
 1789 |   err = SSLGetNumberSupportedCiphers(BACKEND->ssl_ctx, &all_ciphers_count);
      |         ^
/Library/Developer/CommandLineTools/SDKs/MacOSX.sdk/System/Library/Frameworks/Security.framework/Headers/SecureTransport.h:818:1: note: 'SSLGetNumberSupportedCiphers' has been explicitly marked deprecated here
  818 | SSLGetNumberSupportedCiphers (SSLContextRef                     context,
      | ^
/Users/sanilawijesekara/Documents/gsoc/Root/root-GSOC/root-build/builtins/davix/DAVIX-prefix/src/DAVIX/deps/curl/lib/vtls/sectransp.c:1806:9: warning: 'SSLGetSupportedCiphers' is deprecated: first deprecated in macOS 10.15 - No longer supported. Use Network.framework. [-Wdeprecated-declarations]
 1806 |   err = SSLGetSupportedCiphers(BACKEND->ssl_ctx, all_ciphers,
      |         ^
/Library/Developer/CommandLineTools/SDKs/MacOSX.sdk/System/Library/Frameworks/Security.framework/Headers/SecureTransport.h:832:1: note: 'SSLGetSupportedCiphers' has been explicitly marked deprecated here
  832 | SSLGetSupportedCiphers           (SSLContextRef                 context,
      | ^
/Users/sanilawijesekara/Documents/gsoc/Root/root-GSOC/root-build/builtins/davix/DAVIX-prefix/src/DAVIX/deps/curl/lib/vtls/sectransp.c:1893:9: warning: 'SSLSetEnabledCiphers' is deprecated: first deprecated in macOS 10.15 - No longer supported. Use Network.framework. [-Wdeprecated-declarations]
 1893 |   err = SSLSetEnabledCiphers(BACKEND->ssl_ctx, allowed_ciphers,
      |         ^
/Library/Developer/CommandLineTools/SDKs/MacOSX.sdk/System/Library/Frameworks/Security.framework/Headers/SecureTransport.h:865:1: note: 'SSLSetEnabledCiphers' has been explicitly marked deprecated here
  865 | SSLSetEnabledCiphers            (SSLContextRef                  context,
      | ^
/Users/sanilawijesekara/Documents/gsoc/Root/root-GSOC/root-build/builtins/davix/DAVIX-prefix/src/DAVIX/deps/curl/lib/vtls/sectransp.c:1905:6: warning: 'SSLSetSessionOption' is deprecated: first deprecated in macOS 10.15 - No longer supported. Use Network.framework. [-Wdeprecated-declarations]
 1905 |   if(SSLSetSessionOption != NULL) {
      |      ^
/Library/Developer/CommandLineTools/SDKs/MacOSX.sdk/System/Library/Frameworks/Security.framework/Headers/SecureTransport.h:384:1: note: 'SSLSetSessionOption' has been explicitly marked deprecated here
  384 | SSLSetSessionOption                     (SSLContextRef          context,
      | ^
/Users/sanilawijesekara/Documents/gsoc/Root/root-GSOC/root-build/builtins/davix/DAVIX-prefix/src/DAVIX/deps/curl/lib/vtls/sectransp.c:1906:5: warning: 'SSLSetSessionOption' is deprecated: first deprecated in macOS 10.15 - No longer supported. Use Network.framework. [-Wdeprecated-declarations]
 1906 |     SSLSetSessionOption(BACKEND->ssl_ctx, kSSLSessionOptionSendOneByteRecord,
      |     ^
/Library/Developer/CommandLineTools/SDKs/MacOSX.sdk/System/Library/Frameworks/Security.framework/Headers/SecureTransport.h:384:1: note: 'SSLSetSessionOption' has been explicitly marked deprecated here
  384 | SSLSetSessionOption                     (SSLContextRef          context,
      | ^
/Users/sanilawijesekara/Documents/gsoc/Root/root-GSOC/root-build/builtins/davix/DAVIX-prefix/src/DAVIX/deps/curl/lib/vtls/sectransp.c:1906:43: warning: 'kSSLSessionOptionSendOneByteRecord' is deprecated: first deprecated in macOS 10.15 [-Wdeprecated-declarations]
 1906 |     SSLSetSessionOption(BACKEND->ssl_ctx, kSSLSessionOptionSendOneByteRecord,
      |                                           ^
/Library/Developer/CommandLineTools/SDKs/MacOSX.sdk/System/Library/Frameworks/Security.framework/Headers/SecureTransport.h:123:5: note: 'kSSLSessionOptionSendOneByteRecord' has been explicitly marked deprecated here
  123 |     kSSLSessionOptionSendOneByteRecord CF_ENUM_DEPRECATED(10_2, 10_15, 2_0, 13_0) = 4,
      |     ^
/Users/sanilawijesekara/Documents/gsoc/Root/root-GSOC/root-build/builtins/davix/DAVIX-prefix/src/DAVIX/deps/curl/lib/vtls/sectransp.c:1908:5: warning: 'SSLSetSessionOption' is deprecated: first deprecated in macOS 10.15 - No longer supported. Use Network.framework. [-Wdeprecated-declarations]
 1908 |     SSLSetSessionOption(BACKEND->ssl_ctx, kSSLSessionOptionFalseStart,
      |     ^
/Library/Developer/CommandLineTools/SDKs/MacOSX.sdk/System/Library/Frameworks/Security.framework/Headers/SecureTransport.h:384:1: note: 'SSLSetSessionOption' has been explicitly marked deprecated here
  384 | SSLSetSessionOption                     (SSLContextRef          context,
      | ^
/Users/sanilawijesekara/Documents/gsoc/Root/root-GSOC/root-build/builtins/davix/DAVIX-prefix/src/DAVIX/deps/curl/lib/vtls/sectransp.c:1908:43: warning: 'kSSLSessionOptionFalseStart' is deprecated: first deprecated in macOS 10.15 [-Wdeprecated-declarations]
 1908 |     SSLSetSessionOption(BACKEND->ssl_ctx, kSSLSessionOptionFalseStart,
      |                                           ^
/Library/Developer/CommandLineTools/SDKs/MacOSX.sdk/System/Library/Frameworks/Security.framework/Headers/SecureTransport.h:117:5: note: 'kSSLSessionOptionFalseStart' has been explicitly marked deprecated here
  117 |     kSSLSessionOptionFalseStart CF_ENUM_DEPRECATED(10_2, 10_15, 2_0, 13_0) = 3,
      |     ^
/Users/sanilawijesekara/Documents/gsoc/Root/root-GSOC/root-build/builtins/davix/DAVIX-prefix/src/DAVIX/deps/curl/lib/vtls/sectransp.c:1922:13: warning: 'SSLSetPeerID' is deprecated: first deprecated in macOS 10.15 - No longer supported. Use Network.framework. [-Wdeprecated-declarations]
 1922 |       err = SSLSetPeerID(BACKEND->ssl_ctx, ssl_sessionid, ssl_sessionid_len);
      |             ^
/Library/Developer/CommandLineTools/SDKs/MacOSX.sdk/System/Library/Frameworks/Security.framework/Headers/SecureTransport.h:1285:1: note: 'SSLSetPeerID' has been explicitly marked deprecated here
 1285 | SSLSetPeerID                            (SSLContextRef          context,
      | ^
/Users/sanilawijesekara/Documents/gsoc/Root/root-GSOC/root-build/builtins/davix/DAVIX-prefix/src/DAVIX/deps/curl/lib/vtls/sectransp.c:1940:13: warning: 'SSLSetPeerID' is deprecated: first deprecated in macOS 10.15 - No longer supported. Use Network.framework. [-Wdeprecated-declarations]
 1940 |       err = SSLSetPeerID(BACKEND->ssl_ctx, ssl_sessionid, ssl_sessionid_len);
      |             ^
/Library/Developer/CommandLineTools/SDKs/MacOSX.sdk/System/Library/Frameworks/Security.framework/Headers/SecureTransport.h:1285:1: note: 'SSLSetPeerID' has been explicitly marked deprecated here
 1285 | SSLSetPeerID                            (SSLContextRef          context,
      | ^
/Users/sanilawijesekara/Documents/gsoc/Root/root-GSOC/root-build/builtins/davix/DAVIX-prefix/src/DAVIX/deps/curl/lib/vtls/sectransp.c:1957:9: warning: 'SSLSetIOFuncs' is deprecated: first deprecated in macOS 10.15 - No longer supported. Use Network.framework. [-Wdeprecated-declarations]
 1957 |   err = SSLSetIOFuncs(BACKEND->ssl_ctx, SocketRead, SocketWrite);
      |         ^
/Library/Developer/CommandLineTools/SDKs/MacOSX.sdk/System/Library/Frameworks/Security.framework/Headers/SecureTransport.h:418:1: note: 'SSLSetIOFuncs' has been explicitly marked deprecated here
  418 | SSLSetIOFuncs                           (SSLContextRef          context,
      | ^
/Users/sanilawijesekara/Documents/gsoc/Root/root-GSOC/root-build/builtins/davix/DAVIX-prefix/src/DAVIX/deps/curl/lib/vtls/sectransp.c:1968:9: warning: 'SSLSetConnection' is deprecated: first deprecated in macOS 10.15 - No longer supported. Use Network.framework. [-Wdeprecated-declarations]
 1968 |   err = SSLSetConnection(BACKEND->ssl_ctx, connssl);
      |         ^
/Library/Developer/CommandLineTools/SDKs/MacOSX.sdk/System/Library/Frameworks/Security.framework/Headers/SecureTransport.h:657:1: note: 'SSLSetConnection' has been explicitly marked deprecated here
  657 | SSLSetConnection                        (SSLContextRef                  context,
      | ^
/Users/sanilawijesekara/Documents/gsoc/Root/root-GSOC/root-build/builtins/davix/DAVIX-prefix/src/DAVIX/deps/curl/lib/vtls/sectransp.c:2187:18: warning: 'SSLCopyPeerTrust' is deprecated: first deprecated in macOS 10.15 - No longer supported. Use Network.framework. [-Wdeprecated-declarations]
 2187 |   OSStatus ret = SSLCopyPeerTrust(ctx, &trust);
      |                  ^
/Library/Developer/CommandLineTools/SDKs/MacOSX.sdk/System/Library/Frameworks/Security.framework/Headers/SecureTransport.h:1261:1: note: 'SSLCopyPeerTrust' has been explicitly marked deprecated here
 1261 | SSLCopyPeerTrust                        (SSLContextRef          context,
      | ^
/Users/sanilawijesekara/Documents/gsoc/Root/root-GSOC/root-build/builtins/davix/DAVIX-prefix/src/DAVIX/deps/curl/lib/vtls/sectransp.c:2215:9: warning: 'SecTrustEvaluate' is deprecated: first deprecated in macOS 10.15 [-Wdeprecated-declarations]
 2215 |   ret = SecTrustEvaluate(trust, &trust_eval);
      |         ^~~~~~~~~~~~~~~~
      |         SecTrustEvaluateWithError
/Library/Developer/CommandLineTools/SDKs/MacOSX.sdk/System/Library/Frameworks/Security.framework/Headers/SecTrust.h:377:10: note: 'SecTrustEvaluate' has been explicitly marked deprecated here
  377 | OSStatus SecTrustEvaluate(SecTrustRef trust, SecTrustResultType *result)
      |          ^
/Users/sanilawijesekara/Documents/gsoc/Root/root-GSOC/root-build/builtins/davix/DAVIX-prefix/src/DAVIX/deps/curl/lib/vtls/sectransp.c:2260:20: warning: 'SSLCopyPeerTrust' is deprecated: first deprecated in macOS 10.15 - No longer supported. Use Network.framework. [-Wdeprecated-declarations]
 2260 |     OSStatus ret = SSLCopyPeerTrust(ctx, &trust);
      |                    ^
/Library/Developer/CommandLineTools/SDKs/MacOSX.sdk/System/Library/Frameworks/Security.framework/Headers/SecureTransport.h:1261:1: note: 'SSLCopyPeerTrust' has been explicitly marked deprecated here
 1261 | SSLCopyPeerTrust                        (SSLContextRef          context,
      | ^
/Users/sanilawijesekara/Documents/gsoc/Root/root-GSOC/root-build/builtins/davix/DAVIX-prefix/src/DAVIX/deps/curl/lib/vtls/sectransp.c:2264:24: warning: 'SecTrustCopyPublicKey' is deprecated: first deprecated in macOS 11.0 [-Wdeprecated-declarations]
 2264 |     SecKeyRef keyRef = SecTrustCopyPublicKey(trust);
      |                        ^~~~~~~~~~~~~~~~~~~~~
      |                        SecTrustCopyKey
/Library/Developer/CommandLineTools/SDKs/MacOSX.sdk/System/Library/Frameworks/Security.framework/Headers/SecTrust.h:489:11: note: 'SecTrustCopyPublicKey' has been explicitly marked deprecated here
  489 | SecKeyRef SecTrustCopyPublicKey(SecTrustRef trust)
      |           ^
/Users/sanilawijesekara/Documents/gsoc/Root/root-GSOC/root-build/builtins/davix/DAVIX-prefix/src/DAVIX/deps/curl/lib/vtls/sectransp.c:2360:9: warning: 'SSLHandshake' is deprecated: first deprecated in macOS 10.15 - No longer supported. Use Network.framework. [-Wdeprecated-declarations]
 2360 |   err = SSLHandshake(BACKEND->ssl_ctx);
      |         ^
/Library/Developer/CommandLineTools/SDKs/MacOSX.sdk/System/Library/Frameworks/Security.framework/Headers/SecureTransport.h:1641:1: note: 'SSLHandshake' has been explicitly marked deprecated here
 1641 | SSLHandshake                            (SSLContextRef          context)
      | ^
/Users/sanilawijesekara/Documents/gsoc/Root/root-GSOC/root-build/builtins/davix/DAVIX-prefix/src/DAVIX/deps/curl/lib/vtls/sectransp.c:2593:11: warning: 'SSLGetNegotiatedCipher' is deprecated: first deprecated in macOS 10.15 - No longer supported. Use Network.framework. [-Wdeprecated-declarations]
 2593 |     (void)SSLGetNegotiatedCipher(BACKEND->ssl_ctx, &cipher);
      |           ^
/Library/Developer/CommandLineTools/SDKs/MacOSX.sdk/System/Library/Frameworks/Security.framework/Headers/SecureTransport.h:1314:1: note: 'SSLGetNegotiatedCipher' has been explicitly marked deprecated here
 1314 | SSLGetNegotiatedCipher          (SSLContextRef          context,
      | ^
/Users/sanilawijesekara/Documents/gsoc/Root/root-GSOC/root-build/builtins/davix/DAVIX-prefix/src/DAVIX/deps/curl/lib/vtls/sectransp.c:2594:11: warning: 'SSLGetNegotiatedProtocolVersion' is deprecated: first deprecated in macOS 10.15 - No longer supported. Use Network.framework. [-Wdeprecated-declarations]
 2594 |     (void)SSLGetNegotiatedProtocolVersion(BACKEND->ssl_ctx, &protocol);
      |           ^
/Library/Developer/CommandLineTools/SDKs/MacOSX.sdk/System/Library/Frameworks/Security.framework/Headers/SecureTransport.h:803:1: note: 'SSLGetNegotiatedProtocolVersion' has been explicitly marked deprecated here
  803 | SSLGetNegotiatedProtocolVersion         (SSLContextRef          context,
      | ^
/Users/sanilawijesekara/Documents/gsoc/Root/root-GSOC/root-build/builtins/davix/DAVIX-prefix/src/DAVIX/deps/curl/lib/vtls/sectransp.c:2596:12: warning: 'kSSLProtocol2' is deprecated: first deprecated in macOS 10.15 [-Wdeprecated-declarations]
 2596 |       case kSSLProtocol2:
      |            ^
/Library/Developer/CommandLineTools/SDKs/MacOSX.sdk/System/Library/Frameworks/Security.framework/Headers/SecProtocolTypes.h:164:5: note: 'kSSLProtocol2' has been explicitly marked deprecated here
  164 |     kSSLProtocol2 CF_ENUM_DEPRECATED(10_2, 10_15, 5_0, 13_0) = 1,
      |     ^
/Users/sanilawijesekara/Documents/gsoc/Root/root-GSOC/root-build/builtins/davix/DAVIX-prefix/src/DAVIX/deps/curl/lib/vtls/sectransp.c:2600:12: warning: 'kSSLProtocol3' is deprecated: first deprecated in macOS 10.15 [-Wdeprecated-declarations]
 2600 |       case kSSLProtocol3:
      |            ^
/Library/Developer/CommandLineTools/SDKs/MacOSX.sdk/System/Library/Frameworks/Security.framework/Headers/SecProtocolTypes.h:165:5: note: 'kSSLProtocol3' has been explicitly marked deprecated here
  165 |     kSSLProtocol3 CF_ENUM_DEPRECATED(10_2, 10_15, 5_0, 13_0) = 2,
      |     ^
/Users/sanilawijesekara/Documents/gsoc/Root/root-GSOC/root-build/builtins/davix/DAVIX-prefix/src/DAVIX/deps/curl/lib/vtls/sectransp.c:2604:12: warning: 'kTLSProtocol1' is deprecated: first deprecated in macOS 10.15 [-Wdeprecated-declarations]
 2604 |       case kTLSProtocol1:
      |            ^
/Library/Developer/CommandLineTools/SDKs/MacOSX.sdk/System/Library/Frameworks/Security.framework/Headers/SecProtocolTypes.h:157:5: note: 'kTLSProtocol1' has been explicitly marked deprecated here
  157 |     kTLSProtocol1 CF_ENUM_DEPRECATED(10_2, 10_15, 5_0, 13_0) = 4,
      |     ^
/Users/sanilawijesekara/Documents/gsoc/Root/root-GSOC/root-build/builtins/davix/DAVIX-prefix/src/DAVIX/deps/curl/lib/vtls/sectransp.c:2609:12: warning: 'kTLSProtocol11' is deprecated: first deprecated in macOS 10.15 [-Wdeprecated-declarations]
 2609 |       case kTLSProtocol11:
      |            ^
/Library/Developer/CommandLineTools/SDKs/MacOSX.sdk/System/Library/Frameworks/Security.framework/Headers/SecProtocolTypes.h:158:5: note: 'kTLSProtocol11' has been explicitly marked deprecated here
  158 |     kTLSProtocol11 CF_ENUM_DEPRECATED(10_2, 10_15, 5_0, 13_0) = 7,
      |     ^
/Users/sanilawijesekara/Documents/gsoc/Root/root-GSOC/root-build/builtins/davix/DAVIX-prefix/src/DAVIX/deps/curl/lib/vtls/sectransp.c:2613:12: warning: 'kTLSProtocol12' is deprecated: first deprecated in macOS 10.15 [-Wdeprecated-declarations]
 2613 |       case kTLSProtocol12:
      |            ^
/Library/Developer/CommandLineTools/SDKs/MacOSX.sdk/System/Library/Frameworks/Security.framework/Headers/SecProtocolTypes.h:159:5: note: 'kTLSProtocol12' has been explicitly marked deprecated here
  159 |     kTLSProtocol12 CF_ENUM_DEPRECATED(10_2, 10_15, 5_0, 13_0) = 8,
      |     ^
/Users/sanilawijesekara/Documents/gsoc/Root/root-GSOC/root-build/builtins/davix/DAVIX-prefix/src/DAVIX/deps/curl/lib/vtls/sectransp.c:2619:12: warning: 'kTLSProtocol13' is deprecated: first deprecated in macOS 10.15 [-Wdeprecated-declarations]
 2619 |       case kTLSProtocol13:
      |            ^
/Library/Developer/CommandLineTools/SDKs/MacOSX.sdk/System/Library/Frameworks/Security.framework/Headers/SecProtocolTypes.h:161:5: note: 'kTLSProtocol13' has been explicitly marked deprecated here
  161 |     kTLSProtocol13 CF_ENUM_DEPRECATED(10_2, 10_15, 5_0, 13_0) = 10,
      |     ^
/Users/sanilawijesekara/Documents/gsoc/Root/root-GSOC/root-build/builtins/davix/DAVIX-prefix/src/DAVIX/deps/curl/lib/vtls/sectransp.c:2634:15: warning: 'SSLCopyALPNProtocols' is deprecated: first deprecated in macOS 10.15 - No longer supported. Use Network.framework. [-Wdeprecated-declarations]
 2634 |         err = SSLCopyALPNProtocols(BACKEND->ssl_ctx, &alpnArr);
      |               ^
/Library/Developer/CommandLineTools/SDKs/MacOSX.sdk/System/Library/Frameworks/Security.framework/Headers/SecureTransport.h:1354:1: note: 'SSLCopyALPNProtocols' has been explicitly marked deprecated here
 1354 | SSLCopyALPNProtocols        (SSLContextRef      context,
      | ^
/Users/sanilawijesekara/Documents/gsoc/Root/root-GSOC/root-build/builtins/davix/DAVIX-prefix/src/DAVIX/deps/curl/lib/vtls/sectransp.c:2713:6: warning: 'SecTrustEvaluateAsync' is deprecated: first deprecated in macOS 10.15 [-Wdeprecated-declarations]
 2713 |   if(SecTrustEvaluateAsync != NULL) {
      |      ^~~~~~~~~~~~~~~~~~~~~
      |      SecTrustEvaluateAsyncWithError
/Library/Developer/CommandLineTools/SDKs/MacOSX.sdk/System/Library/Frameworks/Security.framework/Headers/SecTrust.h:395:10: note: 'SecTrustEvaluateAsync' has been explicitly marked deprecated here
  395 | OSStatus SecTrustEvaluateAsync(SecTrustRef trust,
      |          ^
/Users/sanilawijesekara/Documents/gsoc/Root/root-GSOC/root-build/builtins/davix/DAVIX-prefix/src/DAVIX/deps/curl/lib/vtls/sectransp.c:2715:11: warning: 'SSLCopyPeerTrust' is deprecated: first deprecated in macOS 10.15 - No longer supported. Use Network.framework. [-Wdeprecated-declarations]
 2715 |     err = SSLCopyPeerTrust(BACKEND->ssl_ctx, &trust);
      |           ^
/Library/Developer/CommandLineTools/SDKs/MacOSX.sdk/System/Library/Frameworks/Security.framework/Headers/SecureTransport.h:1261:1: note: 'SSLCopyPeerTrust' has been explicitly marked deprecated here
 1261 | SSLCopyPeerTrust                        (SSLContextRef          context,
      | ^
/Users/sanilawijesekara/Documents/gsoc/Root/root-GSOC/root-build/builtins/davix/DAVIX-prefix/src/DAVIX/deps/curl/lib/vtls/sectransp.c:2723:23: warning: 'SecTrustGetCertificateAtIndex' is deprecated: first deprecated in macOS 12.0 [-Wdeprecated-declarations]
 2723 |         server_cert = SecTrustGetCertificateAtIndex(trust, i);
      |                       ^~~~~~~~~~~~~~~~~~~~~~~~~~~~~
      |                       SecTrustCopyCertificateChain
/Library/Developer/CommandLineTools/SDKs/MacOSX.sdk/System/Library/Frameworks/Security.framework/Headers/SecTrust.h:536:19: note: 'SecTrustGetCertificateAtIndex' has been explicitly marked deprecated here
  536 | SecCertificateRef SecTrustGetCertificateAtIndex(SecTrustRef trust, CFIndex ix)
      |                   ^
/Users/sanilawijesekara/Documents/gsoc/Root/root-GSOC/root-build/builtins/davix/DAVIX-prefix/src/DAVIX/deps/curl/lib/vtls/sectransp.c:2938:11: warning: 'SSLClose' is deprecated: first deprecated in macOS 10.15 - No longer supported. Use Network.framework. [-Wdeprecated-declarations]
 2938 |     (void)SSLClose(BACKEND->ssl_ctx);
      |           ^
/Library/Developer/CommandLineTools/SDKs/MacOSX.sdk/System/Library/Frameworks/Security.framework/Headers/SecureTransport.h:1731:1: note: 'SSLClose' has been explicitly marked deprecated here
 1731 | SSLClose                                        (SSLContextRef          context)
      | ^
/Users/sanilawijesekara/Documents/gsoc/Root/root-GSOC/root-build/builtins/davix/DAVIX-prefix/src/DAVIX/deps/curl/lib/vtls/sectransp.c:2940:8: warning: 'SSLCreateContext' is deprecated: first deprecated in macOS 10.15 - No longer supported. Use Network.framework. [-Wdeprecated-declarations]
 2940 |     if(SSLCreateContext != NULL)
      |        ^
/Library/Developer/CommandLineTools/SDKs/MacOSX.sdk/System/Library/Frameworks/Security.framework/Headers/SecureTransport.h:316:1: note: 'SSLCreateContext' has been explicitly marked deprecated here
  316 | SSLCreateContext(CFAllocatorRef __nullable alloc, SSLProtocolSide protocolSide, SSLConnectionType connectionType)
      | ^
/Users/sanilawijesekara/Documents/gsoc/Root/root-GSOC/root-build/builtins/davix/DAVIX-prefix/src/DAVIX/deps/curl/lib/vtls/sectransp.c:3040:11: warning: 'SSLGetSessionState' is deprecated: first deprecated in macOS 10.15 - No longer supported. Use Network.framework. [-Wdeprecated-declarations]
 3040 |     err = SSLGetSessionState(BACKEND->ssl_ctx, &state);
      |           ^
/Library/Developer/CommandLineTools/SDKs/MacOSX.sdk/System/Library/Frameworks/Security.framework/Headers/SecureTransport.h:370:1: note: 'SSLGetSessionState' has been explicitly marked deprecated here
  370 | SSLGetSessionState                      (SSLContextRef          context,
      | ^
/Users/sanilawijesekara/Documents/gsoc/Root/root-GSOC/root-build/builtins/davix/DAVIX-prefix/src/DAVIX/deps/curl/lib/vtls/sectransp.c:3042:23: warning: 'kSSLConnected' is deprecated: first deprecated in macOS 10.15 [-Wdeprecated-declarations]
 3042 |       return state == kSSLConnected || state == kSSLHandshake;
      |                       ^
/Library/Developer/CommandLineTools/SDKs/MacOSX.sdk/System/Library/Frameworks/Security.framework/Headers/SecureTransport.h:152:2: note: 'kSSLConnected' has been explicitly marked deprecated here
  152 |         kSSLConnected CF_ENUM_DEPRECATED(10_2, 10_15, 2_0, 13_0),       /* Handshake complete, ready for normal I/O */
      |         ^
/Users/sanilawijesekara/Documents/gsoc/Root/root-GSOC/root-build/builtins/davix/DAVIX-prefix/src/DAVIX/deps/curl/lib/vtls/sectransp.c:3042:49: warning: 'kSSLHandshake' is deprecated: first deprecated in macOS 10.15 [-Wdeprecated-declarations]
 3042 |       return state == kSSLConnected || state == kSSLHandshake;
      |                                                 ^
/Library/Developer/CommandLineTools/SDKs/MacOSX.sdk/System/Library/Frameworks/Security.framework/Headers/SecureTransport.h:151:2: note: 'kSSLHandshake' has been explicitly marked deprecated here
  151 |         kSSLHandshake CF_ENUM_DEPRECATED(10_2, 10_15, 2_0, 13_0),       /* SSL handshake in progress */
      |         ^
/Users/sanilawijesekara/Documents/gsoc/Root/root-GSOC/root-build/builtins/davix/DAVIX-prefix/src/DAVIX/deps/curl/lib/vtls/sectransp.c:3056:11: warning: 'SSLGetBufferedReadSize' is deprecated: first deprecated in macOS 10.15 - No longer supported. Use Network.framework. [-Wdeprecated-declarations]
 3056 |     err = SSLGetBufferedReadSize(BACKEND->ssl_ctx, &buffer);
      |           ^
/Library/Developer/CommandLineTools/SDKs/MacOSX.sdk/System/Library/Frameworks/Security.framework/Headers/SecureTransport.h:1705:1: note: 'SSLGetBufferedReadSize' has been explicitly marked deprecated here
 1705 | SSLGetBufferedReadSize          (SSLContextRef context,
      | ^
/Users/sanilawijesekara/Documents/gsoc/Root/root-GSOC/root-build/builtins/davix/DAVIX-prefix/src/DAVIX/deps/curl/lib/vtls/sectransp.c:3091:9: warning: 'CC_MD5' is deprecated: first deprecated in macOS 10.15 - This function is cryptographically broken and should not be used in security contexts. Clients should migrate to SHA256 (or stronger). [-Wdeprecated-declarations]
 3091 |   (void)CC_MD5(tmp, (CC_LONG)tmplen, md5sum);
      |         ^
/Library/Developer/CommandLineTools/SDKs/MacOSX.sdk/usr/include/CommonCrypto/CommonDigest.h:142:23: note: 'CC_MD5' has been explicitly marked deprecated here
  142 | extern unsigned char *CC_MD5(const void *data, CC_LONG len, unsigned char *md)
      |                       ^
/Users/sanilawijesekara/Documents/gsoc/Root/root-GSOC/root-build/builtins/davix/DAVIX-prefix/src/DAVIX/deps/curl/lib/vtls/sectransp.c:3108:6: warning: 'SSLSetSessionOption' is deprecated: first deprecated in macOS 10.15 - No longer supported. Use Network.framework. [-Wdeprecated-declarations]
 3108 |   if(SSLSetSessionOption != NULL)
      |      ^
/Library/Developer/CommandLineTools/SDKs/MacOSX.sdk/System/Library/Frameworks/Security.framework/Headers/SecureTransport.h:384:1: note: 'SSLSetSessionOption' has been explicitly marked deprecated here
  384 | SSLSetSessionOption                     (SSLContextRef          context,
      | ^
/Users/sanilawijesekara/Documents/gsoc/Root/root-GSOC/root-build/builtins/davix/DAVIX-prefix/src/DAVIX/deps/curl/lib/vtls/sectransp.c:3142:11: warning: 'SSLWrite' is deprecated: first deprecated in macOS 10.15 - No longer supported. Use Network.framework. [-Wdeprecated-declarations]
 3142 |     err = SSLWrite(BACKEND->ssl_ctx, NULL, 0UL, &processed);
      |           ^
/Library/Developer/CommandLineTools/SDKs/MacOSX.sdk/System/Library/Frameworks/Security.framework/Headers/SecureTransport.h:1670:1: note: 'SSLWrite' has been explicitly marked deprecated here
 1670 | SSLWrite                                        (SSLContextRef          context,
      | ^
/Users/sanilawijesekara/Documents/gsoc/Root/root-GSOC/root-build/builtins/davix/DAVIX-prefix/src/DAVIX/deps/curl/lib/vtls/sectransp.c:3161:11: warning: 'SSLWrite' is deprecated: first deprecated in macOS 10.15 - No longer supported. Use Network.framework. [-Wdeprecated-declarations]
 3161 |     err = SSLWrite(BACKEND->ssl_ctx, mem, len, &processed);
      |           ^
/Library/Developer/CommandLineTools/SDKs/MacOSX.sdk/System/Library/Frameworks/Security.framework/Headers/SecureTransport.h:1670:1: note: 'SSLWrite' has been explicitly marked deprecated here
 1670 | SSLWrite                                        (SSLContextRef          context,
      | ^
/Users/sanilawijesekara/Documents/gsoc/Root/root-GSOC/root-build/builtins/davix/DAVIX-prefix/src/DAVIX/deps/curl/lib/vtls/sectransp.c:3192:9: warning: 'SSLRead' is deprecated: first deprecated in macOS 10.15 - No longer supported. Use Network.framework. [-Wdeprecated-declarations]
 3192 |   err = SSLRead(BACKEND->ssl_ctx, buf, buffersize, &processed);
      |         ^
/Library/Developer/CommandLineTools/SDKs/MacOSX.sdk/System/Library/Frameworks/Security.framework/Headers/SecureTransport.h:1689:1: note: 'SSLRead' has been explicitly marked deprecated here
 1689 | SSLRead                                         (SSLContextRef          context,
      | ^
75 warnings generated.
In file included from /Users/sanilawijesekara/Documents/gsoc/Root/root-GSOC/root-build/builtins/davix/DAVIX-prefix/src/DAVIX/src/backend/StandaloneNeonRequest.cpp:22:
/Users/sanilawijesekara/Documents/gsoc/Root/root-GSOC/root-build/builtins/davix/DAVIX-prefix/src/DAVIX/src/backend/StandaloneNeonRequest.hpp:142:8: warning: private field '_reuse_session' is not used [-Wunused-private-field]
  142 |   bool _reuse_session;
      |        ^
1 warning generated.
/Users/sanilawijesekara/Documents/gsoc/Root/root-GSOC/root-build/builtins/davix/DAVIX-prefix/src/DAVIX/src/curl/CurlSession.cpp:31:23: warning: unused variable 'curl_once' [-Wunused-variable]
   31 | static std::once_flag curl_once;
      |                       ^~~~~~~~~
In file included from /Users/sanilawijesekara/Documents/gsoc/Root/root-GSOC/root-build/builtins/davix/DAVIX-prefix/src/DAVIX/src/curl/CurlSession.cpp:22:
/Users/sanilawijesekara/Documents/gsoc/Root/root-GSOC/root-build/builtins/davix/DAVIX-prefix/src/DAVIX/src/curl/CurlSession.hpp:80:23: warning: private field '_factory' is not used [-Wunused-private-field]
   80 |   CurlSessionFactory &_factory;
      |                       ^
2 warnings generated.
In file included from /Users/sanilawijesekara/Documents/gsoc/Root/root-GSOC/root-build/builtins/davix/DAVIX-prefix/src/DAVIX/src/curl/StandaloneCurlRequest.cpp:22:
/Users/sanilawijesekara/Documents/gsoc/Root/root-GSOC/root-build/builtins/davix/DAVIX-prefix/src/DAVIX/src/curl/StandaloneCurlRequest.hpp:127:8: warning: private field '_reuse_session' is not used [-Wunused-private-field]
  127 |   bool _reuse_session;
      |        ^
1 warning generated.
In file included from /Users/sanilawijesekara/Documents/gsoc/Root/root-GSOC/root-build/builtins/davix/DAVIX-prefix/src/DAVIX/src/fileops/AzureIO.cpp:22:
/Users/sanilawijesekara/Documents/gsoc/Root/root-GSOC/root-build/builtins/davix/DAVIX-prefix/src/DAVIX/src/fileops/AzureIO.hpp:39:8: warning: 'Davix::AzureIO::commitChunks' hides overloaded virtual function [-Woverloaded-virtual]
   39 |   void commitChunks(IOChainContext & iocontext, const std::vector<std::string> &blocklist);
      |        ^
/Users/sanilawijesekara/Documents/gsoc/Root/root-GSOC/root-build/builtins/davix/DAVIX-prefix/src/DAVIX/src/fileops/httpiochain.hpp:177:18: note: hidden overloaded virtual function 'Davix::HttpIOChain::commitChunks' declared here: different number of parameters (3 vs 2)
  177 |     virtual bool commitChunks(IOChainContext& iocontext,
      |                  ^
1 warning generated.
In file included from /Users/sanilawijesekara/Documents/gsoc/Root/root-GSOC/root-build/builtins/davix/DAVIX-prefix/src/DAVIX/src/fileops/chain_factory.cpp:28:
/Users/sanilawijesekara/Documents/gsoc/Root/root-GSOC/root-build/builtins/davix/DAVIX-prefix/src/DAVIX/src/fileops/AzureIO.hpp:39:8: warning: 'Davix::AzureIO::commitChunks' hides overloaded virtual function [-Woverloaded-virtual]
   39 |   void commitChunks(IOChainContext & iocontext, const std::vector<std::string> &blocklist);
      |        ^
/Users/sanilawijesekara/Documents/gsoc/Root/root-GSOC/root-build/builtins/davix/DAVIX-prefix/src/DAVIX/src/fileops/httpiochain.hpp:177:18: note: hidden overloaded virtual function 'Davix::HttpIOChain::commitChunks' declared here: different number of parameters (3 vs 2)
  177 |     virtual bool commitChunks(IOChainContext& iocontext,
      |                  ^
In file included from /Users/sanilawijesekara/Documents/gsoc/Root/root-GSOC/root-build/builtins/davix/DAVIX-prefix/src/DAVIX/src/fileops/chain_factory.cpp:29:
/Users/sanilawijesekara/Documents/gsoc/Root/root-GSOC/root-build/builtins/davix/DAVIX-prefix/src/DAVIX/src/fileops/S3IO.hpp:40:23: warning: 'writeFromProvider' overrides a member function but is not marked 'override' [-Winconsistent-missing-override]
   40 |   virtual dav_ssize_t writeFromProvider(IOChainContext & iocontext, ContentProvider &provider);
      |                       ^
/Users/sanilawijesekara/Documents/gsoc/Root/root-GSOC/root-build/builtins/davix/DAVIX-prefix/src/DAVIX/src/fileops/httpiochain.hpp:161:25: note: overridden virtual function is here
  161 |     virtual dav_ssize_t writeFromProvider(IOChainContext & iocontext, ContentProvider &provider);
      |                         ^
In file included from /Users/sanilawijesekara/Documents/gsoc/Root/root-GSOC/root-build/builtins/davix/DAVIX-prefix/src/DAVIX/src/fileops/chain_factory.cpp:30:
/Users/sanilawijesekara/Documents/gsoc/Root/root-GSOC/root-build/builtins/davix/DAVIX-prefix/src/DAVIX/src/fileops/SwiftIO.hpp:47:10: warning: 'Davix::SwiftIO::commitChunks' hides overloaded virtual function [-Woverloaded-virtual]
   47 |     void commitChunks(IOChainContext & iocontext, const std::vector<Prop> &props);
      |          ^
/Users/sanilawijesekara/Documents/gsoc/Root/root-GSOC/root-build/builtins/davix/DAVIX-prefix/src/DAVIX/src/fileops/httpiochain.hpp:177:18: note: hidden overloaded virtual function 'Davix::HttpIOChain::commitChunks' declared here: different number of parameters (3 vs 2)
  177 |     virtual bool commitChunks(IOChainContext& iocontext,
      |                  ^
3 warnings generated.
/Users/sanilawijesekara/Documents/gsoc/Root/root-GSOC/root-build/builtins/davix/DAVIX-prefix/src/DAVIX/src/fileops/davmeta.cpp:197:17: warning: variable length arrays in C++ are a Clang extension [-Wvla-cxx-extension]
  197 |     char buffer[s_buff+1];
      |                 ^~~~~~~~
/Users/sanilawijesekara/Documents/gsoc/Root/root-GSOC/root-build/builtins/davix/DAVIX-prefix/src/DAVIX/src/fileops/davmeta.cpp:197:17: note: function parameter 's_buff' with unknown value cannot be used in a constant expression
/Users/sanilawijesekara/Documents/gsoc/Root/root-GSOC/root-build/builtins/davix/DAVIX-prefix/src/DAVIX/src/fileops/davmeta.cpp:194:94: note: declared here
  194 | dav_ssize_t incremental_listdir_parsing(HttpRequest* req, XMLPropParser * parser, dav_size_t s_buff, const std::string & scope){
      |                                                                                              ^
1 warning generated.
/Users/sanilawijesekara/Documents/gsoc/Root/root-GSOC/root-build/builtins/davix/DAVIX-prefix/src/DAVIX/src/fileops/httpiovec.cpp:309:23: warning: variable length arrays in C++ are a Clang extension [-Wvla-cxx-extension]
  309 |     pthread_t threads[num_threads];
      |                       ^~~~~~~~~~~
/Users/sanilawijesekara/Documents/gsoc/Root/root-GSOC/root-build/builtins/davix/DAVIX-prefix/src/DAVIX/src/fileops/httpiovec.cpp:309:23: note: read of non-const variable 'num_threads' is not allowed in a constant expression
/Users/sanilawijesekara/Documents/gsoc/Root/root-GSOC/root-build/builtins/davix/DAVIX-prefix/src/DAVIX/src/fileops/httpiovec.cpp:303:10: note: declared here
  303 |     uint num_threads = nconnections;
      |          ^
/Users/sanilawijesekara/Documents/gsoc/Root/root-GSOC/root-build/builtins/davix/DAVIX-prefix/src/DAVIX/src/fileops/httpiovec.cpp:310:17: warning: variable length arrays in C++ are a Clang extension [-Wvla-cxx-extension]
  310 |     thdata data[num_threads];
      |                 ^~~~~~~~~~~
/Users/sanilawijesekara/Documents/gsoc/Root/root-GSOC/root-build/builtins/davix/DAVIX-prefix/src/DAVIX/src/fileops/httpiovec.cpp:310:17: note: read of non-const variable 'num_threads' is not allowed in a constant expression
/Users/sanilawijesekara/Documents/gsoc/Root/root-GSOC/root-build/builtins/davix/DAVIX-prefix/src/DAVIX/src/fileops/httpiovec.cpp:303:10: note: declared here
  303 |     uint num_threads = nconnections;
      |          ^
2 warnings generated.
In file included from /Users/sanilawijesekara/Documents/gsoc/Root/root-GSOC/root-build/builtins/davix/DAVIX-prefix/src/DAVIX/src/fileops/S3IO.cpp:22:
/Users/sanilawijesekara/Documents/gsoc/Root/root-GSOC/root-build/builtins/davix/DAVIX-prefix/src/DAVIX/src/fileops/S3IO.hpp:40:23: warning: 'writeFromProvider' overrides a member function but is not marked 'override' [-Winconsistent-missing-override]
   40 |   virtual dav_ssize_t writeFromProvider(IOChainContext & iocontext, ContentProvider &provider);
      |                       ^
/Users/sanilawijesekara/Documents/gsoc/Root/root-GSOC/root-build/builtins/davix/DAVIX-prefix/src/DAVIX/src/fileops/httpiochain.hpp:161:25: note: overridden virtual function is here
  161 |     virtual dav_ssize_t writeFromProvider(IOChainContext & iocontext, ContentProvider &provider);
      |                         ^
1 warning generated.
In file included from /Users/sanilawijesekara/Documents/gsoc/Root/root-GSOC/root-build/builtins/davix/DAVIX-prefix/src/DAVIX/src/fileops/SwiftIO.cpp:22:
/Users/sanilawijesekara/Documents/gsoc/Root/root-GSOC/root-build/builtins/davix/DAVIX-prefix/src/DAVIX/src/fileops/SwiftIO.hpp:47:10: warning: 'Davix::SwiftIO::commitChunks' hides overloaded virtual function [-Woverloaded-virtual]
   47 |     void commitChunks(IOChainContext & iocontext, const std::vector<Prop> &props);
      |          ^
/Users/sanilawijesekara/Documents/gsoc/Root/root-GSOC/root-build/builtins/davix/DAVIX-prefix/src/DAVIX/src/fileops/httpiochain.hpp:177:18: note: hidden overloaded virtual function 'Davix::HttpIOChain::commitChunks' declared here: different number of parameters (3 vs 2)
  177 |     virtual bool commitChunks(IOChainContext& iocontext,
      |                  ^
1 warning generated.
/Users/sanilawijesekara/Documents/gsoc/Root/root-GSOC/root-build/builtins/davix/DAVIX-prefix/src/DAVIX/src/libs/alibxx/crypto/hmacsha.cpp:69:5: warning: 'SHA256_Init' is deprecated [-Wdeprecated-declarations]
   69 |     SHA256_Init(&sha256);
      |     ^
/opt/homebrew/include/openssl/sha.h:73:1: note: 'SHA256_Init' has been explicitly marked deprecated here
   73 | OSSL_DEPRECATEDIN_3_0 int SHA256_Init(SHA256_CTX *c);
      | ^
/opt/homebrew/include/openssl/macros.h:228:31: note: expanded from macro 'OSSL_DEPRECATEDIN_3_0'
  228 | #define OSSL_DEPRECATEDIN_3_0 OSSL_DEPRECATED(3.0)
      |                               ^
/opt/homebrew/include/openssl/macros.h:61:47: note: expanded from macro 'OSSL_DEPRECATED'
   61 | #define OSSL_DEPRECATED(since) __attribute__((deprecated))
      |                                               ^
/Users/sanilawijesekara/Documents/gsoc/Root/root-GSOC/root-build/builtins/davix/DAVIX-prefix/src/DAVIX/src/libs/alibxx/crypto/hmacsha.cpp:70:5: warning: 'SHA256_Update' is deprecated [-Wdeprecated-declarations]
   70 |     SHA256_Update(&sha256, input.c_str(), input.size());
      |     ^
/opt/homebrew/include/openssl/sha.h:74:1: note: 'SHA256_Update' has been explicitly marked deprecated here
   74 | OSSL_DEPRECATEDIN_3_0 int SHA256_Update(SHA256_CTX *c,
      | ^
/opt/homebrew/include/openssl/macros.h:228:31: note: expanded from macro 'OSSL_DEPRECATEDIN_3_0'
  228 | #define OSSL_DEPRECATEDIN_3_0 OSSL_DEPRECATED(3.0)
      |                               ^
/opt/homebrew/include/openssl/macros.h:61:47: note: expanded from macro 'OSSL_DEPRECATED'
   61 | #define OSSL_DEPRECATED(since) __attribute__((deprecated))
      |                                               ^
/Users/sanilawijesekara/Documents/gsoc/Root/root-GSOC/root-build/builtins/davix/DAVIX-prefix/src/DAVIX/src/libs/alibxx/crypto/hmacsha.cpp:71:5: warning: 'SHA256_Final' is deprecated [-Wdeprecated-declarations]
   71 |     SHA256_Final(hash, &sha256);
      |     ^
/opt/homebrew/include/openssl/sha.h:76:1: note: 'SHA256_Final' has been explicitly marked deprecated here
   76 | OSSL_DEPRECATEDIN_3_0 int SHA256_Final(unsigned char *md, SHA256_CTX *c);
      | ^
/opt/homebrew/include/openssl/macros.h:228:31: note: expanded from macro 'OSSL_DEPRECATEDIN_3_0'
  228 | #define OSSL_DEPRECATEDIN_3_0 OSSL_DEPRECATED(3.0)
      |                               ^
/opt/homebrew/include/openssl/macros.h:61:47: note: expanded from macro 'OSSL_DEPRECATED'
   61 | #define OSSL_DEPRECATED(since) __attribute__((deprecated))
      |                                               ^
/Users/sanilawijesekara/Documents/gsoc/Root/root-GSOC/root-build/builtins/davix/DAVIX-prefix/src/DAVIX/src/libs/alibxx/crypto/hmacsha.cpp:90:16: warning: 'EVP_PKEY_get1_RSA' is deprecated [-Wdeprecated-declarations]
   90 |     RSA *rsa = EVP_PKEY_get1_RSA(private_key);
      |                ^
/opt/homebrew/include/openssl/evp.h:1406:1: note: 'EVP_PKEY_get1_RSA' has been explicitly marked deprecated here
 1406 | OSSL_DEPRECATEDIN_3_0
      | ^
/opt/homebrew/include/openssl/macros.h:228:31: note: expanded from macro 'OSSL_DEPRECATEDIN_3_0'
  228 | #define OSSL_DEPRECATEDIN_3_0 OSSL_DEPRECATED(3.0)
      |                               ^
/opt/homebrew/include/openssl/macros.h:61:47: note: expanded from macro 'OSSL_DEPRECATED'
   61 | #define OSSL_DEPRECATED(since) __attribute__((deprecated))
      |                                               ^
/Users/sanilawijesekara/Documents/gsoc/Root/root-GSOC/root-build/builtins/davix/DAVIX-prefix/src/DAVIX/src/libs/alibxx/crypto/hmacsha.cpp:101:8: warning: 'RSA_sign' is deprecated [-Wdeprecated-declarations]
  101 |     if(RSA_sign(NID_sha256, (const unsigned char*) digest.c_str(), digest.size(), (unsigned char*) retbuff, &siglen, rsa) != 1) {
      |        ^
/opt/homebrew/include/openssl/rsa.h:358:1: note: 'RSA_sign' has been explicitly marked deprecated here
  358 | OSSL_DEPRECATEDIN_3_0 int RSA_sign(int type, const unsigned char *m,
      | ^
/opt/homebrew/include/openssl/macros.h:228:31: note: expanded from macro 'OSSL_DEPRECATEDIN_3_0'
  228 | #define OSSL_DEPRECATEDIN_3_0 OSSL_DEPRECATED(3.0)
      |                               ^
/opt/homebrew/include/openssl/macros.h:61:47: note: expanded from macro 'OSSL_DEPRECATED'
   61 | #define OSSL_DEPRECATED(since) __attribute__((deprecated))
      |                                               ^
/Users/sanilawijesekara/Documents/gsoc/Root/root-GSOC/root-build/builtins/davix/DAVIX-prefix/src/DAVIX/src/libs/alibxx/crypto/hmacsha.cpp:105:5: warning: 'RSA_free' is deprecated [-Wdeprecated-declarations]
  105 |     RSA_free(rsa);
      |     ^
/opt/homebrew/include/openssl/rsa.h:303:1: note: 'RSA_free' has been explicitly marked deprecated here
  303 | OSSL_DEPRECATEDIN_3_0 void RSA_free(RSA *r);
      | ^
/opt/homebrew/include/openssl/macros.h:228:31: note: expanded from macro 'OSSL_DEPRECATEDIN_3_0'
  228 | #define OSSL_DEPRECATEDIN_3_0 OSSL_DEPRECATED(3.0)
      |                               ^
/opt/homebrew/include/openssl/macros.h:61:47: note: expanded from macro 'OSSL_DEPRECATED'
   61 | #define OSSL_DEPRECATED(since) __attribute__((deprecated))
      |                                               ^
6 warnings generated.
In file included from /Users/sanilawijesekara/Documents/gsoc/Root/root-GSOC/root-build/builtins/davix/DAVIX-prefix/src/DAVIX/src/neon/neonrequest.cpp:33:
/Users/sanilawijesekara/Documents/gsoc/Root/root-GSOC/root-build/builtins/davix/DAVIX-prefix/src/DAVIX/src/fileops/AzureIO.hpp:39:8: warning: 'Davix::AzureIO::commitChunks' hides overloaded virtual function [-Woverloaded-virtual]
   39 |   void commitChunks(IOChainContext & iocontext, const std::vector<std::string> &blocklist);
      |        ^
/Users/sanilawijesekara/Documents/gsoc/Root/root-GSOC/root-build/builtins/davix/DAVIX-prefix/src/DAVIX/src/fileops/httpiochain.hpp:177:18: note: hidden overloaded virtual function 'Davix::HttpIOChain::commitChunks' declared here: different number of parameters (3 vs 2)
  177 |     virtual bool commitChunks(IOChainContext& iocontext,
      |                  ^
In file included from /Users/sanilawijesekara/Documents/gsoc/Root/root-GSOC/root-build/builtins/davix/DAVIX-prefix/src/DAVIX/src/neon/neonrequest.cpp:34:
/Users/sanilawijesekara/Documents/gsoc/Root/root-GSOC/root-build/builtins/davix/DAVIX-prefix/src/DAVIX/src/fileops/S3IO.hpp:40:23: warning: 'writeFromProvider' overrides a member function but is not marked 'override' [-Winconsistent-missing-override]
   40 |   virtual dav_ssize_t writeFromProvider(IOChainContext & iocontext, ContentProvider &provider);
      |                       ^
/Users/sanilawijesekara/Documents/gsoc/Root/root-GSOC/root-build/builtins/davix/DAVIX-prefix/src/DAVIX/src/fileops/httpiochain.hpp:161:25: note: overridden virtual function is here
  161 |     virtual dav_ssize_t writeFromProvider(IOChainContext & iocontext, ContentProvider &provider);
      |                         ^
2 warnings generated.
In file included from /Users/sanilawijesekara/Documents/gsoc/Root/root-GSOC/root-build/builtins/davix/DAVIX-prefix/src/DAVIX/src/utils/CompatibilityHacks.cpp:24:
/Users/sanilawijesekara/Documents/gsoc/Root/root-GSOC/root-build/builtins/davix/DAVIX-prefix/src/DAVIX/src/fileops/AzureIO.hpp:39:8: warning: 'Davix::AzureIO::commitChunks' hides overloaded virtual function [-Woverloaded-virtual]
   39 |   void commitChunks(IOChainContext & iocontext, const std::vector<std::string> &blocklist);
      |        ^
/Users/sanilawijesekara/Documents/gsoc/Root/root-GSOC/root-build/builtins/davix/DAVIX-prefix/src/DAVIX/src/fileops/httpiochain.hpp:177:18: note: hidden overloaded virtual function 'Davix::HttpIOChain::commitChunks' declared here: different number of parameters (3 vs 2)
  177 |     virtual bool commitChunks(IOChainContext& iocontext,
      |                  ^
In file included from /Users/sanilawijesekara/Documents/gsoc/Root/root-GSOC/root-build/builtins/davix/DAVIX-prefix/src/DAVIX/src/utils/CompatibilityHacks.cpp:25:
/Users/sanilawijesekara/Documents/gsoc/Root/root-GSOC/root-build/builtins/davix/DAVIX-prefix/src/DAVIX/src/fileops/S3IO.hpp:40:23: warning: 'writeFromProvider' overrides a member function but is not marked 'override' [-Winconsistent-missing-override]
   40 |   virtual dav_ssize_t writeFromProvider(IOChainContext & iocontext, ContentProvider &provider);
      |                       ^
/Users/sanilawijesekara/Documents/gsoc/Root/root-GSOC/root-build/builtins/davix/DAVIX-prefix/src/DAVIX/src/fileops/httpiochain.hpp:161:25: note: overridden virtual function is here
  161 |     virtual dav_ssize_t writeFromProvider(IOChainContext & iocontext, ContentProvider &provider);
      |                         ^
2 warnings generated.
/Users/sanilawijesekara/Documents/gsoc/Root/root-GSOC/root-build/builtins/davix/DAVIX-prefix/src/DAVIX/src/utils/davix_s3_utils.cpp:516:17: warning: variable length arrays in C++ are a Clang extension [-Wvla-cxx-extension]
  516 |     char buffer[nbytes * 2 + 1];
      |                 ^~~~~~~~~~~~~~
/Users/sanilawijesekara/Documents/gsoc/Root/root-GSOC/root-build/builtins/davix/DAVIX-prefix/src/DAVIX/src/utils/davix_s3_utils.cpp:516:17: note: function parameter 'nbytes' with unknown value cannot be used in a constant expression
/Users/sanilawijesekara/Documents/gsoc/Root/root-GSOC/root-build/builtins/davix/DAVIX-prefix/src/DAVIX/src/utils/davix_s3_utils.cpp:515:62: note: declared here
  515 | std::string hexPrinter(const unsigned char* data, dav_size_t nbytes){
      |                                                              ^
/Users/sanilawijesekara/Documents/gsoc/Root/root-GSOC/root-build/builtins/davix/DAVIX-prefix/src/DAVIX/src/utils/davix_s3_utils.cpp:521:9: warning: 'sprintf' is deprecated: This function is provided for compatibility reasons only.  Due to security concerns inherent in the design of sprintf(3), it is highly recommended that you use snprintf(3) instead. [-Wdeprecated-declarations]
  521 |         sprintf(p, "%02x", data[offset]);
      |         ^
/Library/Developer/CommandLineTools/SDKs/MacOSX.sdk/usr/include/_stdio.h:278:1: note: 'sprintf' has been explicitly marked deprecated here
  278 | __deprecated_msg("This function is provided for compatibility reasons only.  Due to security concerns inherent in the design of sprintf(3), it is highly recommended that you use snprintf(3) instead.")
      | ^
/Library/Developer/CommandLineTools/SDKs/MacOSX.sdk/usr/include/sys/cdefs.h:227:48: note: expanded from macro '__deprecated_msg'
  227 |         #define __deprecated_msg(_msg) __attribute__((__deprecated__(_msg)))
      |                                                       ^
/Users/sanilawijesekara/Documents/gsoc/Root/root-GSOC/root-build/builtins/davix/DAVIX-prefix/src/DAVIX/src/utils/davix_s3_utils.cpp:531:5: warning: 'MD5' is deprecated [-Wdeprecated-declarations]
  531 |     MD5((unsigned char*)input.c_str(), input.size(), result_buf);
      |     ^
/opt/homebrew/include/openssl/md5.h:52:1: note: 'MD5' has been explicitly marked deprecated here
   52 | OSSL_DEPRECATEDIN_3_0 unsigned char *MD5(const unsigned char *d, size_t n,
      | ^
/opt/homebrew/include/openssl/macros.h:228:31: note: expanded from macro 'OSSL_DEPRECATEDIN_3_0'
  228 | #define OSSL_DEPRECATEDIN_3_0 OSSL_DEPRECATED(3.0)
      |                               ^
/opt/homebrew/include/openssl/macros.h:61:47: note: expanded from macro 'OSSL_DEPRECATED'
   61 | #define OSSL_DEPRECATED(since) __attribute__((deprecated))
      |                                               ^
/Users/sanilawijesekara/Documents/gsoc/Root/root-GSOC/root-build/builtins/davix/DAVIX-prefix/src/DAVIX/src/utils/davix_s3_utils.cpp:546:5: warning: 'MD5' is deprecated [-Wdeprecated-declarations]
  546 |     MD5((unsigned char*)file_buf, statbuf.st_size, result_buf);
      |     ^
/opt/homebrew/include/openssl/md5.h:52:1: note: 'MD5' has been explicitly marked deprecated here
   52 | OSSL_DEPRECATEDIN_3_0 unsigned char *MD5(const unsigned char *d, size_t n,
      | ^
/opt/homebrew/include/openssl/macros.h:228:31: note: expanded from macro 'OSSL_DEPRECATEDIN_3_0'
  228 | #define OSSL_DEPRECATEDIN_3_0 OSSL_DEPRECATED(3.0)
      |                               ^
/opt/homebrew/include/openssl/macros.h:61:47: note: expanded from macro 'OSSL_DEPRECATED'
   61 | #define OSSL_DEPRECATED(since) __attribute__((deprecated))
      |                                               ^
4 warnings generated.
/Users/sanilawijesekara/Documents/gsoc/Root/root-GSOC/root-build/builtins/davix/DAVIX-prefix/src/DAVIX/src/utils/davixuri.cpp:686:17: warning: variable length arrays in C++ are a Clang extension [-Wvla-cxx-extension]
  686 |     char buffer[str.size() + 1];
      |                 ^~~~~~~~~~~~~~
/Users/sanilawijesekara/Documents/gsoc/Root/root-GSOC/root-build/builtins/davix/DAVIX-prefix/src/DAVIX/src/utils/davixuri.cpp:686:17: note: function parameter 'str' with unknown value cannot be used in a constant expression
/Users/sanilawijesekara/Documents/gsoc/Root/root-GSOC/root-build/builtins/davix/DAVIX-prefix/src/DAVIX/src/utils/davixuri.cpp:681:53: note: declared here
  681 | std::string davix_path_unescape(const std::string & str)
      |                                                     ^
/Users/sanilawijesekara/Documents/gsoc/Root/root-GSOC/root-build/builtins/davix/DAVIX-prefix/src/DAVIX/src/utils/davixuri.cpp:725:17: warning: variable length arrays in C++ are a Clang extension [-Wvla-cxx-extension]
  725 |     char buffer[str.size() + 2 * count + 1];
      |                 ^~~~~~~~~~~~~~~~~~~~~~~~~~
/Users/sanilawijesekara/Documents/gsoc/Root/root-GSOC/root-build/builtins/davix/DAVIX-prefix/src/DAVIX/src/utils/davixuri.cpp:725:17: note: function parameter 'str' with unknown value cannot be used in a constant expression
/Users/sanilawijesekara/Documents/gsoc/Root/root-GSOC/root-build/builtins/davix/DAVIX-prefix/src/DAVIX/src/utils/davixuri.cpp:711:51: note: declared here
  711 | std::string davix_path_escape(const std::string & str, bool escapeSlashes)
      |                                                   ^
/Users/sanilawijesekara/Documents/gsoc/Root/root-GSOC/root-build/builtins/davix/DAVIX-prefix/src/DAVIX/src/utils/davixuri.cpp:730:9: warning: 'sprintf' is deprecated: This function is provided for compatibility reasons only.  Due to security concerns inherent in the design of sprintf(3), it is highly recommended that you use snprintf(3) instead. [-Wdeprecated-declarations]
  730 |         sprintf(p, "%%%02X", (unsigned char) *pnt);
      |         ^
/Library/Developer/CommandLineTools/SDKs/MacOSX.sdk/usr/include/_stdio.h:278:1: note: 'sprintf' has been explicitly marked deprecated here
  278 | __deprecated_msg("This function is provided for compatibility reasons only.  Due to security concerns inherent in the design of sprintf(3), it is highly recommended that you use snprintf(3) instead.")
      | ^
/Library/Developer/CommandLineTools/SDKs/MacOSX.sdk/usr/include/sys/cdefs.h:227:48: note: expanded from macro '__deprecated_msg'
  227 |         #define __deprecated_msg(_msg) __attribute__((__deprecated__(_msg)))
      |                                                       ^
3 warnings generated.
